Component: ARM Compiler 5.06 update 6 (build 750) Tool: armlink [4d35ed]

==============================================================================

Section Cross References

    startup_stm32f427_437xx.o(STACK) refers (Special) to heapauxi.o(.text) for __use_two_region_memory
    startup_stm32f427_437xx.o(HEAP) refers (Special) to heapauxi.o(.text) for __use_two_region_memory
    startup_stm32f427_437xx.o(RESET) refers (Special) to heapauxi.o(.text) for __use_two_region_memory
    startup_stm32f427_437xx.o(RESET) refers to startup_stm32f427_437xx.o(STACK) for __initial_sp
    startup_stm32f427_437xx.o(RESET) refers to startup_stm32f427_437xx.o(.text) for Reset_Handler
    startup_stm32f427_437xx.o(RESET) refers to stm32f4xx_it.o(i.NMI_Handler) for NMI_Handler
    startup_stm32f427_437xx.o(RESET) refers to stm32f4xx_it.o(i.HardFault_Handler) for HardFault_Handler
    startup_stm32f427_437xx.o(RESET) refers to stm32f4xx_it.o(i.MemManage_Handler) for MemManage_Handler
    startup_stm32f427_437xx.o(RESET) refers to stm32f4xx_it.o(i.BusFault_Handler) for BusFault_Handler
    startup_stm32f427_437xx.o(RESET) refers to stm32f4xx_it.o(i.UsageFault_Handler) for UsageFault_Handler
    startup_stm32f427_437xx.o(RESET) refers to port.o(.emb_text) for SVC_Handler
    startup_stm32f427_437xx.o(RESET) refers to stm32f4xx_it.o(i.DebugMon_Handler) for DebugMon_Handler
    startup_stm32f427_437xx.o(RESET) refers to stm32f4xx_it.o(i.SysTick_Handler) for SysTick_Handler
    startup_stm32f427_437xx.o(RESET) refers to usart.o(i.DMA1_Stream0_IRQHandler) for DMA1_Stream0_IRQHandler
    startup_stm32f427_437xx.o(RESET) refers to usart.o(i.DMA1_Stream3_IRQHandler) for DMA1_Stream3_IRQHandler
    startup_stm32f427_437xx.o(RESET) refers to can.o(i.CAN1_TX_IRQHandler) for CAN1_TX_IRQHandler
    startup_stm32f427_437xx.o(RESET) refers to can.o(i.CAN1_RX0_IRQHandler) for CAN1_RX0_IRQHandler
    startup_stm32f427_437xx.o(RESET) refers to imu.o(i.EXTI9_5_IRQHandler) for EXTI9_5_IRQHandler
    startup_stm32f427_437xx.o(RESET) refers to tim2.o(i.TIM2_IRQHandler) for TIM2_IRQHandler
    startup_stm32f427_437xx.o(RESET) refers to dr16.o(i.USART1_IRQHandler) for USART1_IRQHandler
    startup_stm32f427_437xx.o(RESET) refers to usart.o(i.USART3_IRQHandler) for USART3_IRQHandler
    startup_stm32f427_437xx.o(RESET) refers to general.o(i.TIM7_IRQHandler) for TIM7_IRQHandler
    startup_stm32f427_437xx.o(RESET) refers to usart.o(i.USART6_IRQHandler) for USART6_IRQHandler
    startup_stm32f427_437xx.o(RESET) refers to usart.o(i.UART8_IRQHandler) for UART8_IRQHandler
    startup_stm32f427_437xx.o(.text) refers (Special) to heapauxi.o(.text) for __use_two_region_memory
    startup_stm32f427_437xx.o(.text) refers to system_stm32f4xx.o(i.SystemInit) for SystemInit
    startup_stm32f427_437xx.o(.text) refers to __main.o(!!!main) for __main
    startup_stm32f427_437xx.o(.text) refers to startup_stm32f427_437xx.o(HEAP) for Heap_Mem
    startup_stm32f427_437xx.o(.text) refers to startup_stm32f427_437xx.o(STACK) for Stack_Mem
    stm32f4xx_can.o(i.CAN_DeInit) refers to stm32f4xx_rcc.o(i.RCC_APB1PeriphResetCmd) for RCC_APB1PeriphResetCmd
    stm32f4xx_can.o(i.CAN_GetITStatus) refers to stm32f4xx_can.o(i.CheckITStatus) for CheckITStatus
    stm32f4xx_gpio.o(i.GPIO_DeInit) refers to stm32f4xx_rcc.o(i.RCC_AHB1PeriphResetCmd) for RCC_AHB1PeriphResetCmd
    stm32f4xx_rcc.o(i.RCC_GetClocksFreq) refers to stm32f4xx_rcc.o(.data) for APBAHBPrescTable
    stm32f4xx_rcc.o(i.RCC_WaitForHSEStartUp) refers to stm32f4xx_rcc.o(i.RCC_GetFlagStatus) for RCC_GetFlagStatus
    stm32f4xx_syscfg.o(i.SYSCFG_DeInit) refers to stm32f4xx_rcc.o(i.RCC_APB2PeriphResetCmd) for RCC_APB2PeriphResetCmd
    stm32f4xx_tim.o(i.TIM_DeInit) refers to stm32f4xx_rcc.o(i.RCC_APB2PeriphResetCmd) for RCC_APB2PeriphResetCmd
    stm32f4xx_tim.o(i.TIM_DeInit) refers to stm32f4xx_rcc.o(i.RCC_APB1PeriphResetCmd) for RCC_APB1PeriphResetCmd
    stm32f4xx_tim.o(i.TIM_ETRClockMode1Config) refers to stm32f4xx_tim.o(i.TIM_ETRConfig) for TIM_ETRConfig
    stm32f4xx_tim.o(i.TIM_ETRClockMode2Config) refers to stm32f4xx_tim.o(i.TIM_ETRConfig) for TIM_ETRConfig
    stm32f4xx_tim.o(i.TIM_ICInit) refers to stm32f4xx_tim.o(i.TI1_Config) for TI1_Config
    stm32f4xx_tim.o(i.TIM_ICInit) refers to stm32f4xx_tim.o(i.TIM_SetIC1Prescaler) for TIM_SetIC1Prescaler
    stm32f4xx_tim.o(i.TIM_ICInit) refers to stm32f4xx_tim.o(i.TI2_Config) for TI2_Config
    stm32f4xx_tim.o(i.TIM_ICInit) refers to stm32f4xx_tim.o(i.TIM_SetIC2Prescaler) for TIM_SetIC2Prescaler
    stm32f4xx_tim.o(i.TIM_ICInit) refers to stm32f4xx_tim.o(i.TI3_Config) for TI3_Config
    stm32f4xx_tim.o(i.TIM_ICInit) refers to stm32f4xx_tim.o(i.TIM_SetIC3Prescaler) for TIM_SetIC3Prescaler
    stm32f4xx_tim.o(i.TIM_ICInit) refers to stm32f4xx_tim.o(i.TI4_Config) for TI4_Config
    stm32f4xx_tim.o(i.TIM_ICInit) refers to stm32f4xx_tim.o(i.TIM_SetIC4Prescaler) for TIM_SetIC4Prescaler
[...]
    SBUS_rx_buf                              0x20012b36   Data          72  dr16.o(.bss)
    .bss                                     0x20012b80   Section       96  libspace.o(.bss)
    HEAP                                     0x20012be0   Section      512  startup_stm32f427_437xx.o(HEAP)
    Heap_Mem                                 0x20012be0   Data         512  startup_stm32f427_437xx.o(HEAP)
    STACK                                    0x20012de0   Section     1024  startup_stm32f427_437xx.o(STACK)
    Stack_Mem                                0x20012de0   Data        1024  startup_stm32f427_437xx.o(STACK)
    __initial_sp                             0x200131e0   Data           0  startup_stm32f427_437xx.o(STACK)

    Global Symbols

    Symbol Name                              Value     Ov Type        Size  Object(Section)

    BuildAttributes$$THM_ISAv4$E$P$D$K$B$S$7EM$VFPi3$EXTD16$VFPS$VFMA$PE$A:L22UL41UL21$X:L11$S22US41US21$IEEE1$IW$USESV6$~STKCKD$USESV7$~SHL$OTIME$ROPI$IEEEJ$EBA8$UX$STANDARDLIB$REQ8$PRES8$EABIv2 0x00000000   Number         0  anon$$obj.o ABSOLUTE
    __ARM_use_no_argv                        0x00000000   Number         0  main.o ABSOLUTE
    __ARM_exceptions_init                     - Undefined Weak Reference
    __alloca_initialize                       - Undefined Weak Reference
    __arm_preinit_                            - Undefined Weak Reference
    __cpp_initialize__aeabi_                  - Undefined Weak Reference
    __cxa_finalize                            - Undefined Weak Reference
    __rt_locale                               - Undefined Weak Reference
    __sigvec_lookup                           - Undefined Weak Reference
    _atexit_init                              - Undefined Weak Reference
    _call_atexit_fns                          - Undefined Weak Reference
    _clock_init                               - Undefined Weak Reference
    _fp_trap_init                             - Undefined Weak Reference
    _fp_trap_shutdown                         - Undefined Weak Reference
    _get_lc_collate                           - Undefined Weak Reference
    _get_lc_ctype                             - Undefined Weak Reference
    _get_lc_monetary                          - Undefined Weak Reference
    _get_lc_numeric                           - Undefined Weak Reference
    _get_lc_time                              - Undefined Weak Reference
    _getenv_init                              - Undefined Weak Reference
    _handle_redirection                       - Undefined Weak Reference
    _init_alloc                               - Undefined Weak Reference
    _init_user_alloc                          - Undefined Weak Reference
    _initio                                   - Undefined Weak Reference
    _mutex_acquire                            - Undefined Weak Reference
    _mutex_release                            - Undefined Weak Reference
    _printf_mbtowc                            - Undefined Weak Reference
    _printf_post_padding                      - Undefined Weak Reference
    _printf_pre_padding                       - Undefined Weak Reference
    _printf_truncate_signed                   - Undefined Weak Reference
    _printf_truncate_unsigned                 - Undefined Weak Reference
    _rand_init                                - Undefined Weak Reference
    _signal_finish                            - Undefined Weak Reference
    _signal_init                              - Undefined Weak Reference
    _terminate_alloc                          - Undefined Weak Reference
    _terminate_user_alloc                     - Undefined Weak Reference
    _terminateio                              - Undefined Weak Reference
    __Vectors_Size                           0x000001ac   Number         0  startup_stm32f427_437xx.o ABSOLUTE
    __Vectors                                0x08000000   Data           4  startup_stm32f427_437xx.o(RESET)
    __Vectors_End                            0x080001ac   Data           0  startup_stm32f427_437xx.o(RESET)
    __main                                   0x080001ad   Thumb Code     8  __main.o(!!!main)
    __scatterload                            0x080001b5   Thumb Code     0  __scatter.o(!!!scatter)
    __scatterload_rt2                        0x080001b5   Thumb Code    44  __scatter.o(!!!scatter)
    __scatterload_rt2_thumb_only             0x080001b5   Thumb Code     0  __scatter.o(!!!scatter)
    __scatterload_null                       0x080001c3   Thumb Code     0  __scatter.o(!!!scatter)
    __decompress                             0x080001e9   Thumb Code    90  __dczerorl2.o(!!dczerorl2)
    __decompress1                            0x080001e9   Thumb Code     0  __dczerorl2.o(!!dczerorl2)
    __scatterload_zeroinit                   0x08000245   Thumb Code    28  __scatter_zi.o(!!handler_zi)
    _printf_d                                0x08000261   Thumb Code     0  _printf_d.o(.ARM.Collect$$_printf_percent$$00000009)
    _printf_percent                          0x08000261   Thumb Code     0  _printf_percent.o(.ARM.Collect$$_printf_percent$$00000000)
    _printf_s                                0x08000267   Thumb Code     0  _printf_s.o(.ARM.Collect$$_printf_percent$$00000014)
    _printf_percent_end                      0x0800026d   Thumb Code     0  _printf_percent_end.o(.ARM.Collect$$_printf_percent$$00000017)
    __rt_lib_init                            0x08000271   Thumb Code     0  libinit.o(.ARM.Collect$$libinit$$00000000)
    __rt_lib_init_fp_1                       0x08000273   Thumb Code     0  libinit2.o(.ARM.Collect$$libinit$$00000001)
    __rt_lib_init_alloca_1                   0x08000277   Thumb Code     0  libinit2.o(.ARM.Collect$$libinit$$0000002E)
    __rt_lib_init_argv_1                     0x08000277   Thumb Code     0  libinit2.o(.ARM.Collect$$libinit$$0000002C)
    __rt_lib_init_atexit_1                   0x08000277   Thumb Code     0  libinit2.o(.ARM.Collect$$libinit$$0000001B)
    __rt_lib_init_clock_1                    0x08000277   Thumb Code     0  libinit2.o(.ARM.Collect$$libinit$$00000021)
    __rt_lib_init_cpp_1                      0x08000277   Thumb Code     0  libinit2.o(.ARM.Collect$$libinit$$00000032)
    __rt_lib_init_exceptions_1               0x08000277   Thumb Code     0  libinit2.o(.ARM.Collect$$libinit$$00000030)
    __rt_lib_init_fp_trap_1                  0x08000277   Thumb Code     0  libinit2.o(.ARM.Collect$$libinit$$0000001F)
    __rt_lib_init_getenv_1                   0x08000277   Thumb Code     0  libinit2.o(.ARM.Collect$$libinit$$00000023)
    __rt_lib_init_heap_1                     0x08000277   Thumb Code     0  libinit2.o(.ARM.Collect$$libinit$$0000000A)
    __rt_lib_init_lc_collate_1               0x08000277   Thumb Code     0  libinit2.o(.ARM.Collect$$libinit$$00000011)
    __rt_lib_init_lc_ctype_1                 0x08000277   Thumb Code     0  libinit2.o(.ARM.Collect$$libinit$$00000013)
    __rt_lib_init_lc_monetary_1              0x08000277   Thumb Code     0  libinit2.o(.ARM.Collect$$libinit$$00000015)
    __rt_lib_init_lc_numeric_1               0x08000277   Thumb Code     0  libinit2.o(.ARM.Collect$$libinit$$00000017)
    __rt_lib_init_lc_time_1                  0x08000277   Thumb Code     0  libinit2.o(.ARM.Collect$$libinit$$00000019)
    __rt_lib_init_preinit_1                  0x08000277   Thumb Code     0  libinit2.o(.ARM.Collect$$libinit$$00000004)
    __rt_lib_init_rand_1                     0x08000277   Thumb Code     0  libinit2.o(.ARM.Collect$$libinit$$0000000E)
    __rt_lib_init_return                     0x08000277   Thumb Code     0  libinit2.o(.ARM.Collect$$libinit$$00000033)
    __rt_lib_init_signal_1                   0x08000277   Thumb Code     0  libinit2.o(.ARM.Collect$$libinit$$0000001D)
    __rt_lib_init_stdio_1                    0x08000277   Thumb Code     0  libinit2.o(.ARM.Collect$$libinit$$00000025)
    __rt_lib_init_user_alloc_1               0x08000277   Thumb Code     0  libinit2.o(.ARM.Collect$$libinit$$0000000C)
    __rt_lib_shutdown                        0x08000279   Thumb Code     0  libshutdown.o(.ARM.Collect$$libshutdown$$00000000)
    __rt_lib_shutdown_cpp_1                  0x0800027b   Thumb Code     0  libshutdown2.o(.ARM.Collect$$libshutdown$$00000002)
    __rt_lib_shutdown_fp_trap_1              0x0800027b   Thumb Code     0  libshutdown2.o(.ARM.Collect$$libshutdown$$00000007)
    __rt_lib_shutdown_heap_1                 0x0800027b   Thumb Code     0  libshutdown2.o(.ARM.Collect$$libshutdown$$0000000F)
    __rt_lib_shutdown_return                 0x0800027b   Thumb Code     0  libshutdown2.o(.ARM.Collect$$libshutdown$$00000010)
    __rt_lib_shutdown_signal_1               0x0800027b   Thumb Code     0  libshutdown2.o(.ARM.Collect$$libshutdown$$0000000A)
    __rt_lib_shutdown_stdio_1                0x0800027b   Thumb Code     0  libshutdown2.o(.ARM.Collect$$libshutdown$$00000004)
    __rt_lib_shutdown_user_alloc_1           0x0800027b   Thumb Code     0  libshutdown2.o(.ARM.Collect$$libshutdown$$0000000C)
    __rt_entry                               0x0800027d   Thumb Code     0  __rtentry.o(.ARM.Collect$$rtentry$$00000000)
    __rt_entry_presh_1                       0x0800027d   Thumb Code     0  __rtentry2.o(.ARM.Collect$$rtentry$$00000002)
    __rt_entry_sh                            0x0800027d   Thumb Code     0  __rtentry4.o(.ARM.Collect$$rtentry$$00000004)
    __rt_entry_li                            0x08000283   Thumb Code     0  __rtentry2.o(.ARM.Collect$$rtentry$$0000000A)
    __rt_entry_postsh_1                      0x08000283   Thumb Code     0  __rtentry2.o(.ARM.Collect$$rtentry$$00000009)
    __rt_entry_main                          0x08000287   Thumb Code     0  __rtentry2.o(.ARM.Collect$$rtentry$$0000000D)
    __rt_entry_postli_1                      0x08000287   Thumb Code     0  __rtentry2.o(.ARM.Collect$$rtentry$$0000000C)
    __rt_exit                                0x0800028f   Thumb Code     0  rtexit.o(.ARM.Collect$$rtexit$$00000000)
    __rt_exit_ls                             0x08000291   Thumb Code     0  rtexit2.o(.ARM.Collect$$rtexit$$00000003)
    __rt_exit_prels_1                        0x08000291   Thumb Code     0  rtexit2.o(.ARM.Collect$$rtexit$$00000002)
    __rt_exit_exit                           0x08000295   Thumb Code     0  rtexit2.o(.ARM.Collect$$rtexit$$00000004)
    SVC_Handler                              0x0800029d   Thumb Code    28  port.o(.emb_text)
    __asm___6_port_c_39a90d8d__prvStartFirstTask 0x080002bd   Thumb Code    28  port.o(.emb_text)
    __asm___6_port_c_39a90d8d__prvEnableVFP  0x080002dd   Thumb Code    16  port.o(.emb_text)
    PendSV_Handler                           0x080002f1   Thumb Code    88  port.o(.emb_text)
    vPortGetIPSR                             0x0800034d   Thumb Code     6  port.o(.emb_text)
    Reset_Handler                            0x08000355   Thumb Code     8  startup_stm32f427_437xx.o(.text)
    ADC_IRQHandler                           0x0800036f   Thumb Code     0  startup_stm32f427_437xx.o(.text)
    CAN1_RX1_IRQHandler                      0x0800036f   Thumb Code     0  startup_stm32f427_437xx.o(.text)
    CAN1_SCE_IRQHandler                      0x0800036f   Thumb Code     0  startup_stm32f427_437xx.o(.text)
    CAN2_RX0_IRQHandler                      0x0800036f   Thumb Code     0  startup_stm32f427_437xx.o(.text)
    CAN2_RX1_IRQHandler                      0x0800036f   Thumb Code     0  startup_stm32f427_437xx.o(.text)
    CAN2_SCE_IRQHandler                      0x0800036f   Thumb Code     0  startup_stm32f427_437xx.o(.text)
    CAN2_TX_IRQHandler                       0x0800036f   Thumb Code     0  startup_stm32f427_437xx.o(.text)
    CRYP_IRQHandler                          0x0800036f   Thumb Code     0  startup_stm32f427_437xx.o(.text)
    DCMI_IRQHandler                          0x0800036f   Thumb Code     0  startup_stm32f427_437xx.o(.text)
    DMA1_Stream1_IRQHandler                  0x0800036f   Thumb Code     0  startup_stm32f427_437xx.o(.text)
    DMA1_Stream2_IRQHandler                  0x0800036f   Thumb Code     0  startup_stm32f427_437xx.o(.text)
    DMA1_Stream4_IRQHandler                  0x0800036f   Thumb Code     0  startup_stm32f427_437xx.o(.text)
    DMA1_Stream5_IRQHandler                  0x0800036f   Thumb Code     0  startup_stm32f427_437xx.o(.text)
    DMA1_Stream6_IRQHandler                  0x0800036f   Thumb Code     0  startup_stm32f427_437xx.o(.text)
    DMA1_Stream7_IRQHandler                  0x0800036f   Thumb Code     0  startup_stm32f427_437xx.o(.text)
    DMA2D_IRQHandler                         0x0800036f   Thumb Code     0  startup_stm32f427_437xx.o(.text)
    DMA2_Stream0_IRQHandler                  0x0800036f   Thumb Code     0  startup_stm32f427_437xx.o(.text)
    DMA2_Stream1_IRQHandler                  0x0800036f   Thumb Code     0  startup_stm32f427_437xx.o(.text)
    DMA2_Stream2_IRQHandler                  0x0800036f   Thumb Code     0  startup_stm32f427_437xx.o(.text)
    DMA2_Stream3_IRQHandler                  0x0800036f   Thumb Code     0  startup_stm32f427_437xx.o(.text)
    DMA2_Stream4_IRQHandler                  0x0800036f   Thumb Code     0  startup_stm32f427_437xx.o(.text)
    DMA2_Stream5_IRQHandler                  0x0800036f   Thumb Code     0  startup_stm32f427_437xx.o(.text)
    DMA2_Stream6_IRQHandler                  0x0800036f   Thumb Code     0  startup_stm32f427_437xx.o(.text)
    DMA2_Stream7_IRQHandler                  0x0800036f   Thumb Code     0  startup_stm32f427_437xx.o(.text)
    ETH_IRQHandler                           0x0800036f   Thumb Code     0  startup_stm32f427_437xx.o(.text)
    ETH_WKUP_IRQHandler                      0x0800036f   Thumb Code     0  startup_stm32f427_437xx.o(.text)
    EXTI0_IRQHandler                         0x0800036f   Thumb Code     0  startup_stm32f427_437xx.o(.text)
    EXTI15_10_IRQHandler                     0x0800036f   Thumb Code     0  startup_stm32f427_437xx.o(.text)
    EXTI1_IRQHandler                         0x0800036f   Thumb Code     0  startup_stm32f427_437xx.o(.text)
    EXTI2_IRQHandler                         0x0800036f   Thumb Code     0  startup_stm32f427_437xx.o(.text)
    EXTI3_IRQHandler                         0x0800036f   Thumb Code     0  startup_stm32f427_437xx.o(.text)
    EXTI4_IRQHandler                         0x0800036f   Thumb Code     0  startup_stm32f427_437xx.o(.text)
    FLASH_IRQHandler                         0x0800036f   Thumb Code     0  startup_stm32f427_437xx.o(.text)
    FMC_IRQHandler                           0x0800036f   Thumb Code     0  startup_stm32f427_437xx.o(.text)
    FPU_IRQHandler                           0x0800036f   Thumb Code     0  startup_stm32f427_437xx.o(.text)
    HASH_RNG_IRQHandler                      0x0800036f   Thumb Code     0  startup_stm32f427_437xx.o(.text)
    I2C1_ER_IRQHandler                       0x0800036f   Thumb Code     0  startup_stm32f427_437xx.o(.text)
    I2C1_EV_IRQHandler                       0x0800036f   Thumb Code     0  startup_stm32f427_437xx.o(.text)
    I2C2_ER_IRQHandler                       0x0800036f   Thumb Code     0  startup_stm32f427_437xx.o(.text)
    I2C2_EV_IRQHandler                       0x0800036f   Thumb Code     0  startup_stm32f427_437xx.o(.text)
    I2C3_ER_IRQHandler                       0x0800036f   Thumb Code     0  startup_stm32f427_437xx.o(.text)
    I2C3_EV_IRQHandler                       0x0800036f   Thumb Code     0  startup_stm32f427_437xx.o(.text)
    OTG_FS_IRQHandler                        0x0800036f   Thumb Code     0  startup_stm32f427_437xx.o(.text)
    OTG_FS_WKUP_IRQHandler                   0x0800036f   Thumb Code     0  startup_stm32f427_437xx.o(.text)
    OTG_HS_EP1_IN_IRQHandler                 0x0800036f   Thumb Code     0  startup_stm32f427_437xx.o(.text)
    OTG_HS_EP1_OUT_IRQHandler                0x0800036f   Thumb Code     0  startup_stm32f427_437xx.o(.text)
    OTG_HS_IRQHandler                        0x0800036f   Thumb Code     0  startup_stm32f427_437xx.o(.text)
    OTG_HS_WKUP_IRQHandler                   0x0800036f   Thumb Code     0  startup_stm32f427_437xx.o(.text)
    PVD_IRQHandler                           0x0800036f   Thumb Code     0  startup_stm32f427_437xx.o(.text)
    RCC_IRQHandler                           0x0800036f   Thumb Code     0  startup_stm32f427_437xx.o(.text)
    RTC_Alarm_IRQHandler                     0x0800036f   Thumb Code     0  startup_stm32f427_437xx.o(.text)
    RTC_WKUP_IRQHandler                      0x0800036f   Thumb Code     0  startup_stm32f427_437xx.o(.text)
    SAI1_IRQHandler                          0x0800036f   Thumb Code     0  startup_stm32f427_437xx.o(.text)
    SDIO_IRQHandler                          0x0800036f   Thumb Code     0  startup_stm32f427_437xx.o(.text)
    SPI1_IRQHandler                          0x0800036f   Thumb Code     0  startup_stm32f427_437xx.o(.text)
    SPI2_IRQHandler                          0x0800036f   Thumb Code     0  startup_stm32f427_437xx.o(.text)
    SPI3_IRQHandler                          0x0800036f   Thumb Code     0  startup_stm32f427_437xx.o(.text)
    SPI4_IRQHandler                          0x0800036f   Thumb Code     0  startup_stm32f427_437xx.o(.text)
    SPI5_IRQHandler                          0x0800036f   Thumb Code     0  startup_stm32f427_437xx.o(.text)
    SPI6_IRQHandler                          0x0800036f   Thumb Code     0  startup_stm32f427_437xx.o(.text)
    TAMP_STAMP_IRQHandler                    0x0800036f   Thumb Code     0  startup_stm32f427_437xx.o(.text)
    TIM1_BRK_TIM9_IRQHandler                 0x0800036f   Thumb Code     0  startup_stm32f427_437xx.o(.text)
    TIM1_CC_IRQHandler                       0x0800036f   Thumb Code     0  startup_stm32f427_437xx.o(.text)
    TIM1_TRG_COM_TIM11_IRQHandler            0x0800036f   Thumb Code     0  startup_stm32f427_437xx.o(.text)
    TIM1_UP_TIM10_IRQHandler                 0x0800036f   Thumb Code     0  startup_stm32f427_437xx.o(.text)
    TIM3_IRQHandler                          0x0800036f   Thumb Code     0  startup_stm32f427_437xx.o(.text)
    TIM4_IRQHandler                          0x0800036f   Thumb Code     0  startup_stm32f427_437xx.o(.text)
    TIM5_IRQHandler                          0x0800036f   Thumb Code     0  startup_stm32f427_437xx.o(.text)
    TIM6_DAC_IRQHandler                      0x0800036f   Thumb Code     0  startup_stm32f427_437xx.o(.text)
    TIM8_BRK_TIM12_IRQHandler                0x0800036f   Thumb Code     0  startup_stm32f427_437xx.o(.text)
    TIM8_CC_IRQHandler                       0x0800036f   Thumb Code     0  startup_stm32f427_437xx.o(.text)
    TIM8_TRG_COM_TIM14_IRQHandler            0x0800036f   Thumb Code     0  startup_stm32f427_437xx.o(.text)
    TIM8_UP_TIM13_IRQHandler                 0x0800036f   Thumb Code     0  startup_stm32f427_437xx.o(.text)
    UART4_IRQHandler                         0x0800036f   Thumb Code     0  startup_stm32f427_437xx.o(.text)
    UART5_IRQHandler                         0x0800036f   Thumb Code     0  startup_stm32f427_437xx.o(.text)
    UART7_IRQHandler                         0x0800036f   Thumb Code     0  startup_stm32f427_437xx.o(.text)
    USART2_IRQHandler                        0x0800036f   Thumb Code     0  startup_stm32f427_437xx.o(.text)
    WWDG_IRQHandler                          0x0800036f   Thumb Code     0  startup_stm32f427_437xx.o(.text)
    __user_initial_stackheap                 0x08000371   Thumb Code     0  startup_stm32f427_437xx.o(.text)
    __use_no_semihosting                     0x08000395   Thumb Code     2  use_no_semi_2.o(.text)
    __aeabi_ldivmod                          0x08000397   Thumb Code     0  llsdiv.o(.text)
    _ll_sdiv                                 0x08000397   Thumb Code    72  llsdiv.o(.text)
    __2printf                                0x080003e1   Thumb Code    20  noretval__2printf.o(.text)
    __printf                                 0x080003f9   Thumb Code   104  __printf.o(.text)
    _printf_str                              0x08000461   Thumb Code    82  _printf_str.o(.text)
    _printf_int_dec                          0x080004b5   Thumb Code   104  _printf_dec.o(.text)
    __aeabi_memcpy4                          0x0800052d   Thumb Code     0  rt_memcpy_w.o(.text)
    __aeabi_memcpy8                          0x0800052d   Thumb Code     0  rt_memcpy_w.o(.text)
    __rt_memcpy_w                            0x0800052d   Thumb Code   100  rt_memcpy_w.o(.text)
    _memcpy_lastbytes_aligned                0x08000575   Thumb Code     0  rt_memcpy_w.o(.text)
    __aeabi_memset                           0x08000591   Thumb Code    16  aeabi_memset.o(.text)
    __use_two_region_memory                  0x080005a1   Thumb Code     2  heapauxi.o(.text)
    __rt_heap_escrow$2region                 0x080005a3   Thumb Code     2  heapauxi.o(.text)
    __rt_heap_expand$2region                 0x080005a5   Thumb Code     2  heapauxi.o(.text)
    __I$use$semihosting                      0x080005a7   Thumb Code     0  use_no_semi.o(.text)
    __use_no_semihosting_swi                 0x080005a7   Thumb Code     2  use_no_semi.o(.text)
    __aeabi_uldivmod                         0x080005a9   Thumb Code     0  lludivv7m.o(.text)
    _ll_udiv                                 0x080005a9   Thumb Code   238  lludivv7m.o(.text)
    _printf_int_common                       0x08000697   Thumb Code   178  _printf_intcommon.o(.text)
    _printf_char_common                      0x08000753   Thumb Code    32  _printf_char_common.o(.text)
    _printf_cs_common                        0x08000779   Thumb Code    20  _printf_char.o(.text)
    _printf_char                             0x0800078d   Thumb Code    16  _printf_char.o(.text)
    _printf_string                           0x0800079d   Thumb Code     8  _printf_char.o(.text)
    _printf_char_file                        0x080007a5   Thumb Code    32  _printf_char_file.o(.text)
    __aeabi_memclr                           0x080007c9   Thumb Code     0  rt_memclr.o(.text)
    __rt_memclr                              0x080007c9   Thumb Code    68  rt_memclr.o(.text)
    _memset                                  0x080007cd   Thumb Code     0  rt_memclr.o(.text)
    ferror                                   0x0800080d   Thumb Code     8  ferror.o(.text)
    __aeabi_memclr4                          0x08000815   Thumb Code     0  rt_memclr_w.o(.text)
    __aeabi_memclr8                          0x08000815   Thumb Code     0  rt_memclr_w.o(.text)
    __rt_memclr_w                            0x08000815   Thumb Code    78  rt_memclr_w.o(.text)
    _memset_w                                0x08000819   Thumb Code     0  rt_memclr_w.o(.text)
    __user_setup_stackheap                   0x08000863   Thumb Code    74  sys_stackheap_outer.o(.text)
    exit                                     0x080008ad   Thumb Code    18  exit.o(.text)
    __user_libspace                          0x080008c1   Thumb Code     8  libspace.o(.text)
    __user_perproc_libspace                  0x080008c1   Thumb Code     0  libspace.o(.text)
    __user_perthread_libspace                0x080008c1   Thumb Code     0  libspace.o(.text)
    BaseHardwork_Init                        0x080008c9   Thumb Code    44  main.o(i.BaseHardwork_Init)
    Beep_Init                                0x080008f5   Thumb Code   154  beep.o(i.Beep_Init)
    Beep_OFF                                 0x08000999   Thumb Code    12  beep.o(i.Beep_OFF)
    Beep_ON                                  0x080009a9   Thumb Code    12  beep.o(i.Beep_ON)
    BusFault_Handler                         0x080009b9   Thumb Code     4  stm32f4xx_it.o(i.BusFault_Handler)
    CAN1_Init                                0x080009bd   Thumb Code   282  can.o(i.CAN1_Init)
    CAN1_RX0_IRQHandler                      0x08000ae1   Thumb Code   212  can.o(i.CAN1_RX0_IRQHandler)
    CAN1_TX_Friction                         0x08000bc9   Thumb Code   108  can.o(i.CAN1_TX_Friction)
    CAN1_TX_IRQHandler                       0x08000c45   Thumb Code    28  can.o(i.CAN1_TX_IRQHandler)
    CAN1_TX_PTZ                              0x08000c69   Thumb Code   108  can.o(i.CAN1_TX_PTZ)
    CAN_ClearITPendingBit                    0x08000ce5   Thumb Code   162  stm32f4xx_can.o(i.CAN_ClearITPendingBit)
    CAN_DeInit                               0x08000d8d   Thumb Code    50  stm32f4xx_can.o(i.CAN_DeInit)
    CAN_FilterInit                           0x08000dc5   Thumb Code   258  stm32f4xx_can.o(i.CAN_FilterInit)
    CAN_GetITStatus                          0x08000ecd   Thumb Code   284  stm32f4xx_can.o(i.CAN_GetITStatus)
    CAN_ITConfig                             0x08000fed   Thumb Code    18  stm32f4xx_can.o(i.CAN_ITConfig)
    CAN_Init                                 0x08000fff   Thumb Code   276  stm32f4xx_can.o(i.CAN_Init)
    CAN_Receive                              0x08001113   Thumb Code   240  stm32f4xx_can.o(i.CAN_Receive)
    CAN_StructInit                           0x08001203   Thumb Code    32  stm32f4xx_can.o(i.CAN_StructInit)
    CAN_Transmit                             0x08001223   Thumb Code   294  stm32f4xx_can.o(i.CAN_Transmit)
    DMA1_Stream0_IRQHandler                  0x0800135d   Thumb Code    48  usart.o(i.DMA1_Stream0_IRQHandler)
    DMA1_Stream3_IRQHandler                  0x08001399   Thumb Code    40  usart.o(i.DMA1_Stream3_IRQHandler)
    DMA_ClearFlag                            0x080013c9   Thumb Code    38  stm32f4xx_dma.o(i.DMA_ClearFlag)
    DMA_ClearITPendingBit                    0x080013fd   Thumb Code    38  stm32f4xx_dma.o(i.DMA_ClearITPendingBit)
    DMA_Cmd                                  0x08001431   Thumb Code    22  stm32f4xx_dma.o(i.DMA_Cmd)
    DMA_DeInit                               0x08001449   Thumb Code   324  stm32f4xx_dma.o(i.DMA_DeInit)
    DMA_DoubleBufferModeCmd                  0x080015a1   Thumb Code    22  stm32f4xx_dma.o(i.DMA_DoubleBufferModeCmd)
    DMA_DoubleBufferModeConfig               0x080015b7   Thumb Code    24  stm32f4xx_dma.o(i.DMA_DoubleBufferModeConfig)
    DMA_GetCurrDataCounter                   0x080015cf   Thumb Code     8  stm32f4xx_dma.o(i.DMA_GetCurrDataCounter)
    DMA_GetCurrentMemoryTarget               0x080015d7   Thumb Code    20  stm32f4xx_dma.o(i.DMA_GetCurrentMemoryTarget)
    DMA_GetITStatus                          0x080015ed   Thumb Code    82  stm32f4xx_dma.o(i.DMA_GetITStatus)
    DMA_ITConfig                             0x08001651   Thumb Code    58  stm32f4xx_dma.o(i.DMA_ITConfig)
    DMA_Init                                 0x0800168d   Thumb Code    82  stm32f4xx_dma.o(i.DMA_Init)
    DMA_SetCurrDataCounter                   0x080016e5   Thumb Code     4  stm32f4xx_dma.o(i.DMA_SetCurrDataCounter)
    DR16_InitConfig                          0x080016e9   Thumb Code    16  dr16.o(i.DR16_InitConfig)
    DebugMon_Handler                         0x080016fd   Thumb Code     2  stm32f4xx_it.o(i.DebugMon_Handler)
    EXTI9_5_IRQHandler                       0x08001701   Thumb Code    54  imu.o(i.EXTI9_5_IRQHandler)
    EXTI_ClearITPendingBit                   0x08001741   Thumb Code     6  stm32f4xx_exti.o(i.EXTI_ClearITPendingBit)
    EXTI_GetITStatus                         0x0800174d   Thumb Code    20  stm32f4xx_exti.o(i.EXTI_GetITStatus)
    EXTI_Init                                0x08001765   Thumb Code   142  stm32f4xx_exti.o(i.EXTI_Init)
    GPIO_Init                                0x080017f9   Thumb Code   144  stm32f4xx_gpio.o(i.GPIO_Init)
    GPIO_PinAFConfig                         0x08001889   Thumb Code    70  stm32f4xx_gpio.o(i.GPIO_PinAFConfig)
    GPIO_ResetBits                           0x080018cf   Thumb Code     4  stm32f4xx_gpio.o(i.GPIO_ResetBits)
    GPIO_SetBits                             0x080018d3   Thumb Code     4  stm32f4xx_gpio.o(i.GPIO_SetBits)
    GPIO_ToggleBits                          0x080018d7   Thumb Code     8  stm32f4xx_gpio.o(i.GPIO_ToggleBits)
    HardFault_Handler                        0x080018df   Thumb Code     4  stm32f4xx_it.o(i.HardFault_Handler)
    Heart_Task                               0x080018e5   Thumb Code    28  led.o(i.Heart_Task)
    IMU_Get_Data                             0x08001905   Thumb Code   474  imu.o(i.IMU_Get_Data)
    IMU_Get_Data_Task                        0x08001b09   Thumb Code    28  imu.o(i.IMU_Get_Data_Task)
    IMU_Init                                 0x08001b25   Thumb Code   108  imu.o(i.IMU_Init)
    LED_Init                                 0x08001b99   Thumb Code   116  led.o(i.LED_Init)
    Laser_InitConfig                         0x08001c15   Thumb Code    60  laser.o(i.Laser_InitConfig)
    MPU6500_Gyro_Cali                        0x08001c55   Thumb Code   216  imu.o(i.MPU6500_Gyro_Cali)
    MPU6500_Read_Reg                         0x08001d41   Thumb Code    40  imu.o(i.MPU6500_Read_Reg)
    MPU6500_Read_Regs                        0x08001d6d   Thumb Code    54  imu.o(i.MPU6500_Read_Regs)
    MPU6500_Write_Reg                        0x08001da5   Thumb Code    40  imu.o(i.MPU6500_Write_Reg)
    MPU_6500_Interrupt_InitConfig            0x08001dd1   Thumb Code   128  imu.o(i.MPU_6500_Interrupt_InitConfig)
    MemManage_Handler                        0x08001e55   Thumb Code     4  stm32f4xx_it.o(i.MemManage_Handler)
    MoCaLun_Close_3508                       0x08001e59   Thumb Code    88  shoot.o(i.MoCaLun_Close_3508)
    MoCaLun_Control_Task                     0x08001ec5   Thumb Code   126  shoot.o(i.MoCaLun_Control_Task)
    MoCaLun_Open_3508                        0x08001f4d   Thumb Code    96  shoot.o(i.MoCaLun_Open_3508)
    NMI_Handler                              0x08001fc5   Thumb Code     2  stm32f4xx_it.o(i.NMI_Handler)
    NUC_Decode_Task                          0x08001fc9   Thumb Code   360  usart.o(i.NUC_Decode_Task)
    NUC_Init                                 0x08002159   Thumb Code   458  usart.o(i.NUC_Init)
    NVIC_Init                                0x08002345   Thumb Code   106  misc.o(i.NVIC_Init)
    NVIC_PriorityGroupConfig                 0x080023bd   Thumb Code    10  misc.o(i.NVIC_PriorityGroupConfig)
    PID_Init                                 0x080023d1   Thumb Code  2818  pid.o(i.PID_Init)
    PTZ_Auto_No_Limit                        0x08002ef9   Thumb Code   296  ptz.o(i.PTZ_Auto_No_Limit)
    PTZ_Control_Hand                         0x08003069   Thumb Code   348  ptz.o(i.PTZ_Control_Hand)
    PTZ_Control_Task                         0x0800320d   Thumb Code   118  ptz.o(i.PTZ_Control_Task)
    PTZ_Init_PITCH                           0x08003299   Thumb Code   162  ptz.o(i.PTZ_Init_PITCH)
    PTZ_Init_Yaw                             0x08003359   Thumb Code   208  ptz.o(i.PTZ_Init_Yaw)
    P_Swing                                  0x08003449   Thumb Code   236  ptz.o(i.P_Swing)
    Pid_Calc                                 0x08003555   Thumb Code   742  pid.o(i.Pid_Calc)
    Position_Direction_Judge                 0x08003855   Thumb Code   332  can.o(i.Position_Direction_Judge)
    Position_Direction_Judge_Pitch           0x080039d9   Thumb Code   112  can.o(i.Position_Direction_Judge_Pitch)
    RCC_AHB1PeriphClockCmd                   0x08003a5d   Thumb Code    26  stm32f4xx_rcc.o(i.RCC_AHB1PeriphClockCmd)
    RCC_APB1PeriphClockCmd                   0x08003a7d   Thumb Code    26  stm32f4xx_rcc.o(i.RCC_APB1PeriphClockCmd)
    RCC_APB1PeriphResetCmd                   0x08003a9d   Thumb Code    26  stm32f4xx_rcc.o(i.RCC_APB1PeriphResetCmd)
    RCC_APB2PeriphClockCmd                   0x08003abd   Thumb Code    26  stm32f4xx_rcc.o(i.RCC_APB2PeriphClockCmd)
    RCC_APB2PeriphResetCmd                   0x08003add   Thumb Code    26  stm32f4xx_rcc.o(i.RCC_APB2PeriphResetCmd)
    RCC_GetClocksFreq                        0x08003afd   Thumb Code   214  stm32f4xx_rcc.o(i.RCC_GetClocksFreq)
    RC_Init                                  0x08003be5   Thumb Code   312  dr16.o(i.RC_Init)
    SPI5_ReadWriteByte                       0x08003df1   Thumb Code    50  spi.o(i.SPI5_ReadWriteByte)
    SPI_Cmd                                  0x08003e29   Thumb Code    24  stm32f4xx_spi.o(i.SPI_Cmd)
    SPI_GPIO_InitConfig                      0x08003e41   Thumb Code   216  spi.o(i.SPI_GPIO_InitConfig)
    SPI_I2S_GetFlagStatus                    0x08003f21   Thumb Code    18  stm32f4xx_spi.o(i.SPI_I2S_GetFlagStatus)
    SPI_I2S_ReceiveData                      0x08003f33   Thumb Code     6  stm32f4xx_spi.o(i.SPI_I2S_ReceiveData)
    SPI_I2S_SendData                         0x08003f39   Thumb Code     4  stm32f4xx_spi.o(i.SPI_I2S_SendData)
    SPI_Init                                 0x08003f3d   Thumb Code    60  stm32f4xx_spi.o(i.SPI_Init)
    SYSCFG_EXTILineConfig                    0x08003f79   Thumb Code    60  stm32f4xx_syscfg.o(i.SYSCFG_EXTILineConfig)
    Severo_Init                              0x080040d9   Thumb Code   152  severo.o(i.Severo_Init)
    Shoot_Allow                              0x08004179   Thumb Code    14  severo.o(i.Shoot_Allow)
    Shoot_Forbid                             0x08004191   Thumb Code    14  severo.o(i.Shoot_Forbid)
    Shoot_Forbid1                            0x080041a9   Thumb Code    14  severo.o(i.Shoot_Forbid1)
    Shoot_Init                               0x080041c1   Thumb Code    26  shoot.o(i.Shoot_Init)
    SysTick_CLKSourceConfig                  0x080041e5   Thumb Code    40  misc.o(i.SysTick_CLKSourceConfig)
    SysTick_Handler                          0x0800420d   Thumb Code    16  stm32f4xx_it.o(i.SysTick_Handler)
    SystemInit                               0x0800421d   Thumb Code    88  system_stm32f4xx.o(i.SystemInit)
    TIM2_IRQHandler                          0x08004285   Thumb Code    32  tim2.o(i.TIM2_IRQHandler)
    TIM7_IRQHandler                          0x080042a9   Thumb Code   196  general.o(i.TIM7_IRQHandler)
    TIM_ARRPreloadConfig                     0x08004391   Thumb Code    24  stm32f4xx_tim.o(i.TIM_ARRPreloadConfig)
    TIM_ClearITPendingBit                    0x080043a9   Thumb Code     6  stm32f4xx_tim.o(i.TIM_ClearITPendingBit)
    TIM_Cmd                                  0x080043af   Thumb Code    24  stm32f4xx_tim.o(i.TIM_Cmd)
    TIM_GetITStatus                          0x080043c7   Thumb Code    34  stm32f4xx_tim.o(i.TIM_GetITStatus)
    TIM_ITConfig                             0x080043e9   Thumb Code    18  stm32f4xx_tim.o(i.TIM_ITConfig)
    TIM_OC1Init                              0x080043fd   Thumb Code   114  stm32f4xx_tim.o(i.TIM_OC1Init)
    TIM_OC1PreloadConfig                     0x08004479   Thumb Code    18  stm32f4xx_tim.o(i.TIM_OC1PreloadConfig)
    TIM_OC4Init                              0x0800448d   Thumb Code   112  stm32f4xx_tim.o(i.TIM_OC4Init)
    TIM_OC4PreloadConfig                     0x08004505   Thumb Code    26  stm32f4xx_tim.o(i.TIM_OC4PreloadConfig)
    TIM_SetCompare1                          0x0800451f   Thumb Code     4  stm32f4xx_tim.o(i.TIM_SetCompare1)
    TIM_SetCompare4                          0x08004523   Thumb Code     4  stm32f4xx_tim.o(i.TIM_SetCompare4)
    TIM_TimeBaseInit                         0x08004529   Thumb Code   104  stm32f4xx_tim.o(i.TIM_TimeBaseInit)
    Tick_TIM7_Init                           0x080045ad   Thumb Code    90  general.o(i.Tick_TIM7_Init)
    UART8_IRQHandler                         0x0800460d   Thumb Code    92  usart.o(i.UART8_IRQHandler)
    USART1_IRQHandler                        0x08004679   Thumb Code   200  dr16.o(i.USART1_IRQHandler)
    USART3_IRQHandler                        0x08004755   Thumb Code    92  usart.o(i.USART3_IRQHandler)
    USART3_Send_NUC                          0x080047c1   Thumb Code   518  usart.o(i.USART3_Send_NUC)
    USART6_IRQHandler                        0x08004a15   Thumb Code    34  usart.o(i.USART6_IRQHandler)
    USART6_Init                              0x08004a3d   Thumb Code   172  usart.o(i.USART6_Init)
    USART8_Init                              0x08004af1   Thumb Code   454  usart.o(i.USART8_Init)
    USART8_Send_Task                         0x08004cd5   Thumb Code   158  usart.o(i.USART8_Send_Task)
    USART_ClearFlag                          0x08004d85   Thumb Code    18  stm32f4xx_usart.o(i.USART_ClearFlag)
    USART_Cmd                                0x08004d97   Thumb Code    24  stm32f4xx_usart.o(i.USART_Cmd)
    USART_DMACmd                             0x08004daf   Thumb Code    18  stm32f4xx_usart.o(i.USART_DMACmd)
    USART_DeInit                             0x08004dc1   Thumb Code   206  stm32f4xx_usart.o(i.USART_DeInit)
    USART_GetFlagStatus                      0x08004eb1   Thumb Code    26  stm32f4xx_usart.o(i.USART_GetFlagStatus)
    USART_GetITStatus                        0x08004ecb   Thumb Code    84  stm32f4xx_usart.o(i.USART_GetITStatus)
    USART_ITConfig                           0x08004f1f   Thumb Code    74  stm32f4xx_usart.o(i.USART_ITConfig)
    USART_Init                               0x08004f69   Thumb Code   204  stm32f4xx_usart.o(i.USART_Init)
    USART_ReceiveData                        0x0800503d   Thumb Code    10  stm32f4xx_usart.o(i.USART_ReceiveData)
    USART_SendData                           0x08005047   Thumb Code     8  stm32f4xx_usart.o(i.USART_SendData)
    Up_To_Down_Decode_Task                   0x08005051   Thumb Code   246  usart.o(i.Up_To_Down_Decode_Task)
    UsageFault_Handler                       0x08005161   Thumb Code     4  stm32f4xx_it.o(i.UsageFault_Handler)
    Y_Swing                                  0x08005165   Thumb Code    98  ptz.o(i.Y_Swing)
    __hardfp_fabs                            0x080051e1   Thumb Code    20  fabs.o(i.__hardfp_fabs)
    _sys_exit                                0x080051f5   Thumb Code     4  usart.o(i._sys_exit)
    bit32TObit8                              0x080051f9   Thumb Code    12  usart.o(i.bit32TObit8)
    delay_init                               0x08005205   Thumb Code    58  delay.o(i.delay_init)
    delay_ms                                 0x08005249   Thumb Code    60  delay.o(i.delay_ms)
    delay_us                                 0x08005289   Thumb Code    68  delay.o(i.delay_us)
    fputc                                    0x080052d1   Thumb Code    32  usart.o(i.fputc)
    int8ToShort                              0x080052f5   Thumb Code    24  usart.o(i.int8ToShort)
    main                                     0x0800530d   Thumb Code    28  main.o(i.main)
    pvPortMalloc                             0x080057d5   Thumb Code   262  heap_4.o(i.pvPortMalloc)
    pxPortInitialiseStack                    0x08005925   Thumb Code    38  port.o(i.pxPortInitialiseStack)
    shortToint8                              0x08005951   Thumb Code    12  usart.o(i.shortToint8)
    shortTou8                                0x0800595d   Thumb Code    12  usart.o(i.shortTou8)
    startTask                                0x08005969   Thumb Code    24  app_task.o(i.startTask)
    start_task                               0x08005995   Thumb Code   166  app_task.o(i.start_task)
    u8ToShort                                0x08005b01   Thumb Code    24  usart.o(i.u8ToShort)
    ulTaskNotifyTake                         0x08005b19   Thumb Code   108  tasks.o(i.ulTaskNotifyTake)
    uxListRemove                             0x08005b8d   Thumb Code    40  list.o(i.uxListRemove)
    vListInitialise                          0x08005bb5   Thumb Code    26  list.o(i.vListInitialise)
    vListInitialiseItem                      0x08005bcf   Thumb Code     6  list.o(i.vListInitialiseItem)
    vListInsert                              0x08005bd5   Thumb Code    52  list.o(i.vListInsert)
    vListInsertEnd                           0x08005c09   Thumb Code    24  list.o(i.vListInsertEnd)
    vPortEnterCritical                       0x08005c21   Thumb Code    68  port.o(i.vPortEnterCritical)
    vPortExitCritical                        0x08005ca5   Thumb Code    48  port.o(i.vPortExitCritical)
    vPortFree                                0x08005d11   Thumb Code   120  heap_4.o(i.vPortFree)
    vPortSetupTimerInterrupt                 0x08005dc5   Thumb Code    26  port.o(i.vPortSetupTimerInterrupt)
    vPortValidateInterruptPriority           0x08005de5   Thumb Code    86  port.o(i.vPortValidateInterruptPriority)
    vTaskDelay                               0x08005e81   Thumb Code    72  tasks.o(i.vTaskDelay)
    vTaskDelete                              0x08005ef9   Thumb Code   192  tasks.o(i.vTaskDelete)
    vTaskNotifyGiveFromISR                   0x08006009   Thumb Code   194  tasks.o(i.vTaskNotifyGiveFromISR)
    vTaskStartScheduler                      0x0800610d   Thumb Code   102  tasks.o(i.vTaskStartScheduler)
    vTaskSuspendAll                          0x080061bd   Thumb Code    12  tasks.o(i.vTaskSuspendAll)
    vTaskSwitchContext                       0x080061cd   Thumb Code   162  tasks.o(i.vTaskSwitchContext)
    xPortStartScheduler                      0x080062b9   Thumb Code   258  port.o(i.xPortStartScheduler)
    xPortSysTickHandler                      0x08006411   Thumb Code    46  port.o(i.xPortSysTickHandler)
    xTaskCreate                              0x08006445   Thumb Code    96  tasks.o(i.xTaskCreate)
    xTaskGetSchedulerState                   0x080064a5   Thumb Code    24  tasks.o(i.xTaskGetSchedulerState)
    xTaskIncrementTick                       0x080064c5   Thumb Code   272  tasks.o(i.xTaskIncrementTick)
    xTaskResumeAll                           0x08006629   Thumb Code   214  tasks.o(i.xTaskResumeAll)
    __aeabi_d2f                              0x0800674d   Thumb Code     0  d2f.o(x$fpl$d2f)
    _d2f                                     0x0800674d   Thumb Code    98  d2f.o(x$fpl$d2f)
    __aeabi_dadd                             0x080067b1   Thumb Code     0  daddsub_clz.o(x$fpl$dadd)
    _dadd                                    0x080067b1   Thumb Code   332  daddsub_clz.o(x$fpl$dadd)
    __fpl_dcmp_Inf                           0x08006901   Thumb Code    24  dcmpi.o(x$fpl$dcmpinf)
    __aeabi_cdcmpeq                          0x08006919   Thumb Code     0  deqf.o(x$fpl$deqf)
    _dcmpeq                                  0x08006919   Thumb Code   120  deqf.o(x$fpl$deqf)
    __aeabi_i2d                              0x08006991   Thumb Code     0  dflt_clz.o(x$fpl$dflt)
    _dflt                                    0x08006991   Thumb Code    46  dflt_clz.o(x$fpl$dflt)
    __aeabi_cdcmple                          0x080069c1   Thumb Code     0  dleqf.o(x$fpl$dleqf)
    _dcmple                                  0x080069c1   Thumb Code   120  dleqf.o(x$fpl$dleqf)
    __fpl_dcmple_InfNaN                      0x08006a23   Thumb Code     0  dleqf.o(x$fpl$dleqf)
    __fpl_dnaninf                            0x08006a39   Thumb Code   156  dnaninf.o(x$fpl$dnaninf)
    __fpl_dretinf                            0x08006ad5   Thumb Code    12  dretinf.o(x$fpl$dretinf)
    __aeabi_cdrcmple                         0x08006ae1   Thumb Code     0  drleqf.o(x$fpl$drleqf)
    _drcmple                                 0x08006ae1   Thumb Code   108  drleqf.o(x$fpl$drleqf)
    __aeabi_dsub                             0x08006b4d   Thumb Code     0  daddsub_clz.o(x$fpl$dsub)
    _dsub                                    0x08006b4d   Thumb Code   464  daddsub_clz.o(x$fpl$dsub)
    __aeabi_f2d                              0x08006d21   Thumb Code     0  f2d.o(x$fpl$f2d)
    _f2d                                     0x08006d21   Thumb Code    86  f2d.o(x$fpl$f2d)
    __aeabi_ul2f                             0x08006d77   Thumb Code     0  ffltll_clz.o(x$fpl$ffltll)
    _ll_uto_f                                0x08006d77   Thumb Code     6  ffltll_clz.o(x$fpl$ffltll)
    __aeabi_l2f                              0x08006d7d   Thumb Code     0  ffltll_clz.o(x$fpl$ffltll)
    _ll_sto_f                                0x08006d7d   Thumb Code    90  ffltll_clz.o(x$fpl$ffltll)
    __fpl_fnaninf                            0x08006dd7   Thumb Code   140  fnaninf.o(x$fpl$fnaninf)
    _fp_init                                 0x08006e63   Thumb Code    10  fpinit.o(x$fpl$fpinit)
    __fplib_config_fpu_vfp                   0x08006e6b   Thumb Code     0  fpinit.o(x$fpl$fpinit)
    __fplib_config_pureend_doubles           0x08006e6b   Thumb Code     0  fpinit.o(x$fpl$fpinit)
    __fpl_fretinf                            0x08006e6d   Thumb Code    10  fretinf.o(x$fpl$fretinf)
    __I$use$fp                               0x08006e76   Number         0  usenofp.o(x$fpl$usenofp)
    Region$$Table$$Base                      0x08006e8c   Number         0  anon$$obj.o(Region$$Table)
    Region$$Table$$Limit                     0x08006eac   Number         0  anon$$obj.o(Region$$Table)
    pxCurrentTCB                             0x20000034   Data           4  tasks.o(.data)
    SystemCoreClock                          0x2000007c   Data           4  system_stm32f4xx.o(.data)
    AHBPrescTable                            0x20000080   Data          16  system_stm32f4xx.o(.data)
    NUC_Lost_Flag_Music                      0x20000090   Data           1  led.o(.data)
    CPU_RunTime                              0x20000094   Data           4  tim2.o(.data)
    NUC_Decode_Task_Handler                  0x2000009c   Data           4  app_task.o(.data)
    USART8_Send_Task_Handler                 0x200000a0   Data           4  app_task.o(.data)
    Up_To_Down_Decode_Task_Handler           0x200000a4   Data           4  app_task.o(.data)
    IMU_Get_Data_Task_Handler                0x200000a8   Data           4  app_task.o(.data)
    PTZ_Control_Task_Handler                 0x200000ac   Data           4  app_task.o(.data)
    MoCaLun_Control_Task_Handler             0x200000b0   Data           4  app_task.o(.data)
    Heart_Task_Handler                       0x200000b4   Data           4  app_task.o(.data)
    Chassis_Accel                            0x200000b8   Data           2  usart.o(.data)
    Swing_Flag                               0x200000ba   Data           1  usart.o(.data)
    __stdout                                 0x200000bc   Data           4  usart.o(.data)
    Yaw_Angle                                0x200000c0   Data           4  usart.o(.data)
    Pitch_Angle                              0x200000c4   Data           2  usart.o(.data)
    Pitch_Speed                              0x200000c6   Data           2  usart.o(.data)
    Yaw_Speed                                0x200000c8   Data           2  usart.o(.data)
    Output_On                                0x200000ca   Data           2  usart.o(.data)
    NUC_Get_Time                             0x200000cc   Data           4  usart.o(.data)
    Last_Pitch_Angle                         0x200000d0   Data           2  usart.o(.data)
    PTZ_Mode                                 0x200000d4   Data           1  ptz.o(.data)
    Lost_Angle                               0x200000d8   Data           4  ptz.o(.data)
    pitch                                    0x200000dc   Data           4  ptz.o(.data)
    yaw                                      0x200000e0   Data           4  ptz.o(.data)
    PITCH_UP                                 0x200000e4   Data           4  ptz.o(.data)
    PITCH_DOWN                               0x200000e8   Data           4  ptz.o(.data)
    Yaw_Motor_205_Number                     0x200000fc   Data           4  can.o(.data)
    Yaw_Real_MechanicalAngle                 0x20000100   Data           8  can.o(.data)
    Pitch_Real_MechanicalAngle               0x20000108   Data           8  can.o(.data)
    Yaw_Real_Angle                           0x20000110   Data           4  can.o(.data)
    Yaw_Send_NUC_Angle                       0x20000114   Data           4  can.o(.data)
    PTZ_MPU_Ignore                           0x2000013c   Data           2  imu.o(.data)
    Yaw_Send_NUC_Angle_IMU                   0x20000140   Data           4  imu.o(.data)
    DR16_Flash_Val                           0x20000144   Data           2  dr16.o(.data)
    Fricion_Speed_203                        0x20000148   Data           4  shoot.o(.data)
    Fricion_Speed_204                        0x2000014c   Data           4  shoot.o(.data)
    Shoot_Allow_PWM                          0x20000150   Data           4  severo.o(.data)
    Shoot_Forbid_PWM                         0x20000154   Data           4  severo.o(.data)
    Shoot_Forbid_PWM1                        0x20000158   Data           4  severo.o(.data)
    NUC_Lost_Time                            0x2000015c   Data           4  general.o(.data)
    Up_To_Down_TypeStruct                    0x2001244c   Data          18  usart.o(.bss)
    Down_To_Up_TypeStruct                    0x2001245e   Data          12  usart.o(.bss)
    Down_NUC_Data_TypeStruct                 0x2001246c   Data          20  usart.o(.bss)
    Up_To_DOWN_Rx                            0x20012480   Data          17  usart.o(.bss)
    Down_To_Up_Tx                            0x20012491   Data          10  usart.o(.bss)
    Usart3Rx_Info                            0x2001249b   Data          10  usart.o(.bss)
    Send_NUC                                 0x200124a5   Data          23  usart.o(.bss)
    PTZ_Init_Value                           0x200124bc   Data          20  ptz.o(.bss)
    Friction_Wheel_203                       0x200124d0   Data          10  can.o(.bss)
    Friction_Wheel_204                       0x200124da   Data          10  can.o(.bss)
    Pitch_Motor_206                          0x200124e4   Data          10  can.o(.bss)
    Yaw_Motor_205                            0x200124ee   Data          10  can.o(.bss)
    PID_Yaw_205_Mechanical                   0x200124f8   Data         104  pid.o(.bss)
    PID_Yaw_205_Speed                        0x20012560   Data         104  pid.o(.bss)
    PID_Pitch_206_Mechanical                 0x200125c8   Data         104  pid.o(.bss)
    PID_Pitch_206_Speed                      0x20012630   Data         104  pid.o(.bss)
    PID_Pitch_206_Mechanical_1               0x20012698   Data         104  pid.o(.bss)
    PID_Pitch_206_Speed_1                    0x20012700   Data         104  pid.o(.bss)
    PID_Yaw_205_Mechanical_1                 0x20012768   Data         104  pid.o(.bss)
    PID_Yaw_205_Speed_1                      0x200127d0   Data         104  pid.o(.bss)
    PID_Armor_Yaw_205_Mechanical             0x20012838   Data         104  pid.o(.bss)
    PID_Armor_Yaw_205_Speed                  0x200128a0   Data         104  pid.o(.bss)
    PID_Armor_Pitch_206_Mechanical           0x20012908   Data         104  pid.o(.bss)
    PID_Armor_Pitch_206_Speed                0x20012970   Data         104  pid.o(.bss)
    PID_Friction_Wheel_203                   0x200129d8   Data         104  pid.o(.bss)
    PID_Friction_Wheel_204                   0x20012a40   Data         104  pid.o(.bss)
    IMU_Raw_Data                             0x20012aa8   Data          20  imu.o(.bss)
    IMU_Real_Data                            0x20012ac0   Data          48  imu.o(.bss)
    IMU_Offset_Data                          0x20012af0   Data          48  imu.o(.bss)
    DBUS                                     0x20012b20   Data          22  dr16.o(.bss)
    __libspace_start                         0x20012b80   Data          96  libspace.o(.bss)
    __temporary_stack_top$libspace           0x20012be0   Data           0  libspace.o(.bss)



==============================================================================

Memory Map of the image

  Image Entry point : 0x080001ad

  Load Region LR_IROM1 (Base: 0x08000000, Size: 0x00007014, Max: 0x00200000, ABSOLUTE, COMPRESSED[0x00006ee4])

    Execution Region ER_IROM1 (Exec base: 0x08000000, Load base: 0x08000000, Size: 0x00006eac, Max: 0x00200000, ABSOLUTE)

    Exec Addr    Load Addr    Size         Type   Attr      Idx    E Section Name        Object

    0x08000000   0x08000000   0x000001ac   Data   RO            3    RESET               startup_stm32f427_437xx.o
    0x080001ac   0x080001ac   0x00000008   Code   RO         3996  * !!!main             c_w.l(__main.o)
    0x080001b4   0x080001b4   0x00000034   Code   RO         4227    !!!scatter          c_w.l(__scatter.o)
    0x080001e8   0x080001e8   0x0000005a   Code   RO         4225    !!dczerorl2         c_w.l(__dczerorl2.o)
    0x08000242   0x08000242   0x00000002   PAD
    0x08000244   0x08000244   0x0000001c   Code   RO         4229    !!handler_zi        c_w.l(__scatter_zi.o)
    0x08000260   0x08000260   0x00000000   Code   RO         3983    .ARM.Collect$$_printf_percent$$00000000  c_w.l(_printf_percent.o)
    0x08000260   0x08000260   0x00000006   Code   RO         3981    .ARM.Collect$$_printf_percent$$00000009  c_w.l(_printf_d.o)
    0x08000266   0x08000266   0x00000006   Code   RO         3980    .ARM.Collect$$_printf_percent$$00000014  c_w.l(_printf_s.o)
    0x0800026c   0x0800026c   0x00000004   Code   RO         4043    .ARM.Collect$$_printf_percent$$00000017  c_w.l(_printf_percent_end.o)
    0x08000270   0x08000270   0x00000002   Code   RO         4095    .ARM.Collect$$libinit$$00000000  c_w.l(libinit.o)
    0x08000272   0x08000272   0x00000004   Code   RO         4105    .ARM.Collect$$libinit$$00000001  c_w.l(libinit2.o)
    0x08000276   0x08000276   0x00000000   Code   RO         4108    .ARM.Collect$$libinit$$00000004  c_w.l(libinit2.o)
    0x08000276   0x08000276   0x00000000   Code   RO         4111    .ARM.Collect$$libinit$$0000000A  c_w.l(libinit2.o)
    0x08000276   0x08000276   0x00000000   Code   RO         4113    .ARM.Collect$$libinit$$0000000C  c_w.l(libinit2.o)
    0x08000276   0x08000276   0x00000000   Code   RO         4115    .ARM.Collect$$libinit$$0000000E  c_w.l(libinit2.o)
    0x08000276   0x08000276   0x00000000   Code   RO         4118    .ARM.Collect$$libinit$$00000011  c_w.l(libinit2.o)
    0x08000276   0x08000276   0x00000000   Code   RO         4120    .ARM.Collect$$libinit$$00000013  c_w.l(libinit2.o)
    0x08000276   0x08000276   0x00000000   Code   RO         4122    .ARM.Collect$$libinit$$00000015  c_w.l(libinit2.o)
    0x08000276   0x08000276   0x00000000   Code   RO         4124    .ARM.Collect$$libinit$$00000017  c_w.l(libinit2.o)
    0x08000276   0x08000276   0x00000000   Code   RO         4126    .ARM.Collect$$libinit$$00000019  c_w.l(libinit2.o)
    0x08000276   0x08000276   0x00000000   Code   RO         4128    .ARM.Collect$$libinit$$0000001B  c_w.l(libinit2.o)
    0x08000276   0x08000276   0x00000000   Code   RO         4130    .ARM.Collect$$libinit$$0000001D  c_w.l(libinit2.o)
    0x08000276   0x08000276   0x00000000   Code   RO         4132    .ARM.Collect$$libinit$$0000001F  c_w.l(libinit2.o)
    0x08000276   0x08000276   0x00000000   Code   RO         4134    .ARM.Collect$$libinit$$00000021  c_w.l(libinit2.o)
    0x08000276   0x08000276   0x00000000   Code   RO         4136    .ARM.Collect$$libinit$$00000023  c_w.l(libinit2.o)
    0x08000276   0x08000276   0x00000000   Code   RO         4138    .ARM.Collect$$libinit$$00000025  c_w.l(libinit2.o)
    0x08000276   0x08000276   0x00000000   Code   RO         4142    .ARM.Collect$$libinit$$0000002C  c_w.l(libinit2.o)
    0x08000276   0x08000276   0x00000000   Code   RO         4144    .ARM.Collect$$libinit$$0000002E  c_w.l(libinit2.o)
    0x08000276   0x08000276   0x00000000   Code   RO         4146    .ARM.Collect$$libinit$$00000030  c_w.l(libinit2.o)
    0x08000276   0x08000276   0x00000000   Code   RO         4148    .ARM.Collect$$libinit$$00000032  c_w.l(libinit2.o)
    0x08000276   0x08000276   0x00000002   Code   RO         4149    .ARM.Collect$$libinit$$00000033  c_w.l(libinit2.o)
    0x08000278   0x08000278   0x00000002   Code   RO         4177    .ARM.Collect$$libshutdown$$00000000  c_w.l(libshutdown.o)
    0x0800027a   0x0800027a   0x00000000   Code   RO         4191    .ARM.Collect$$libshutdown$$00000002  c_w.l(libshutdown2.o)
    0x0800027a   0x0800027a   0x00000000   Code   RO         4193    .ARM.Collect$$libshutdown$$00000004  c_w.l(libshutdown2.o)
    0x0800027a   0x0800027a   0x00000000   Code   RO         4196    .ARM.Collect$$libshutdown$$00000007  c_w.l(libshutdown2.o)
    0x0800027a   0x0800027a   0x00000000   Code   RO         4199    .ARM.Collect$$libshutdown$$0000000A  c_w.l(libshutdown2.o)
    0x0800027a   0x0800027a   0x00000000   Code   RO         4201    .ARM.Collect$$libshutdown$$0000000C  c_w.l(libshutdown2.o)
    0x0800027a   0x0800027a   0x00000000   Code   RO         4204    .ARM.Collect$$libshutdown$$0000000F  c_w.l(libshutdown2.o)
    0x0800027a   0x0800027a   0x00000002   Code   RO         4205    .ARM.Collect$$libshutdown$$00000010  c_w.l(libshutdown2.o)
    0x0800027c   0x0800027c   0x00000000   Code   RO         4030    .ARM.Collect$$rtentry$$00000000  c_w.l(__rtentry.o)
    0x0800027c   0x0800027c   0x00000000   Code   RO         4058    .ARM.Collect$$rtentry$$00000002  c_w.l(__rtentry2.o)
    0x0800027c   0x0800027c   0x00000006   Code   RO         4070    .ARM.Collect$$rtentry$$00000004  c_w.l(__rtentry4.o)
    0x08000282   0x08000282   0x00000000   Code   RO         4060    .ARM.Collect$$rtentry$$00000009  c_w.l(__rtentry2.o)
    0x08000282   0x08000282   0x00000004   Code   RO         4061    .ARM.Collect$$rtentry$$0000000A  c_w.l(__rtentry2.o)
    0x08000286   0x08000286   0x00000000   Code   RO         4063    .ARM.Collect$$rtentry$$0000000C  c_w.l(__rtentry2.o)
    0x08000286   0x08000286   0x00000008   Code   RO         4064    .ARM.Collect$$rtentry$$0000000D  c_w.l(__rtentry2.o)
    0x0800028e   0x0800028e   0x00000002   Code   RO         4099    .ARM.Collect$$rtexit$$00000000  c_w.l(rtexit.o)
    0x08000290   0x08000290   0x00000000   Code   RO         4151    .ARM.Collect$$rtexit$$00000002  c_w.l(rtexit2.o)
    0x08000290   0x08000290   0x00000004   Code   RO         4152    .ARM.Collect$$rtexit$$00000003  c_w.l(rtexit2.o)
    0x08000294   0x08000294   0x00000006   Code   RO         4153    .ARM.Collect$$rtexit$$00000004  c_w.l(rtexit2.o)
    0x0800029a   0x0800029a   0x00000002   PAD
    0x0800029c   0x0800029c   0x000000b6   Code   RO         2017    .emb_text           port.o
    0x08000352   0x08000352   0x00000002   PAD
    0x08000354   0x08000354   0x00000040   Code   RO            4    .text               startup_stm32f427_437xx.o
    0x08000394   0x08000394   0x00000002   Code   RO         3941    .text               c_w.l(use_no_semi_2.o)
    0x08000396   0x08000396   0x00000048   Code   RO         3943    .text               c_w.l(llsdiv.o)
    0x080003de   0x080003de   0x00000002   PAD
    0x080003e0   0x080003e0   0x00000018   Code   RO         3949    .text               c_w.l(noretval__2printf.o)
    0x080003f8   0x080003f8   0x00000068   Code   RO         3953    .text               c_w.l(__printf.o)
    0x08000460   0x08000460   0x00000052   Code   RO         3955    .text               c_w.l(_printf_str.o)
    0x080004b2   0x080004b2   0x00000002   PAD
    0x080004b4   0x080004b4   0x00000078   Code   RO         3957    .text               c_w.l(_printf_dec.o)
    0x0800052c   0x0800052c   0x00000064   Code   RO         3990    .text               c_w.l(rt_memcpy_w.o)
    0x08000590   0x08000590   0x00000010   Code   RO         3992    .text               c_w.l(aeabi_memset.o)
    0x080005a0   0x080005a0   0x00000006   Code   RO         3994    .text               c_w.l(heapauxi.o)
    0x080005a6   0x080005a6   0x00000002   Code   RO         4028    .text               c_w.l(use_no_semi.o)
    0x080005a8   0x080005a8   0x000000ee   Code   RO         4031    .text               c_w.l(lludivv7m.o)
    0x08000696   0x08000696   0x000000b2   Code   RO         4033    .text               c_w.l(_printf_intcommon.o)
    0x08000748   0x08000748   0x00000030   Code   RO         4035    .text               c_w.l(_printf_char_common.o)
    0x08000778   0x08000778   0x0000002c   Code   RO         4039    .text               c_w.l(_printf_char.o)
    0x080007a4   0x080007a4   0x00000024   Code   RO         4041    .text               c_w.l(_printf_char_file.o)
    0x080007c8   0x080007c8   0x00000044   Code   RO         4044    .text               c_w.l(rt_memclr.o)
    0x0800080c   0x0800080c   0x00000008   Code   RO         4078    .text               c_w.l(ferror.o)
    0x08000814   0x08000814   0x0000004e   Code   RO         4082    .text               c_w.l(rt_memclr_w.o)
    0x08000862   0x08000862   0x0000004a   Code   RO         4084    .text               c_w.l(sys_stackheap_outer.o)
    0x080008ac   0x080008ac   0x00000012   Code   RO         4088    .text               c_w.l(exit.o)
    0x080008be   0x080008be   0x00000002   PAD
    0x080008c0   0x080008c0   0x00000008   Code   RO         4096    .text               c_w.l(libspace.o)
    0x080008c8   0x080008c8   0x0000002c   Code   RO         2948    i.BaseHardwork_Init  main.o
    0x080008f4   0x080008f4   0x000000a4   Code   RO         3227    i.Beep_Init         beep.o
    0x08000998   0x08000998   0x00000010   Code   RO         3228    i.Beep_OFF          beep.o
    0x080009a8   0x080009a8   0x00000010   Code   RO         3229    i.Beep_ON           beep.o
    0x080009b8   0x080009b8   0x00000004   Code   RO         3091    i.BusFault_Handler  stm32f4xx_it.o
    0x080009bc   0x080009bc   0x00000124   Code   RO         3607    i.CAN1_Init         can.o
    0x08000ae0   0x08000ae0   0x000000e8   Code   RO         3608    i.CAN1_RX0_IRQHandler  can.o
    0x08000bc8   0x08000bc8   0x0000007c   Code   RO         3609    i.CAN1_TX_Friction  can.o
    0x08000c44   0x08000c44   0x00000024   Code   RO         3610    i.CAN1_TX_IRQHandler  can.o
    0x08000c68   0x08000c68   0x0000007c   Code   RO         3611    i.CAN1_TX_PTZ       can.o
    0x08000ce4   0x08000ce4   0x000000a8   Code   RO          169    i.CAN_ClearITPendingBit  stm32f4xx_can.o
    0x08000d8c   0x08000d8c   0x00000038   Code   RO          171    i.CAN_DeInit        stm32f4xx_can.o
    0x08000dc4   0x08000dc4   0x00000108   Code   RO          173    i.CAN_FilterInit    stm32f4xx_can.o
    0x08000ecc   0x08000ecc   0x00000120   Code   RO          175    i.CAN_GetITStatus   stm32f4xx_can.o
    0x08000fec   0x08000fec   0x00000012   Code   RO          179    i.CAN_ITConfig      stm32f4xx_can.o
    0x08000ffe   0x08000ffe   0x00000114   Code   RO          180    i.CAN_Init          stm32f4xx_can.o
    0x08001112   0x08001112   0x000000f0   Code   RO          183    i.CAN_Receive       stm32f4xx_can.o
    0x08001202   0x08001202   0x00000020   Code   RO          186    i.CAN_StructInit    stm32f4xx_can.o
    0x08001222   0x08001222   0x00000126   Code   RO          188    i.CAN_Transmit      stm32f4xx_can.o
    0x08001348   0x08001348   0x00000012   Code   RO          191    i.CheckITStatus     stm32f4xx_can.o
    0x0800135a   0x0800135a   0x00000002   PAD
    0x0800135c   0x0800135c   0x0000003c   Code   RO         3381    i.DMA1_Stream0_IRQHandler  usart.o
    0x08001398   0x08001398   0x00000030   Code   RO         3382    i.DMA1_Stream3_IRQHandler  usart.o
    0x080013c8   0x080013c8   0x00000034   Code   RO          330    i.DMA_ClearFlag     stm32f4xx_dma.o
    0x080013fc   0x080013fc   0x00000034   Code   RO          331    i.DMA_ClearITPendingBit  stm32f4xx_dma.o
    0x08001430   0x08001430   0x00000016   Code   RO          332    i.DMA_Cmd           stm32f4xx_dma.o
    0x08001446   0x08001446   0x00000002   PAD
    0x08001448   0x08001448   0x00000158   Code   RO          333    i.DMA_DeInit        stm32f4xx_dma.o
    0x080015a0   0x080015a0   0x00000016   Code   RO          334    i.DMA_DoubleBufferModeCmd  stm32f4xx_dma.o
    0x080015b6   0x080015b6   0x00000018   Code   RO          335    i.DMA_DoubleBufferModeConfig  stm32f4xx_dma.o
    0x080015ce   0x080015ce   0x00000008   Code   RO          338    i.DMA_GetCurrDataCounter  stm32f4xx_dma.o
    0x080015d6   0x080015d6   0x00000014   Code   RO          339    i.DMA_GetCurrentMemoryTarget  stm32f4xx_dma.o
    0x080015ea   0x080015ea   0x00000002   PAD
    0x080015ec   0x080015ec   0x00000064   Code   RO          342    i.DMA_GetITStatus   stm32f4xx_dma.o
    0x08001650   0x08001650   0x0000003a   Code   RO          343    i.DMA_ITConfig      stm32f4xx_dma.o
    0x0800168a   0x0800168a   0x00000002   PAD
    0x0800168c   0x0800168c   0x00000058   Code   RO          344    i.DMA_Init          stm32f4xx_dma.o
    0x080016e4   0x080016e4   0x00000004   Code   RO          347    i.DMA_SetCurrDataCounter  stm32f4xx_dma.o
    0x080016e8   0x080016e8   0x00000014   Code   RO         3780    i.DR16_InitConfig   dr16.o
    0x080016fc   0x080016fc   0x00000002   Code   RO         3092    i.DebugMon_Handler  stm32f4xx_it.o
    0x080016fe   0x080016fe   0x00000002   PAD
    0x08001700   0x08001700   0x00000040   Code   RO         3703    i.EXTI9_5_IRQHandler  imu.o
    0x08001740   0x08001740   0x0000000c   Code   RO          459    i.EXTI_ClearITPendingBit  stm32f4xx_exti.o
    0x0800174c   0x0800174c   0x00000018   Code   RO          463    i.EXTI_GetITStatus  stm32f4xx_exti.o
    0x08001764   0x08001764   0x00000094   Code   RO          464    i.EXTI_Init         stm32f4xx_exti.o
    0x080017f8   0x080017f8   0x00000090   Code   RO          521    i.GPIO_Init         stm32f4xx_gpio.o
    0x08001888   0x08001888   0x00000046   Code   RO          522    i.GPIO_PinAFConfig  stm32f4xx_gpio.o
    0x080018ce   0x080018ce   0x00000004   Code   RO          528    i.GPIO_ResetBits    stm32f4xx_gpio.o
    0x080018d2   0x080018d2   0x00000004   Code   RO          529    i.GPIO_SetBits      stm32f4xx_gpio.o
    0x080018d6   0x080018d6   0x00000008   Code   RO          531    i.GPIO_ToggleBits   stm32f4xx_gpio.o
    0x080018de   0x080018de   0x00000004   Code   RO         3093    i.HardFault_Handler  stm32f4xx_it.o
    0x080018e2   0x080018e2   0x00000002   PAD
    0x080018e4   0x080018e4   0x00000020   Code   RO         3187    i.Heart_Task        led.o
    0x08001904   0x08001904   0x00000204   Code   RO         3704    i.IMU_Get_Data      imu.o
    0x08001b08   0x08001b08   0x0000001c   Code   RO         3705    i.IMU_Get_Data_Task  imu.o
    0x08001b24   0x08001b24   0x00000074   Code   RO         3706    i.IMU_Init          imu.o
    0x08001b98   0x08001b98   0x0000007c   Code   RO         3188    i.LED_Init          led.o
    0x08001c14   0x08001c14   0x00000040   Code   RO         3270    i.Laser_InitConfig  laser.o
    0x08001c54   0x08001c54   0x000000ec   Code   RO         3707    i.MPU6500_Gyro_Cali  imu.o
    0x08001d40   0x08001d40   0x0000002c   Code   RO         3708    i.MPU6500_Read_Reg  imu.o
    0x08001d6c   0x08001d6c   0x00000036   Code   RO         3709    i.MPU6500_Read_Regs  imu.o
    0x08001da2   0x08001da2   0x00000002   PAD
    0x08001da4   0x08001da4   0x0000002c   Code   RO         3710    i.MPU6500_Write_Reg  imu.o
    0x08001dd0   0x08001dd0   0x00000084   Code   RO         3711    i.MPU_6500_Interrupt_InitConfig  imu.o
    0x08001e54   0x08001e54   0x00000004   Code   RO         3094    i.MemManage_Handler  stm32f4xx_it.o
    0x08001e58   0x08001e58   0x0000006c   Code   RO         3824    i.MoCaLun_Close_3508  shoot.o
    0x08001ec4   0x08001ec4   0x00000088   Code   RO         3825    i.MoCaLun_Control_Task  shoot.o
    0x08001f4c   0x08001f4c   0x00000078   Code   RO         3826    i.MoCaLun_Open_3508  shoot.o
    0x08001fc4   0x08001fc4   0x00000002   Code   RO         3095    i.NMI_Handler       stm32f4xx_it.o
    0x08001fc6   0x08001fc6   0x00000002   PAD
    0x08001fc8   0x08001fc8   0x00000190   Code   RO         3383    i.NUC_Decode_Task   usart.o
    0x08002158   0x08002158   0x000001ec   Code   RO         3384    i.NUC_Init          usart.o
    0x08002344   0x08002344   0x00000078   Code   RO           12    i.NVIC_Init         misc.o
    0x080023bc   0x080023bc   0x00000014   Code   RO           13    i.NVIC_PriorityGroupConfig  misc.o
    0x080023d0   0x080023d0   0x00000b28   Code   RO         3671    i.PID_Init          pid.o
    0x08002ef8   0x08002ef8   0x00000170   Code   RO         3544    i.PTZ_Auto_No_Limit  ptz.o
    0x08003068   0x08003068   0x000001a4   Code   RO         3545    i.PTZ_Control_Hand  ptz.o
    0x0800320c   0x0800320c   0x0000008c   Code   RO         3546    i.PTZ_Control_Task  ptz.o
    0x08003298   0x08003298   0x000000c0   Code   RO         3547    i.PTZ_Init_PITCH    ptz.o
    0x08003358   0x08003358   0x000000f0   Code   RO         3548    i.PTZ_Init_Yaw      ptz.o
    0x08003448   0x08003448   0x0000010c   Code   RO         3549    i.P_Swing           ptz.o
    0x08003554   0x08003554   0x00000300   Code   RO         3672    i.Pid_Calc          pid.o
    0x08003854   0x08003854   0x00000184   Code   RO         3612    i.Position_Direction_Judge  can.o
    0x080039d8   0x080039d8   0x00000084   Code   RO         3613    i.Position_Direction_Judge_Pitch  can.o
    0x08003a5c   0x08003a5c   0x00000020   Code   RO          618    i.RCC_AHB1PeriphClockCmd  stm32f4xx_rcc.o
    0x08003a7c   0x08003a7c   0x00000020   Code   RO          627    i.RCC_APB1PeriphClockCmd  stm32f4xx_rcc.o
    0x08003a9c   0x08003a9c   0x00000020   Code   RO          629    i.RCC_APB1PeriphResetCmd  stm32f4xx_rcc.o
    0x08003abc   0x08003abc   0x00000020   Code   RO          630    i.RCC_APB2PeriphClockCmd  stm32f4xx_rcc.o
    0x08003adc   0x08003adc   0x00000020   Code   RO          632    i.RCC_APB2PeriphResetCmd  stm32f4xx_rcc.o
    0x08003afc   0x08003afc   0x000000e8   Code   RO          639    i.RCC_GetClocksFreq  stm32f4xx_rcc.o
    0x08003be4   0x08003be4   0x0000014c   Code   RO         3781    i.RC_Init           dr16.o
    0x08003d30   0x08003d30   0x000000c0   Code   RO         3782    i.SBUS_TO_RC        dr16.o
    0x08003df0   0x08003df0   0x00000038   Code   RO         3290    i.SPI5_ReadWriteByte  spi.o
    0x08003e28   0x08003e28   0x00000018   Code   RO         1764    i.SPI_Cmd           stm32f4xx_spi.o
    0x08003e40   0x08003e40   0x000000e0   Code   RO         3291    i.SPI_GPIO_InitConfig  spi.o
    0x08003f20   0x08003f20   0x00000012   Code   RO         1772    i.SPI_I2S_GetFlagStatus  stm32f4xx_spi.o
    0x08003f32   0x08003f32   0x00000006   Code   RO         1775    i.SPI_I2S_ReceiveData  stm32f4xx_spi.o
    0x08003f38   0x08003f38   0x00000004   Code   RO         1776    i.SPI_I2S_SendData  stm32f4xx_spi.o
    0x08003f3c   0x08003f3c   0x0000003c   Code   RO         1777    i.SPI_Init          stm32f4xx_spi.o
    0x08003f78   0x08003f78   0x00000040   Code   RO          955    i.SYSCFG_EXTILineConfig  stm32f4xx_syscfg.o
    0x08003fb8   0x08003fb8   0x00000120   Code   RO         3150    i.SetSysClock       system_stm32f4xx.o
    0x080040d8   0x080040d8   0x000000a0   Code   RO         3868    i.Severo_Init       severo.o
    0x08004178   0x08004178   0x00000018   Code   RO         3869    i.Shoot_Allow       severo.o
    0x08004190   0x08004190   0x00000018   Code   RO         3870    i.Shoot_Forbid      severo.o
    0x080041a8   0x080041a8   0x00000018   Code   RO         3871    i.Shoot_Forbid1     severo.o
    0x080041c0   0x080041c0   0x00000024   Code   RO         3827    i.Shoot_Init        shoot.o
    0x080041e4   0x080041e4   0x00000028   Code   RO           16    i.SysTick_CLKSourceConfig  misc.o
    0x0800420c   0x0800420c   0x00000010   Code   RO         3096    i.SysTick_Handler   stm32f4xx_it.o
    0x0800421c   0x0800421c   0x00000068   Code   RO         3152    i.SystemInit        system_stm32f4xx.o
    0x08004284   0x08004284   0x00000024   Code   RO         3316    i.TIM2_IRQHandler   tim2.o
    0x080042a8   0x080042a8   0x000000e8   Code   RO         3909    i.TIM7_IRQHandler   general.o
    0x08004390   0x08004390   0x00000018   Code   RO         1012    i.TIM_ARRPreloadConfig  stm32f4xx_tim.o
    0x080043a8   0x080043a8   0x00000006   Code   RO         1019    i.TIM_ClearITPendingBit  stm32f4xx_tim.o
    0x080043ae   0x080043ae   0x00000018   Code   RO         1024    i.TIM_Cmd           stm32f4xx_tim.o
    0x080043c6   0x080043c6   0x00000022   Code   RO         1045    i.TIM_GetITStatus   stm32f4xx_tim.o
    0x080043e8   0x080043e8   0x00000012   Code   RO         1049    i.TIM_ITConfig      stm32f4xx_tim.o
    0x080043fa   0x080043fa   0x00000002   PAD
    0x080043fc   0x080043fc   0x0000007c   Code   RO         1053    i.TIM_OC1Init       stm32f4xx_tim.o
    0x08004478   0x08004478   0x00000012   Code   RO         1056    i.TIM_OC1PreloadConfig  stm32f4xx_tim.o
    0x0800448a   0x0800448a   0x00000002   PAD
    0x0800448c   0x0800448c   0x00000078   Code   RO         1068    i.TIM_OC4Init       stm32f4xx_tim.o
    0x08004504   0x08004504   0x0000001a   Code   RO         1070    i.TIM_OC4PreloadConfig  stm32f4xx_tim.o
    0x0800451e   0x0800451e   0x00000004   Code   RO         1086    i.TIM_SetCompare1   stm32f4xx_tim.o
    0x08004522   0x08004522   0x00000004   Code   RO         1089    i.TIM_SetCompare4   stm32f4xx_tim.o
    0x08004526   0x08004526   0x00000002   PAD
    0x08004528   0x08004528   0x00000084   Code   RO         1096    i.TIM_TimeBaseInit  stm32f4xx_tim.o
    0x080045ac   0x080045ac   0x00000060   Code   RO         3910    i.Tick_TIM7_Init    general.o
    0x0800460c   0x0800460c   0x0000006c   Code   RO         3385    i.UART8_IRQHandler  usart.o
    0x08004678   0x08004678   0x000000dc   Code   RO         3783    i.USART1_IRQHandler  dr16.o
    0x08004754   0x08004754   0x0000006c   Code   RO         3386    i.USART3_IRQHandler  usart.o
    0x080047c0   0x080047c0   0x00000254   Code   RO         3387    i.USART3_Send_NUC   usart.o
    0x08004a14   0x08004a14   0x00000028   Code   RO         3388    i.USART6_IRQHandler  usart.o
    0x08004a3c   0x08004a3c   0x000000b4   Code   RO         3389    i.USART6_Init       usart.o
    0x08004af0   0x08004af0   0x000001e4   Code   RO         3390    i.USART8_Init       usart.o
    0x08004cd4   0x08004cd4   0x000000b0   Code   RO         3391    i.USART8_Send_Task  usart.o
    0x08004d84   0x08004d84   0x00000012   Code   RO         1570    i.USART_ClearFlag   stm32f4xx_usart.o
    0x08004d96   0x08004d96   0x00000018   Code   RO         1574    i.USART_Cmd         stm32f4xx_usart.o
    0x08004dae   0x08004dae   0x00000012   Code   RO         1575    i.USART_DMACmd      stm32f4xx_usart.o
    0x08004dc0   0x08004dc0   0x000000f0   Code   RO         1576    i.USART_DeInit      stm32f4xx_usart.o
    0x08004eb0   0x08004eb0   0x0000001a   Code   RO         1577    i.USART_GetFlagStatus  stm32f4xx_usart.o
    0x08004eca   0x08004eca   0x00000054   Code   RO         1578    i.USART_GetITStatus  stm32f4xx_usart.o
    0x08004f1e   0x08004f1e   0x0000004a   Code   RO         1580    i.USART_ITConfig    stm32f4xx_usart.o
    0x08004f68   0x08004f68   0x000000d4   Code   RO         1581    i.USART_Init        stm32f4xx_usart.o
    0x0800503c   0x0800503c   0x0000000a   Code   RO         1588    i.USART_ReceiveData  stm32f4xx_usart.o
    0x08005046   0x08005046   0x00000008   Code   RO         1591    i.USART_SendData    stm32f4xx_usart.o
    0x0800504e   0x0800504e   0x00000002   PAD
    0x08005050   0x08005050   0x00000110   Code   RO         3393    i.Up_To_Down_Decode_Task  usart.o
    0x08005160   0x08005160   0x00000004   Code   RO         3097    i.UsageFault_Handler  stm32f4xx_it.o
    0x08005164   0x08005164   0x0000007c   Code   RO         3550    i.Y_Swing           ptz.o
    0x080051e0   0x080051e0   0x00000014   Code   RO         4022    i.__hardfp_fabs     m_wm.l(fabs.o)
    0x080051f4   0x080051f4   0x00000004   Code   RO         3394    i._sys_exit         usart.o
    0x080051f8   0x080051f8   0x0000000c   Code   RO         3395    i.bit32TObit8       usart.o
    0x08005204   0x08005204   0x00000044   Code   RO         2884    i.delay_init        delay.o
    0x08005248   0x08005248   0x00000040   Code   RO         2885    i.delay_ms          delay.o
    0x08005288   0x08005288   0x00000048   Code   RO         2886    i.delay_us          delay.o
    0x080052d0   0x080052d0   0x00000024   Code   RO         3398    i.fputc             usart.o
    0x080052f4   0x080052f4   0x00000018   Code   RO         3399    i.int8ToShort       usart.o
    0x0800530c   0x0800530c   0x00000020   Code   RO         2949    i.main              main.o
    0x0800532c   0x0800532c   0x00000098   Code   RO         2488    i.prvAddCurrentTaskToDelayedList  tasks.o
    0x080053c4   0x080053c4   0x000000b8   Code   RO         2489    i.prvAddNewTaskToReadyList  tasks.o
    0x0800547c   0x0800547c   0x00000048   Code   RO         2490    i.prvCheckTasksWaitingTermination  tasks.o
    0x080054c4   0x080054c4   0x00000012   Code   RO         2491    i.prvDeleteTCB      tasks.o
    0x080054d6   0x080054d6   0x00000002   PAD
    0x080054d8   0x080054d8   0x0000007c   Code   RO         1922    i.prvHeapInit       heap_4.o
    0x08005554   0x08005554   0x00000028   Code   RO         2492    i.prvIdleTask       tasks.o
    0x0800557c   0x0800557c   0x000000e4   Code   RO         2493    i.prvInitialiseNewTask  tasks.o
    0x08005660   0x08005660   0x00000068   Code   RO         2494    i.prvInitialiseTaskLists  tasks.o
    0x080056c8   0x080056c8   0x00000068   Code   RO         1923    i.prvInsertBlockIntoFreeList  heap_4.o
    0x08005730   0x08005730   0x00000034   Code   RO         2496    i.prvResetNextTaskUnblockTime  tasks.o
    0x08005764   0x08005764   0x00000070   Code   RO         2018    i.prvTaskExitError  port.o
    0x080057d4   0x080057d4   0x00000150   Code   RO         1924    i.pvPortMalloc      heap_4.o
    0x08005924   0x08005924   0x0000002c   Code   RO         2019    i.pxPortInitialiseStack  port.o
    0x08005950   0x08005950   0x0000000c   Code   RO         3400    i.shortToint8       usart.o
    0x0800595c   0x0800595c   0x0000000c   Code   RO         3401    i.shortTou8         usart.o
    0x08005968   0x08005968   0x0000002c   Code   RO         3348    i.startTask         app_task.o
    0x08005994   0x08005994   0x0000016c   Code   RO         3349    i.start_task        app_task.o
    0x08005b00   0x08005b00   0x00000018   Code   RO         3402    i.u8ToShort         usart.o
    0x08005b18   0x08005b18   0x00000074   Code   RO         2501    i.ulTaskNotifyTake  tasks.o
    0x08005b8c   0x08005b8c   0x00000028   Code   RO         2235    i.uxListRemove      list.o
    0x08005bb4   0x08005bb4   0x0000001a   Code   RO         2236    i.vListInitialise   list.o
    0x08005bce   0x08005bce   0x00000006   Code   RO         2237    i.vListInitialiseItem  list.o
    0x08005bd4   0x08005bd4   0x00000034   Code   RO         2238    i.vListInsert       list.o
    0x08005c08   0x08005c08   0x00000018   Code   RO         2239    i.vListInsertEnd    list.o
    0x08005c20   0x08005c20   0x00000084   Code   RO         2021    i.vPortEnterCritical  port.o
    0x08005ca4   0x08005ca4   0x0000006c   Code   RO         2022    i.vPortExitCritical  port.o
    0x08005d10   0x08005d10   0x000000b4   Code   RO         1925    i.vPortFree         heap_4.o
    0x08005dc4   0x08005dc4   0x00000020   Code   RO         2023    i.vPortSetupTimerInterrupt  port.o
    0x08005de4   0x08005de4   0x0000009c   Code   RO         2024    i.vPortValidateInterruptPriority  port.o
    0x08005e80   0x08005e80   0x00000078   Code   RO         2508    i.vTaskDelay        tasks.o
    0x08005ef8   0x08005ef8   0x00000110   Code   RO         2510    i.vTaskDelete       tasks.o
    0x08006008   0x08006008   0x00000104   Code   RO         2517    i.vTaskNotifyGiveFromISR  tasks.o
    0x0800610c   0x0800610c   0x000000b0   Code   RO         2526    i.vTaskStartScheduler  tasks.o
    0x080061bc   0x080061bc   0x00000010   Code   RO         2528    i.vTaskSuspendAll   tasks.o
    0x080061cc   0x080061cc   0x000000ec   Code   RO         2529    i.vTaskSwitchContext  tasks.o
    0x080062b8   0x080062b8   0x00000158   Code   RO         2025    i.xPortStartScheduler  port.o
    0x08006410   0x08006410   0x00000034   Code   RO         2026    i.xPortSysTickHandler  port.o
    0x08006444   0x08006444   0x00000060   Code   RO         2531    i.xTaskCreate       tasks.o
    0x080064a4   0x080064a4   0x00000020   Code   RO         2535    i.xTaskGetSchedulerState  tasks.o
    0x080064c4   0x080064c4   0x00000164   Code   RO         2538    i.xTaskIncrementTick  tasks.o
    0x08006628   0x08006628   0x00000124   Code   RO         2544    i.xTaskResumeAll    tasks.o
    0x0800674c   0x0800674c   0x00000062   Code   RO         3998    x$fpl$d2f           fz_wm.l(d2f.o)
    0x080067ae   0x080067ae   0x00000002   PAD
    0x080067b0   0x080067b0   0x00000150   Code   RO         4000    x$fpl$dadd          fz_wm.l(daddsub_clz.o)
    0x08006900   0x08006900   0x00000018   Code   RO         4046    x$fpl$dcmpinf       fz_wm.l(dcmpi.o)
    0x08006918   0x08006918   0x00000078   Code   RO         4006    x$fpl$deqf          fz_wm.l(deqf.o)
    0x08006990   0x08006990   0x0000002e   Code   RO         4009    x$fpl$dflt          fz_wm.l(dflt_clz.o)
    0x080069be   0x080069be   0x00000002   PAD
    0x080069c0   0x080069c0   0x00000078   Code   RO         4014    x$fpl$dleqf         fz_wm.l(dleqf.o)
    0x08006a38   0x08006a38   0x0000009c   Code   RO         4048    x$fpl$dnaninf       fz_wm.l(dnaninf.o)
    0x08006ad4   0x08006ad4   0x0000000c   Code   RO         4050    x$fpl$dretinf       fz_wm.l(dretinf.o)
    0x08006ae0   0x08006ae0   0x0000006c   Code   RO         4016    x$fpl$drleqf        fz_wm.l(drleqf.o)
    0x08006b4c   0x08006b4c   0x000001d4   Code   RO         4002    x$fpl$dsub          fz_wm.l(daddsub_clz.o)
    0x08006d20   0x08006d20   0x00000056   Code   RO         4018    x$fpl$f2d           fz_wm.l(f2d.o)
    0x08006d76   0x08006d76   0x00000060   Code   RO         4020    x$fpl$ffltll        fz_wm.l(ffltll_clz.o)
    0x08006dd6   0x08006dd6   0x0000008c   Code   RO         4052    x$fpl$fnaninf       fz_wm.l(fnaninf.o)
    0x08006e62   0x08006e62   0x0000000a   Code   RO         4165    x$fpl$fpinit        fz_wm.l(fpinit.o)
    0x08006e6c   0x08006e6c   0x0000000a   Code   RO         4054    x$fpl$fretinf       fz_wm.l(fretinf.o)
    0x08006e76   0x08006e76   0x00000000   Code   RO         4056    x$fpl$usenofp       fz_wm.l(usenofp.o)
    0x08006e76   0x08006e76   0x00000002   PAD
    0x08006e78   0x08006e78   0x00000014   Data   RO         3713    .constdata          imu.o
    0x08006e8c   0x08006e8c   0x00000020   Data   RO         4223    Region$$Table       anon$$obj.o


    Execution Region RW_IRAM1 (Exec base: 0x20000000, Load base: 0x08006eac, Size: 0x000131e0, Max: 0x00030000, ABSOLUTE, COMPRESSED[0x00000038])

    Exec Addr    Load Addr    Size         Type   Attr      Idx    E Section Name        Object

    0x20000000   COMPRESSED   0x00000010   Data   RW          671    .data               stm32f4xx_rcc.o
    0x20000010   COMPRESSED   0x00000018   Data   RW         1930    .data               heap_4.o
    0x20000028   COMPRESSED   0x0000000c   Data   RW         2027    .data               port.o
    0x20000034   COMPRESSED   0x00000044   Data   RW         2547    .data               tasks.o
    0x20000078   COMPRESSED   0x00000004   Data   RW         2888    .data               delay.o
    0x2000007c   COMPRESSED   0x00000014   Data   RW         3153    .data               system_stm32f4xx.o
    0x20000090   COMPRESSED   0x00000001   Data   RW         3189    .data               led.o
    0x20000091   COMPRESSED   0x00000003   PAD
    0x20000094   COMPRESSED   0x00000004   Data   RW         3318    .data               tim2.o
    0x20000098   COMPRESSED   0x00000020   Data   RW         3350    .data               app_task.o
    0x200000b8   COMPRESSED   0x0000001c   Data   RW         3404    .data               usart.o
    0x200000d4   COMPRESSED   0x00000024   Data   RW         3552    .data               ptz.o
    0x200000f8   COMPRESSED   0x00000044   Data   RW         3615    .data               can.o
    0x2000013c   COMPRESSED   0x00000008   Data   RW         3714    .data               imu.o
    0x20000144   COMPRESSED   0x00000004   Data   RW         3785    .data               dr16.o
    0x20000148   COMPRESSED   0x00000008   Data   RW         3828    .data               shoot.o
    0x20000150   COMPRESSED   0x0000000c   Data   RW         3872    .data               severo.o
    0x2000015c   COMPRESSED   0x0000000c   Data   RW         3911    .data               general.o
    0x20000168        -       0x00012000   Zero   RW         1929    .bss                heap_4.o
    0x20012168        -       0x000002e4   Zero   RW         2546    .bss                tasks.o
    0x2001244c        -       0x00000070   Zero   RW         3403    .bss                usart.o
    0x200124bc        -       0x00000014   Zero   RW         3551    .bss                ptz.o
    0x200124d0        -       0x00000028   Zero   RW         3614    .bss                can.o
    0x200124f8        -       0x000005b0   Zero   RW         3673    .bss                pid.o
    0x20012aa8        -       0x00000078   Zero   RW         3712    .bss                imu.o
    0x20012b20        -       0x0000005e   Zero   RW         3784    .bss                dr16.o
    0x20012b7e   COMPRESSED   0x00000002   PAD
    0x20012b80        -       0x00000060   Zero   RW         4097    .bss                c_w.l(libspace.o)
    0x20012be0        -       0x00000200   Zero   RW            2    HEAP                startup_stm32f427_437xx.o
    0x20012de0        -       0x00000400   Zero   RW            1    STACK               startup_stm32f427_437xx.o


==============================================================================

Image component sizes


      Code (inc. data)   RO Data    RW Data    ZI Data      Debug   Object Name

       408        218          0         32          0       1854   app_task.o
       196         18          0          0          0       1677   beep.o
      1328        146          0         68         40       6181   can.o
       204         18          0          4          0       2067   delay.o
       764         50          0          4         94       4174   dr16.o
       328         42          0         12          0       1655   general.o
       744        168          0         24      73728      15735   heap_4.o
      1234         92         20          8        120      11102   imu.o
        64          4          0          0          0        563   laser.o
       156         12          0          1          0       1394   led.o
       148          0          0          0          0       3410   list.o
        76          4          0          0          0       1607   main.o
       180         24          0          0          0     321885   misc.o
      3624        204          0          0       1456       4896   pid.o
      1162        376          0         12          0      11033   port.o
      1752        286          0         36         20       5925   ptz.o
       232         38          0         12          0       2572   severo.o
       400         64          0          8          0       2555   shoot.o
       280         14          0          0          0       1331   spi.o
        64         26        428          0       1536        892   startup_stm32f427_437xx.o
      1654         22          0          0          0       7764   stm32f4xx_can.o
       794         72          0          0          0       9077   stm32f4xx_dma.o
       184         16          0          0          0       2168   stm32f4xx_exti.o
       230          0          0          0          0       3557   stm32f4xx_gpio.o
        36          0          0          0          0       3355   stm32f4xx_it.o
       392         48          0         16          0       5969   stm32f4xx_rcc.o
       112          0          0          0          0       3618   stm32f4xx_spi.o
        64          4          0          0          0        676   stm32f4xx_syscfg.o
       534         46          0          0          0       8279   stm32f4xx_tim.o
       714         42          0          0          0       7561   stm32f4xx_usart.o
       392         32          0         20          0       1861   system_stm32f4xx.o
      2822        686          0         68        740      25844   tasks.o
        36          4          0          4          0       1044   tim2.o
      3088        296          0         28        112      16443   usart.o

    ----------------------------------------------------------------------
     24424       3072        480        360      77848     499724   Object Totals
         0          0         32          0          0          0   (incl. Generated)
        28          0          0          3          2          0   (incl. Padding)

    ----------------------------------------------------------------------

      Code (inc. data)   RO Data    RW Data    ZI Data      Debug   Library Member Name

        90          0          0          0          0          0   __dczerorl2.o
         8          0          0          0          0         68   __main.o
       104          0          0          0          0         84   __printf.o
         0          0          0          0          0          0   __rtentry.o
        12          0          0          0          0          0   __rtentry2.o
         6          0          0          0          0          0   __rtentry4.o
        52          8          0          0          0          0   __scatter.o
        28          0          0          0          0          0   __scatter_zi.o
        44          0          0          0          0        108   _printf_char.o
        48          6          0          0          0         96   _printf_char_common.o
        36          4          0          0          0         80   _printf_char_file.o
         6          0          0          0          0          0   _printf_d.o
       120         16          0          0          0         92   _printf_dec.o
       178          0          0          0          0         88   _printf_intcommon.o
         0          0          0          0          0          0   _printf_percent.o
         4          0          0          0          0          0   _printf_percent_end.o
         6          0          0          0          0          0   _printf_s.o
        82          0          0          0          0         80   _printf_str.o
        16          0          0          0          0         68   aeabi_memset.o
        18          0          0          0          0         80   exit.o
         8          0          0          0          0         68   ferror.o
         6          0          0          0          0        152   heapauxi.o
         2          0          0          0          0          0   libinit.o
         6          0          0          0          0          0   libinit2.o
         2          0          0          0          0          0   libshutdown.o
         2          0          0          0          0          0   libshutdown2.o
         8          4          0          0         96         68   libspace.o
        72          0          0          0          0         76   llsdiv.o
       238          0          0          0          0        100   lludivv7m.o
        24          4          0          0          0         84   noretval__2printf.o
        68          0          0          0          0         68   rt_memclr.o
        78          0          0          0          0         80   rt_memclr_w.o
       100          0          0          0          0         80   rt_memcpy_w.o
         2          0          0          0          0          0   rtexit.o
        10          0          0          0          0          0   rtexit2.o
        74          0          0          0          0         80   sys_stackheap_outer.o
         2          0          0          0          0         68   use_no_semi.o
         2          0          0          0          0         68   use_no_semi_2.o
        98          4          0          0          0        140   d2f.o
       804         16          0          0          0        368   daddsub_clz.o
        24          0          0          0          0        116   dcmpi.o
       120          4          0          0          0        140   deqf.o
        46          0          0          0          0        116   dflt_clz.o
       120          4          0          0          0        140   dleqf.o
       156          4          0          0          0        140   dnaninf.o
        12          0          0          0          0        116   dretinf.o
       108          0          0          0          0        128   drleqf.o
        86          4          0          0          0        132   f2d.o
        96          0          0          0          0        132   ffltll_clz.o
       140          4          0          0          0        132   fnaninf.o
        10          0          0          0          0        116   fpinit.o
        10          0          0          0          0        116   fretinf.o
         0          0          0          0          0          0   usenofp.o
        20          0          0          0          0        124   fabs.o

    ----------------------------------------------------------------------
      3428         82          0          0         96       3992   Library Totals
        16          0          0          0          0          0   (incl. Padding)

    ----------------------------------------------------------------------

      Code (inc. data)   RO Data    RW Data    ZI Data      Debug   Library Name

      1562         42          0          0         96       1836   c_w.l
      1830         40          0          0          0       2032   fz_wm.l
        20          0          0          0          0        124   m_wm.l

    ----------------------------------------------------------------------
      3428         82          0          0         96       3992   Library Totals

    ----------------------------------------------------------------------

==============================================================================


      Code (inc. data)   RO Data    RW Data    ZI Data      Debug   

     27852       3154        480        360      77944     483280   Grand Totals
     27852       3154        480         56      77944     483280   ELF Image Totals (compressed)
     27852       3154        480         56          0          0   ROM Totals

==============================================================================

    Total RO  Size (Code + RO Data)                28332 (  27.67kB)
    Total RW  Size (RW Data + ZI Data)             78304 (  76.47kB)
    Total ROM Size (Code + RO Data + RW Data)      28388 (  27.72kB)

==============================================================================

