Component: ARM Compiler 5.06 update 6 (build 750) Tool: armlink [4d35ed]

==============================================================================

Section Cross References

    startup_stm32f427_437xx.o(STACK) refers (Special) to heapauxi.o(.text) for __use_two_region_memory
    startup_stm32f427_437xx.o(HEAP) refers (Special) to heapauxi.o(.text) for __use_two_region_memory
    startup_stm32f427_437xx.o(RESET) refers (Special) to heapauxi.o(.text) for __use_two_region_memory
    startup_stm32f427_437xx.o(RESET) refers to startup_stm32f427_437xx.o(STACK) for __initial_sp
    startup_stm32f427_437xx.o(RESET) refers to startup_stm32f427_437xx.o(.text) for Reset_Handler
    startup_stm32f427_437xx.o(RESET) refers to stm32f4xx_it.o(i.NMI_Handler) for NMI_Handler
    startup_stm32f427_437xx.o(RESET) refers to stm32f4xx_it.o(i.HardFault_Handler) for HardFault_Handler
    startup_stm32f427_437xx.o(RESET) refers to stm32f4xx_it.o(i.MemManage_Handler) for MemManage_Handler
    startup_stm32f427_437xx.o(RESET) refers to stm32f4xx_it.o(i.BusFault_Handler) for BusFault_Handler
    startup_stm32f427_437xx.o(RESET) refers to stm32f4xx_it.o(i.UsageFault_Handler) for UsageFault_Handler
    startup_stm32f427_437xx.o(RESET) refers to port.o(.emb_text) for SVC_Handler
    startup_stm32f427_437xx.o(RESET) refers to stm32f4xx_it.o(i.DebugMon_Handler) for DebugMon_Handler
    startup_stm32f427_437xx.o(RESET) refers to stm32f4xx_it.o(i.SysTick_Handler) for SysTick_Handler
    startup_stm32f427_437xx.o(RESET) refers to usart.o(i.DMA1_Stream0_IRQHandler) for DMA1_Stream0_IRQHandler
    startup_stm32f427_437xx.o(RESET) refers to can.o(i.CAN1_TX_IRQHandler) for CAN1_TX_IRQHandler
    startup_stm32f427_437xx.o(RESET) refers to can.o(i.CAN1_RX0_IRQHandler) for CAN1_RX0_IRQHandler
    startup_stm32f427_437xx.o(RESET) refers to imu.o(i.EXTI9_5_IRQHandler) for EXTI9_5_IRQHandler
    startup_stm32f427_437xx.o(RESET) refers to sensor.o(i.TIM2_IRQHandler) for TIM2_IRQHandler
    startup_stm32f427_437xx.o(RESET) refers to dr16.o(i.USART1_IRQHandler) for USART1_IRQHandler
    startup_stm32f427_437xx.o(RESET) refers to referee_system.o(i.USART3_IRQHandler) for USART3_IRQHandler
    startup_stm32f427_437xx.o(RESET) refers to sensor.o(i.TIM5_IRQHandler) for TIM5_IRQHandler
    startup_stm32f427_437xx.o(RESET) refers to tim6.o(i.TIM6_DAC_IRQHandler) for TIM6_DAC_IRQHandler
    startup_stm32f427_437xx.o(RESET) refers to tim7.o(i.TIM7_IRQHandler) for TIM7_IRQHandler
    startup_stm32f427_437xx.o(RESET) refers to usart.o(i.DMA2_Stream7_IRQHandler) for DMA2_Stream7_IRQHandler
    startup_stm32f427_437xx.o(RESET) refers to usart.o(i.USART6_IRQHandler) for USART6_IRQHandler
    startup_stm32f427_437xx.o(RESET) refers to usart.o(i.UART7_IRQHandler) for UART7_IRQHandler
    startup_stm32f427_437xx.o(RESET) refers to usart.o(i.UART8_IRQHandler) for UART8_IRQHandler
    startup_stm32f427_437xx.o(.text) refers (Special) to heapauxi.o(.text) for __use_two_region_memory
    startup_stm32f427_437xx.o(.text) refers to system_stm32f4xx.o(i.SystemInit) for SystemInit
    startup_stm32f427_437xx.o(.text) refers to __main.o(!!!main) for __main
    startup_stm32f427_437xx.o(.text) refers to startup_stm32f427_437xx.o(HEAP) for Heap_Mem
    startup_stm32f427_437xx.o(.text) refers to startup_stm32f427_437xx.o(STACK) for Stack_Mem
    stm32f4xx_can.o(i.CAN_DeInit) refers to stm32f4xx_rcc.o(i.RCC_APB1PeriphResetCmd) for RCC_APB1PeriphResetCmd
    stm32f4xx_can.o(i.CAN_GetITStatus) refers to stm32f4xx_can.o(i.CheckITStatus) for CheckITStatus
    stm32f4xx_gpio.o(i.GPIO_DeInit) refers to stm32f4xx_rcc.o(i.RCC_AHB1PeriphResetCmd) for RCC_AHB1PeriphResetCmd
    stm32f4xx_rcc.o(i.RCC_GetClocksFreq) refers to stm32f4xx_rcc.o(.data) for APBAHBPrescTable
    stm32f4xx_rcc.o(i.RCC_WaitForHSEStartUp) refers to stm32f4xx_rcc.o(i.RCC_GetFlagStatus) for RCC_GetFlagStatus
    stm32f4xx_syscfg.o(i.SYSCFG_DeInit) refers to stm32f4xx_rcc.o(i.RCC_APB2PeriphResetCmd) for RCC_APB2PeriphResetCmd
    stm32f4xx_tim.o(i.TIM_DeInit) refers to stm32f4xx_rcc.o(i.RCC_APB2PeriphResetCmd) for RCC_APB2PeriphResetCmd
    stm32f4xx_tim.o(i.TIM_DeInit) refers to stm32f4xx_rcc.o(i.RCC_APB1PeriphResetCmd) for RCC_APB1PeriphResetCmd
    stm32f4xx_tim.o(i.TIM_ETRClockMode1Config) refers to stm32f4xx_tim.o(i.TIM_ETRConfig) for TIM_ETRConfig
    stm32f4xx_tim.o(i.TIM_ETRClockMode2Config) refers to stm32f4xx_tim.o(i.TIM_ETRConfig) for TIM_ETRConfig
    stm32f4xx_tim.o(i.TIM_ICInit) refers to stm32f4xx_tim.o(i.TI1_Config) for TI1_Config
    stm32f4xx_tim.o(i.TIM_ICInit) refers to stm32f4xx_tim.o(i.TIM_SetIC1Prescaler) for TIM_SetIC1Prescaler
    stm32f4xx_tim.o(i.TIM_ICInit) refers to stm32f4xx_tim.o(i.TI2_Config) for TI2_Config
    stm32f4xx_tim.o(i.TIM_ICInit) refers to stm32f4xx_tim.o(i.TIM_SetIC2Prescaler) for TIM_SetIC2Prescaler
    stm32f4xx_tim.o(i.TIM_ICInit) refers to stm32f4xx_tim.o(i.TI3_Config) for TI3_Config
[...]
    __user_setup_stackheap                   0x08000d61   Thumb Code    74  sys_stackheap_outer.o(.text)
    exit                                     0x08000dab   Thumb Code    18  exit.o(.text)
    strcmp                                   0x08000dbd   Thumb Code   128  strcmpv7m.o(.text)
    _btod_d2e                                0x08000e3d   Thumb Code    62  btod.o(CL$$btod_d2e)
    _d2e_denorm_low                          0x08000e7b   Thumb Code    70  btod.o(CL$$btod_d2e_denorm_low)
    _d2e_norm_op1                            0x08000ec1   Thumb Code    96  btod.o(CL$$btod_d2e_norm_op1)
    __btod_div_common                        0x08000f21   Thumb Code   696  btod.o(CL$$btod_div_common)
    _e2e                                     0x08001259   Thumb Code   220  btod.o(CL$$btod_e2e)
    _btod_ediv                               0x08001335   Thumb Code    42  btod.o(CL$$btod_ediv)
    _btod_emul                               0x0800135f   Thumb Code    42  btod.o(CL$$btod_emul)
    __btod_mult_common                       0x08001389   Thumb Code   580  btod.o(CL$$btod_mult_common)
    BaseHardwork_Init                        0x080015cd   Thumb Code    38  main.o(i.BaseHardwork_Init)
    Beep_Init                                0x080015f5   Thumb Code   154  beep.o(i.Beep_Init)
    Beep_OFF                                 0x08001699   Thumb Code    12  beep.o(i.Beep_OFF)
    Beep_ON                                  0x080016a9   Thumb Code    12  beep.o(i.Beep_ON)
    BusFault_Handler                         0x080016b9   Thumb Code     4  stm32f4xx_it.o(i.BusFault_Handler)
    CAN1_Init                                0x080016bd   Thumb Code   282  can.o(i.CAN1_Init)
    CAN1_RX0_IRQHandler                      0x080017e1   Thumb Code   342  can.o(i.CAN1_RX0_IRQHandler)
    CAN1_TX_Chassis                          0x0800195d   Thumb Code   116  can.o(i.CAN1_TX_Chassis)
    CAN1_TX_IRQHandler                       0x080019e5   Thumb Code    28  can.o(i.CAN1_TX_IRQHandler)
    CAN1_TX_PTZ                              0x08001a09   Thumb Code   126  can.o(i.CAN1_TX_PTZ)
    CAN_ClearITPendingBit                    0x08001aa1   Thumb Code   162  stm32f4xx_can.o(i.CAN_ClearITPendingBit)
    CAN_DeInit                               0x08001b49   Thumb Code    50  stm32f4xx_can.o(i.CAN_DeInit)
    CAN_FilterInit                           0x08001b81   Thumb Code   258  stm32f4xx_can.o(i.CAN_FilterInit)
    CAN_GetITStatus                          0x08001c89   Thumb Code   284  stm32f4xx_can.o(i.CAN_GetITStatus)
    CAN_ITConfig                             0x08001da9   Thumb Code    18  stm32f4xx_can.o(i.CAN_ITConfig)
    CAN_Init                                 0x08001dbb   Thumb Code   276  stm32f4xx_can.o(i.CAN_Init)
    CAN_Receive                              0x08001ecf   Thumb Code   240  stm32f4xx_can.o(i.CAN_Receive)
    CAN_StructInit                           0x08001fbf   Thumb Code    32  stm32f4xx_can.o(i.CAN_StructInit)
    CAN_Transmit                             0x08001fdf   Thumb Code   294  stm32f4xx_can.o(i.CAN_Transmit)
    Chassis_Control                          0x08002105   Thumb Code   324  chassis.o(i.Chassis_Control)
    Chassis_Control_Task                     0x08002259   Thumb Code    68  chassis.o(i.Chassis_Control_Task)
    Chassis_Run                              0x080022a5   Thumb Code    56  chassis.o(i.Chassis_Run)
    Chassis_Run_PowerLimit                   0x080022e5   Thumb Code   234  chassis.o(i.Chassis_Run_PowerLimit)
    Chassis_Swing                            0x080023e9   Thumb Code    54  chassis.o(i.Chassis_Swing)
    Chassis_Swing_Short_NumLimit             0x08002431   Thumb Code   516  chassis.o(i.Chassis_Swing_Short_NumLimit)
    Chassis_Turn_Position                    0x0800266d   Thumb Code   486  chassis.o(i.Chassis_Turn_Position)
    DMA1_Stream0_IRQHandler                  0x08002895   Thumb Code    48  usart.o(i.DMA1_Stream0_IRQHandler)
    DMA2_Stream7_IRQHandler                  0x080028d1   Thumb Code    50  usart.o(i.DMA2_Stream7_IRQHandler)
    DMA_ClearFlag                            0x0800290d   Thumb Code    38  stm32f4xx_dma.o(i.DMA_ClearFlag)
    DMA_ClearITPendingBit                    0x08002941   Thumb Code    38  stm32f4xx_dma.o(i.DMA_ClearITPendingBit)
    DMA_Cmd                                  0x08002975   Thumb Code    22  stm32f4xx_dma.o(i.DMA_Cmd)
    DMA_DeInit                               0x0800298d   Thumb Code   324  stm32f4xx_dma.o(i.DMA_DeInit)
    DMA_DoubleBufferModeCmd                  0x08002ae5   Thumb Code    22  stm32f4xx_dma.o(i.DMA_DoubleBufferModeCmd)
    DMA_DoubleBufferModeConfig               0x08002afb   Thumb Code    24  stm32f4xx_dma.o(i.DMA_DoubleBufferModeConfig)
    DMA_GetCurrDataCounter                   0x08002b13   Thumb Code     8  stm32f4xx_dma.o(i.DMA_GetCurrDataCounter)
    DMA_GetCurrentMemoryTarget               0x08002b1b   Thumb Code    20  stm32f4xx_dma.o(i.DMA_GetCurrentMemoryTarget)
    DMA_GetITStatus                          0x08002b31   Thumb Code    82  stm32f4xx_dma.o(i.DMA_GetITStatus)
    DMA_ITConfig                             0x08002b95   Thumb Code    58  stm32f4xx_dma.o(i.DMA_ITConfig)
    DMA_Init                                 0x08002bd1   Thumb Code    82  stm32f4xx_dma.o(i.DMA_Init)
    DMA_SetCurrDataCounter                   0x08002c29   Thumb Code     4  stm32f4xx_dma.o(i.DMA_SetCurrDataCounter)
    DMA_StructInit                           0x08002c2d   Thumb Code    34  stm32f4xx_dma.o(i.DMA_StructInit)
    DR16_InitConfig                          0x08002c51   Thumb Code    16  dr16.o(i.DR16_InitConfig)
    DebugMon_Handler                         0x08002c65   Thumb Code     2  stm32f4xx_it.o(i.DebugMon_Handler)
    Down_To_Up_Decode_Task                   0x08002c69   Thumb Code   194  usart.o(i.Down_To_Up_Decode_Task)
    EXTI9_5_IRQHandler                       0x08002d41   Thumb Code    54  imu.o(i.EXTI9_5_IRQHandler)
    EXTI_ClearITPendingBit                   0x08002d81   Thumb Code     6  stm32f4xx_exti.o(i.EXTI_ClearITPendingBit)
    EXTI_GetITStatus                         0x08002d8d   Thumb Code    20  stm32f4xx_exti.o(i.EXTI_GetITStatus)
    EXTI_Init                                0x08002da5   Thumb Code   142  stm32f4xx_exti.o(i.EXTI_Init)
    Enemy_Alive_Judge                        0x08002e39   Thumb Code   288  referee_system.o(i.Enemy_Alive_Judge)
    Enemy_Sort                               0x08002f5d   Thumb Code   220  referee_system.o(i.Enemy_Sort)
    GPIO_Init                                0x0800303d   Thumb Code   144  stm32f4xx_gpio.o(i.GPIO_Init)
    GPIO_PinAFConfig                         0x080030cd   Thumb Code    70  stm32f4xx_gpio.o(i.GPIO_PinAFConfig)
    GPIO_ReadInputDataBit                    0x08003113   Thumb Code    18  stm32f4xx_gpio.o(i.GPIO_ReadInputDataBit)
    GPIO_ResetBits                           0x08003125   Thumb Code     4  stm32f4xx_gpio.o(i.GPIO_ResetBits)
    GPIO_SetBits                             0x08003129   Thumb Code     4  stm32f4xx_gpio.o(i.GPIO_SetBits)
    GPIO_ToggleBits                          0x0800312d   Thumb Code     8  stm32f4xx_gpio.o(i.GPIO_ToggleBits)
    Get_CRC16_Check_Sum                      0x08003135   Thumb Code    46  crc.o(i.Get_CRC16_Check_Sum)
    HardFault_Handler                        0x08003169   Thumb Code     4  stm32f4xx_it.o(i.HardFault_Handler)
    Heart_Task                               0x0800316d   Thumb Code   112  led.o(i.Heart_Task)
    Heat_Control                             0x0800327d   Thumb Code   106  tim7.o(i.Heat_Control)
    Heat_Judge                               0x08003305   Thumb Code   120  tim7.o(i.Heat_Judge)
    IMU_Get_Data                             0x08003399   Thumb Code   310  imu.o(i.IMU_Get_Data)
    IMU_Get_Data_Task                        0x080034f9   Thumb Code    34  imu.o(i.IMU_Get_Data_Task)
    IMU_Init                                 0x0800351d   Thumb Code   126  imu.o(i.IMU_Init)
    Infrared_Sensor_Init                     0x080035ad   Thumb Code    50  sensor.o(i.Infrared_Sensor_Init)
    JudgeSys_DMA_InitConfig                  0x080035e5   Thumb Code   110  referee_system.o(i.JudgeSys_DMA_InitConfig)
    JudgeSys_Init                            0x08003669   Thumb Code    22  referee_system.o(i.JudgeSys_Init)
    Judge_Data_Process                       0x08003685   Thumb Code   132  referee_system.o(i.Judge_Data_Process)
    LED_Init                                 0x08003715   Thumb Code   116  led.o(i.LED_Init)
    Laser_InitConfig                         0x08003791   Thumb Code    60  laser.o(i.Laser_InitConfig)
    MPU6500_Gyro_Cali                        0x080037d1   Thumb Code   216  imu.o(i.MPU6500_Gyro_Cali)
    MPU6500_Read_Reg                         0x080038bd   Thumb Code    40  imu.o(i.MPU6500_Read_Reg)
    MPU6500_Read_Regs                        0x080038e9   Thumb Code    54  imu.o(i.MPU6500_Read_Regs)
    MPU6500_Write_Reg                        0x08003921   Thumb Code    40  imu.o(i.MPU6500_Write_Reg)
    MPU_6500_Interrupt_InitConfig            0x0800394d   Thumb Code   128  imu.o(i.MPU_6500_Interrupt_InitConfig)
    MemManage_Handler                        0x080039d1   Thumb Code     4  stm32f4xx_it.o(i.MemManage_Handler)
    MoCaLun_Close_3508                       0x080039d5   Thumb Code    88  shoot.o(i.MoCaLun_Close_3508)
    MoCaLun_Open_3508                        0x08003a41   Thumb Code    96  shoot.o(i.MoCaLun_Open_3508)
    NMI_Handler                              0x08003ab9   Thumb Code     2  stm32f4xx_it.o(i.NMI_Handler)
    NUC_Decode_Task                          0x08003abd   Thumb Code   476  usart.o(i.NUC_Decode_Task)
    NUC_Init                                 0x08003cbd   Thumb Code   460  usart.o(i.NUC_Init)
    NVIC_Init                                0x08003ea5   Thumb Code   106  misc.o(i.NVIC_Init)
    NVIC_PriorityGroupConfig                 0x08003f1d   Thumb Code    10  misc.o(i.NVIC_PriorityGroupConfig)
    PID_Init_CHASSIS                         0x08003f31   Thumb Code   156  pid.o(i.PID_Init_CHASSIS)
    PID_Init_PTZ                             0x08003fe5   Thumb Code  2460  pid.o(i.PID_Init_PTZ)
    PID_Init_SHOOT                           0x0800498d   Thumb Code   716  pid.o(i.PID_Init_SHOOT)
    PTZ_Angle_Init                           0x08004ca1   Thumb Code   280  ptz.o(i.PTZ_Angle_Init)
    PTZ_Angle_Value_Init                     0x08004de9   Thumb Code    18  ptz.o(i.PTZ_Angle_Value_Init)
    PTZ_Auto_No_Limit                        0x08004e05   Thumb Code   382  ptz.o(i.PTZ_Auto_No_Limit)
    PTZ_Control_Hand                         0x08004fc5   Thumb Code   448  ptz.o(i.PTZ_Control_Hand)
    PTZ_Control_Task                         0x080051cd   Thumb Code   164  ptz.o(i.PTZ_Control_Task)
    PTZ_Init                                 0x0800528d   Thumb Code    24  ptz.o(i.PTZ_Init)
    P_Swing                                  0x080052a5   Thumb Code   182  ptz.o(i.P_Swing)
    Pid_Calc                                 0x08005371   Thumb Code   742  pid.o(i.Pid_Calc)
    Position_2_Direction_Judge               0x08005671   Thumb Code   140  can.o(i.Position_2_Direction_Judge)
    Position_Direction_Judge                 0x08005711   Thumb Code   198  can.o(i.Position_Direction_Judge)
    RCC_AHB1PeriphClockCmd                   0x080057fd   Thumb Code    26  stm32f4xx_rcc.o(i.RCC_AHB1PeriphClockCmd)
    RCC_APB1PeriphClockCmd                   0x0800581d   Thumb Code    26  stm32f4xx_rcc.o(i.RCC_APB1PeriphClockCmd)
    RCC_APB1PeriphResetCmd                   0x0800583d   Thumb Code    26  stm32f4xx_rcc.o(i.RCC_APB1PeriphResetCmd)
    RCC_APB2PeriphClockCmd                   0x0800585d   Thumb Code    26  stm32f4xx_rcc.o(i.RCC_APB2PeriphClockCmd)
    RCC_APB2PeriphResetCmd                   0x0800587d   Thumb Code    26  stm32f4xx_rcc.o(i.RCC_APB2PeriphResetCmd)
    RCC_GetClocksFreq                        0x0800589d   Thumb Code   214  stm32f4xx_rcc.o(i.RCC_GetClocksFreq)
    RC_Init                                  0x08005985   Thumb Code   312  dr16.o(i.RC_Init)
    RefereeInfo_Decode                       0x08005ad1   Thumb Code  1792  referee_system.o(i.RefereeInfo_Decode)
    Referee_System_Task                      0x0800622d   Thumb Code   130  referee_system.o(i.Referee_System_Task)
    SHOOT_Control_Task                       0x0800638d   Thumb Code  1834  shoot.o(i.SHOOT_Control_Task)
    SPI5_ReadWriteByte                       0x08006af1   Thumb Code    50  spi.o(i.SPI5_ReadWriteByte)
    SPI_Cmd                                  0x08006b29   Thumb Code    24  stm32f4xx_spi.o(i.SPI_Cmd)
    SPI_GPIO_InitConfig                      0x08006b41   Thumb Code   216  spi.o(i.SPI_GPIO_InitConfig)
    SPI_I2S_GetFlagStatus                    0x08006c21   Thumb Code    18  stm32f4xx_spi.o(i.SPI_I2S_GetFlagStatus)
    SPI_I2S_ReceiveData                      0x08006c33   Thumb Code     6  stm32f4xx_spi.o(i.SPI_I2S_ReceiveData)
    SPI_I2S_SendData                         0x08006c39   Thumb Code     4  stm32f4xx_spi.o(i.SPI_I2S_SendData)
    SPI_Init                                 0x08006c3d   Thumb Code    60  stm32f4xx_spi.o(i.SPI_Init)
    SYSCFG_EXTILineConfig                    0x08006c79   Thumb Code    60  stm32f4xx_syscfg.o(i.SYSCFG_EXTILineConfig)
    Sensor_Init                              0x08006cb9   Thumb Code    16  sensor.o(i.Sensor_Init)
    Severo_Init                              0x08006de9   Thumb Code   152  severo.o(i.Severo_Init)
    Shoot_Allow                              0x08006e89   Thumb Code    14  severo.o(i.Shoot_Allow)
    Shoot_Forbid                             0x08006ea1   Thumb Code    14  severo.o(i.Shoot_Forbid)
    Shoot_Init                               0x08006eb9   Thumb Code    20  shoot.o(i.Shoot_Init)
    Swing_Now_Section                        0x08006ed5   Thumb Code   360  chassis.o(i.Swing_Now_Section)
    SysTick_CLKSourceConfig                  0x08007059   Thumb Code    40  misc.o(i.SysTick_CLKSourceConfig)
    SysTick_Handler                          0x08007081   Thumb Code    16  stm32f4xx_it.o(i.SysTick_Handler)
    SystemInit                               0x08007091   Thumb Code    88  system_stm32f4xx.o(i.SystemInit)
    TIM2_IRQHandler                          0x0800721d   Thumb Code   162  sensor.o(i.TIM2_IRQHandler)
    TIM5_CH4_Cap_Init                        0x080072d9   Thumb Code   184  sensor.o(i.TIM5_CH4_Cap_Init)
    TIM5_IRQHandler                          0x08007399   Thumb Code   158  sensor.o(i.TIM5_IRQHandler)
    TIM6_DAC_IRQHandler                      0x08007455   Thumb Code    32  tim6.o(i.TIM6_DAC_IRQHandler)
    TIM7_IRQHandler                          0x0800747d   Thumb Code   338  tim7.o(i.TIM7_IRQHandler)
    TIM_ARRPreloadConfig                     0x08007605   Thumb Code    24  stm32f4xx_tim.o(i.TIM_ARRPreloadConfig)
    TIM_ClearITPendingBit                    0x0800761d   Thumb Code     6  stm32f4xx_tim.o(i.TIM_ClearITPendingBit)
    TIM_Cmd                                  0x08007623   Thumb Code    24  stm32f4xx_tim.o(i.TIM_Cmd)
    TIM_GetCapture4                          0x0800763b   Thumb Code     6  stm32f4xx_tim.o(i.TIM_GetCapture4)
    TIM_GetITStatus                          0x08007641   Thumb Code    34  stm32f4xx_tim.o(i.TIM_GetITStatus)
    TIM_ICInit                               0x08007663   Thumb Code   110  stm32f4xx_tim.o(i.TIM_ICInit)
    TIM_ITConfig                             0x080076d1   Thumb Code    18  stm32f4xx_tim.o(i.TIM_ITConfig)
    TIM_OC1Init                              0x080076e5   Thumb Code   114  stm32f4xx_tim.o(i.TIM_OC1Init)
    TIM_OC1PreloadConfig                     0x08007761   Thumb Code    18  stm32f4xx_tim.o(i.TIM_OC1PreloadConfig)
    TIM_OC4Init                              0x08007775   Thumb Code   112  stm32f4xx_tim.o(i.TIM_OC4Init)
    TIM_OC4PolarityConfig                    0x080077ed   Thumb Code    26  stm32f4xx_tim.o(i.TIM_OC4PolarityConfig)
    TIM_OC4PreloadConfig                     0x08007807   Thumb Code    26  stm32f4xx_tim.o(i.TIM_OC4PreloadConfig)
    TIM_SetCompare1                          0x08007821   Thumb Code     4  stm32f4xx_tim.o(i.TIM_SetCompare1)
    TIM_SetCompare4                          0x08007825   Thumb Code     4  stm32f4xx_tim.o(i.TIM_SetCompare4)
    TIM_SetIC1Prescaler                      0x08007829   Thumb Code    18  stm32f4xx_tim.o(i.TIM_SetIC1Prescaler)
    TIM_SetIC2Prescaler                      0x0800783b   Thumb Code    26  stm32f4xx_tim.o(i.TIM_SetIC2Prescaler)
    TIM_SetIC3Prescaler                      0x08007855   Thumb Code    18  stm32f4xx_tim.o(i.TIM_SetIC3Prescaler)
    TIM_SetIC4Prescaler                      0x08007867   Thumb Code    26  stm32f4xx_tim.o(i.TIM_SetIC4Prescaler)
    TIM_TimeBaseInit                         0x08007881   Thumb Code   104  stm32f4xx_tim.o(i.TIM_TimeBaseInit)
    Tick_TIM7_Init                           0x08007905   Thumb Code    90  tim7.o(i.Tick_TIM7_Init)
    UART7_IRQHandler                         0x08007965   Thumb Code    36  usart.o(i.UART7_IRQHandler)
    UART7_Init                               0x08007991   Thumb Code   172  usart.o(i.UART7_Init)
    UART8_IRQHandler                         0x08007a45   Thumb Code   100  usart.o(i.UART8_IRQHandler)
    UP_Send_NUC_Task                         0x08007ab9   Thumb Code   926  usart.o(i.UP_Send_NUC_Task)
    USART1_IRQHandler                        0x08007ef1   Thumb Code   200  dr16.o(i.USART1_IRQHandler)
    USART3_IRQHandler                        0x08007fcd   Thumb Code    72  referee_system.o(i.USART3_IRQHandler)
    USART3_InitConfig                        0x08008025   Thumb Code   172  referee_system.o(i.USART3_InitConfig)
    USART6_IRQHandler                        0x080080d9   Thumb Code    92  usart.o(i.USART6_IRQHandler)
    USART8_Init                              0x08008145   Thumb Code   470  usart.o(i.USART8_Init)
    USART8_Send_Task                         0x08008339   Thumb Code   796  usart.o(i.USART8_Send_Task)
    USART_ClearFlag                          0x080086b9   Thumb Code    18  stm32f4xx_usart.o(i.USART_ClearFlag)
    USART_Cmd                                0x080086cb   Thumb Code    24  stm32f4xx_usart.o(i.USART_Cmd)
    USART_DMACmd                             0x080086e3   Thumb Code    18  stm32f4xx_usart.o(i.USART_DMACmd)
    USART_DeInit                             0x080086f5   Thumb Code   206  stm32f4xx_usart.o(i.USART_DeInit)
    USART_GetFlagStatus                      0x080087e5   Thumb Code    26  stm32f4xx_usart.o(i.USART_GetFlagStatus)
    USART_GetITStatus                        0x080087ff   Thumb Code    84  stm32f4xx_usart.o(i.USART_GetITStatus)
    USART_ITConfig                           0x08008853   Thumb Code    74  stm32f4xx_usart.o(i.USART_ITConfig)
    USART_Init                               0x0800889d   Thumb Code   204  stm32f4xx_usart.o(i.USART_Init)
    USART_ReceiveData                        0x08008971   Thumb Code    10  stm32f4xx_usart.o(i.USART_ReceiveData)
    USART_SendData                           0x0800897b   Thumb Code     8  stm32f4xx_usart.o(i.USART_SendData)
    Ultrasonic_Awake_Init                    0x08008985   Thumb Code    58  sensor.o(i.Ultrasonic_Awake_Init)
    UsageFault_Handler                       0x080089c9   Thumb Code     4  stm32f4xx_it.o(i.UsageFault_Handler)
    Verify_CRC16_Check_Sum                   0x080089cd   Thumb Code    60  crc.o(i.Verify_CRC16_Check_Sum)
    Y_Swing                                  0x08008a0d   Thumb Code   252  ptz.o(i.Y_Swing)
    __ARM_fpclassify                         0x08008b25   Thumb Code    48  fpclassify.o(i.__ARM_fpclassify)
    __hardfp_fabs                            0x08008b55   Thumb Code    20  fabs.o(i.__hardfp_fabs)
    _sys_exit                                0x08008b69   Thumb Code     4  usart.o(i._sys_exit)
    bit32TObit8                              0x08008b6d   Thumb Code    12  referee_system.o(i.bit32TObit8)
    bit8TObit16                              0x08008b79   Thumb Code    24  referee_system.o(i.bit8TObit16)
    bit8TObit32                              0x08008b91   Thumb Code    32  referee_system.o(i.bit8TObit32)
    delay_init                               0x08008bb1   Thumb Code    58  delay.o(i.delay_init)
    delay_ms                                 0x08008bf5   Thumb Code    60  delay.o(i.delay_ms)
    delay_us                                 0x08008c35   Thumb Code    68  delay.o(i.delay_us)
    fputc                                    0x08008c7d   Thumb Code    32  usart.o(i.fputc)
    int8ToShort                              0x08008ca1   Thumb Code    24  usart.o(i.int8ToShort)
    main                                     0x08008cb9   Thumb Code    28  main.o(i.main)
    pvPortMalloc                             0x08009181   Thumb Code   262  heap_4.o(i.pvPortMalloc)
    pxPortInitialiseStack                    0x080092d1   Thumb Code    38  port.o(i.pxPortInitialiseStack)
    shortTou8                                0x080092fd   Thumb Code    12  usart.o(i.shortTou8)
    startTask                                0x08009309   Thumb Code    24  app_task.o(i.startTask)
    start_task                               0x08009335   Thumb Code   234  app_task.o(i.start_task)
    u8ToShort                                0x08009539   Thumb Code    24  usart.o(i.u8ToShort)
    ulTaskNotifyTake                         0x08009551   Thumb Code   108  tasks.o(i.ulTaskNotifyTake)
    uxListRemove                             0x080095c5   Thumb Code    40  list.o(i.uxListRemove)
    vListInitialise                          0x080095ed   Thumb Code    26  list.o(i.vListInitialise)
    vListInitialiseItem                      0x08009607   Thumb Code     6  list.o(i.vListInitialiseItem)
    vListInsert                              0x0800960d   Thumb Code    52  list.o(i.vListInsert)
    vListInsertEnd                           0x08009641   Thumb Code    24  list.o(i.vListInsertEnd)
    vPortEnterCritical                       0x08009659   Thumb Code    68  port.o(i.vPortEnterCritical)
    vPortExitCritical                        0x080096dd   Thumb Code    48  port.o(i.vPortExitCritical)
    vPortFree                                0x08009749   Thumb Code   120  heap_4.o(i.vPortFree)
    vPortSetupTimerInterrupt                 0x080097fd   Thumb Code    26  port.o(i.vPortSetupTimerInterrupt)
    vPortValidateInterruptPriority           0x0800981d   Thumb Code    86  port.o(i.vPortValidateInterruptPriority)
    vTaskDelay                               0x080098b9   Thumb Code    72  tasks.o(i.vTaskDelay)
    vTaskDelete                              0x08009931   Thumb Code   192  tasks.o(i.vTaskDelete)
    vTaskNotifyGiveFromISR                   0x08009a41   Thumb Code   194  tasks.o(i.vTaskNotifyGiveFromISR)
    vTaskStartScheduler                      0x08009b45   Thumb Code   102  tasks.o(i.vTaskStartScheduler)
    vTaskSuspendAll                          0x08009bf5   Thumb Code    12  tasks.o(i.vTaskSuspendAll)
    vTaskSwitchContext                       0x08009c05   Thumb Code   162  tasks.o(i.vTaskSwitchContext)
    xPortStartScheduler                      0x08009cf1   Thumb Code   258  port.o(i.xPortStartScheduler)
    xPortSysTickHandler                      0x08009e49   Thumb Code    46  port.o(i.xPortSysTickHandler)
    xTaskCreate                              0x08009e7d   Thumb Code    96  tasks.o(i.xTaskCreate)
    xTaskGetSchedulerState                   0x08009edd   Thumb Code    24  tasks.o(i.xTaskGetSchedulerState)
    xTaskIncrementTick                       0x08009efd   Thumb Code   272  tasks.o(i.xTaskIncrementTick)
    xTaskResumeAll                           0x0800a061   Thumb Code   214  tasks.o(i.xTaskResumeAll)
    _get_lc_numeric                          0x0800a185   Thumb Code    44  lc_numeric_c.o(locale$$code)
    __fpl_dcmp_Inf                           0x0800a1b1   Thumb Code    24  dcmpi.o(x$fpl$dcmpinf)
    __aeabi_cdcmpeq                          0x0800a1c9   Thumb Code     0  deqf.o(x$fpl$deqf)
    _dcmpeq                                  0x0800a1c9   Thumb Code   120  deqf.o(x$fpl$deqf)
    __aeabi_cdcmple                          0x0800a241   Thumb Code     0  dleqf.o(x$fpl$dleqf)
    _dcmple                                  0x0800a241   Thumb Code   120  dleqf.o(x$fpl$dleqf)
    __fpl_dcmple_InfNaN                      0x0800a2a3   Thumb Code     0  dleqf.o(x$fpl$dleqf)
    __fpl_dnaninf                            0x0800a2b9   Thumb Code   156  dnaninf.o(x$fpl$dnaninf)
    __fpl_dretinf                            0x0800a355   Thumb Code    12  dretinf.o(x$fpl$dretinf)
    __aeabi_cdrcmple                         0x0800a361   Thumb Code     0  drleqf.o(x$fpl$drleqf)
    _drcmple                                 0x0800a361   Thumb Code   108  drleqf.o(x$fpl$drleqf)
    __aeabi_f2d                              0x0800a3cd   Thumb Code     0  f2d.o(x$fpl$f2d)
    _f2d                                     0x0800a3cd   Thumb Code    86  f2d.o(x$fpl$f2d)
    __aeabi_ul2f                             0x0800a423   Thumb Code     0  ffltll_clz.o(x$fpl$ffltll)
    _ll_uto_f                                0x0800a423   Thumb Code     6  ffltll_clz.o(x$fpl$ffltll)
    __aeabi_l2f                              0x0800a429   Thumb Code     0  ffltll_clz.o(x$fpl$ffltll)
    _ll_sto_f                                0x0800a429   Thumb Code    90  ffltll_clz.o(x$fpl$ffltll)
    __fpl_fnaninf                            0x0800a483   Thumb Code   140  fnaninf.o(x$fpl$fnaninf)
    _fp_init                                 0x0800a50f   Thumb Code    10  fpinit.o(x$fpl$fpinit)
    __fplib_config_fpu_vfp                   0x0800a517   Thumb Code     0  fpinit.o(x$fpl$fpinit)
    __fplib_config_pureend_doubles           0x0800a517   Thumb Code     0  fpinit.o(x$fpl$fpinit)
    _printf_fp_dec                           0x0800a519   Thumb Code     4  printf1.o(x$fpl$printf1)
    CRC8_INIT                                0x0800a51c   Data           1  crc.o(.constdata)
    __I$use$fp                               0x0800a51c   Number         0  usenofp.o(x$fpl$usenofp)
    CRC8_TAB                                 0x0800a51d   Data         256  crc.o(.constdata)
    wCRC_Table                               0x0800a61e   Data         512  crc.o(.constdata)
    Region$$Table$$Base                      0x0800a8c8   Number         0  anon$$obj.o(Region$$Table)
    Region$$Table$$Limit                     0x0800a8e8   Number         0  anon$$obj.o(Region$$Table)
    pxCurrentTCB                             0x20000034   Data           4  tasks.o(.data)
    SystemCoreClock                          0x2000007c   Data           4  system_stm32f4xx.o(.data)
    AHBPrescTable                            0x20000080   Data          16  system_stm32f4xx.o(.data)
    frame_header                             0x20000090   Data           3  crc.o(.data)
    frame_crc_dwLength                       0x20000094   Data           4  crc.o(.data)
    CRC_INIT                                 0x20000098   Data           2  crc.o(.data)
    Chassis_Position                         0x2000009c   Data           1  sensor.o(.data)
    Position_Limit_Flag                      0x2000009e   Data           2  sensor.o(.data)
    Left_Ultrasonic_Distance                 0x200000a0   Data           4  sensor.o(.data)
    Right_Ultrasonic_Distance                0x200000a4   Data           4  sensor.o(.data)
    CPU_RunTime                              0x200000b8   Data           4  tim6.o(.data)
    Shoot_Allow_PWM                          0x200000bc   Data           4  severo.o(.data)
    Shoot_Forbid_PWM                         0x200000c0   Data           4  severo.o(.data)
    Shoot_Forbid_PWM1                        0x200000c4   Data           4  severo.o(.data)
    NUC_Decode_Task_Handler                  0x200000cc   Data           4  app_task.o(.data)
    PTZ_Control_Task_Handler                 0x200000d0   Data           4  app_task.o(.data)
    Referee_System_Task_Handler              0x200000d4   Data           4  app_task.o(.data)
    UP_Send_NUC_Task_Handler                 0x200000d8   Data           4  app_task.o(.data)
    USART8_Send_Task_Handler                 0x200000dc   Data           4  app_task.o(.data)
    Down_To_Up_Decode_Task_Handler           0x200000e0   Data           4  app_task.o(.data)
    IMU_Get_Data_Task_Handler                0x200000e4   Data           4  app_task.o(.data)
    SHOOT_Control_Task_Handler               0x200000e8   Data           4  app_task.o(.data)
    Chassis_Control_Task_Handler             0x200000ec   Data           4  app_task.o(.data)
    Heart_Task_Handler                       0x200000f0   Data           4  app_task.o(.data)
    NUC_Lost_Time                            0x200000f4   Data           4  usart.o(.data)
    Down_To_Up_TypeStruct                    0x200000f8   Data           8  usart.o(.data)
    View_Enemy_ID                            0x20000100   Data           4  usart.o(.data)
    Bullet_Speed                             0x20000104   Data           1  usart.o(.data)
    Yaw_Limit                                0x20000106   Data           2  usart.o(.data)
    Pitch_Limit                              0x20000108   Data           2  usart.o(.data)
    My_Usart_Recieve_Data                    0x2000010a   Data           2  usart.o(.data)
    __stdout                                 0x2000010c   Data           4  usart.o(.data)
    Left_Sensor_Number                       0x20000110   Data           4  usart.o(.data)
    Right_Sensor_Number                      0x20000114   Data           4  usart.o(.data)
    Yaw_Angle                                0x20000118   Data           4  usart.o(.data)
    Pitch_Angle                              0x2000011c   Data           2  usart.o(.data)
    Pitch_Speed                              0x2000011e   Data           2  usart.o(.data)
    Yaw_Speed                                0x20000120   Data           2  usart.o(.data)
    NUC_Get_Time                             0x20000124   Data           4  usart.o(.data)
    Last_Pitch_Angle                         0x20000128   Data           2  usart.o(.data)
    NUC_Lost_Flag_Music                      0x20000138   Data           1  led.o(.data)
    DR16_Flash_Val                           0x2000013a   Data           2  dr16.o(.data)
    Chassis_Motor_201_Number                 0x20000140   Data           2  can.o(.data)
    Chassis_Direction                        0x20000142   Data           1  can.o(.data)
    Yaw_Real_MechanicalAngle                 0x20000148   Data           8  can.o(.data)
    Yaw_Real_Angle                           0x20000150   Data           4  can.o(.data)
    Yaw_Send_NUC_Angle                       0x20000154   Data           4  can.o(.data)
    Count                                    0x20000158   Data           4  can.o(.data)
    PTZ_Mode                                 0x20000180   Data           1  ptz.o(.data)
    Lost_Angle                               0x20000184   Data           4  ptz.o(.data)
    pitch                                    0x20000188   Data           4  ptz.o(.data)
    yaw                                      0x2000018c   Data           4  ptz.o(.data)
    PITCH_UP                                 0x20000190   Data           2  ptz.o(.data)
    PITCH_DOWN                               0x20000192   Data           2  ptz.o(.data)
    PITCH_HIT                                0x20000194   Data           2  ptz.o(.data)
    Yaw_Omiga_Last                           0x20000198   Data           4  ptz.o(.data)
    GameResult                               0x200001ac   Data           1  referee_system.o(.data)
    RobotHurt                                0x200001ad   Data           1  referee_system.o(.data)
    ShootData                                0x200001ae   Data           7  referee_system.o(.data)
    DartStatus                               0x200001b5   Data           3  referee_system.o(.data)
    DartRemainingTime                        0x200001b8   Data           1  referee_system.o(.data)
    BuffMusk                                 0x200001b9   Data           1  referee_system.o(.data)
    RfidDetect                               0x200001ba   Data           4  referee_system.o(.data)
    EventData                                0x200001be   Data           4  referee_system.o(.data)
    usart3_toggle_flag                       0x200001c2   Data           2  referee_system.o(.data)
    Power_Danger                             0x200001c4   Data           4  referee_system.o(.data)
    Power_Max                                0x200001c8   Data           4  referee_system.o(.data)
    number_1                                 0x200001cc   Data           4  referee_system.o(.data)
    Game_Allow_Shoot_Flag                    0x200001d0   Data           4  referee_system.o(.data)
    Plane_Fly_Flag                           0x200001d4   Data           4  referee_system.o(.data)
    JUDGE_BUFF1_RX_NUMBER                    0x200001d8   Data           2  referee_system.o(.data)
    JUDGE_BUFF2_RX_NUMBER                    0x200001da   Data           2  referee_system.o(.data)
    Up_Bullet_Speed                          0x200001dc   Data           4  referee_system.o(.data)
    Down_Bullet_Speed                        0x200001e0   Data           4  referee_system.o(.data)
    My_Outpost_HP                            0x200001e4   Data           4  referee_system.o(.data)
    Output_On                                0x200001e8   Data           1  referee_system.o(.data)
    YAW_RIGHT                                0x200001ec   Data           4  referee_system.o(.data)
    KEY_ON_FLAG                              0x200001f0   Data           1  referee_system.o(.data)
    Free_BUFF_NO                             0x200001f1   Data           1  referee_system.o(.data)
    Fricion_Speed_203                        0x200001fc   Data           4  shoot.o(.data)
    Fricion_Speed_204                        0x20000200   Data           4  shoot.o(.data)
    UP_LongTime_Locked_Times                 0x20000204   Data           2  shoot.o(.data)
    UP_Locked_Time                           0x20000206   Data           2  shoot.o(.data)
    UP_Locked_Flag                           0x20000208   Data           2  shoot.o(.data)
    LongTime_Locked_Times                    0x2000020a   Data           2  shoot.o(.data)
    Locked_Time                              0x2000020c   Data           2  shoot.o(.data)
    Locked_Flag                              0x2000020e   Data           2  shoot.o(.data)
    UP_Roll_Back_Time                        0x20000210   Data           2  shoot.o(.data)
    UP_Dead_UP_Locked_Flag                   0x20000212   Data           2  shoot.o(.data)
    UP_Direction_Flag                        0x20000214   Data           1  shoot.o(.data)
    UP_PokeMotor_Speed                       0x20000215   Data           1  shoot.o(.data)
    UP_PokeMotor_Speed_2                     0x20000216   Data           2  shoot.o(.data)
    Chassis_Speed                            0x20000220   Data           2  chassis.o(.data)
    Add_Speed                                0x20000222   Data           1  chassis.o(.data)
    Chassis_Target_Direction                 0x20000223   Data           1  chassis.o(.data)
    Where_To_Go                              0x20000224   Data           4  chassis.o(.data)
    Formar_Place                             0x20000228   Data           4  chassis.o(.data)
    Position_Collet_Flag                     0x2000022c   Data           4  chassis.o(.data)
    Sway_Buttle                              0x20000230   Data           1  chassis.o(.data)
    Chassis_Mode                             0x20000231   Data           1  chassis.o(.data)
    Enemy_Danger_Level                       0x20000234   Data          32  chassis.o(.data)
    Danger_Speed                             0x20000254   Data           4  chassis.o(.data)
    Attack_Speed                             0x20000258   Data           4  chassis.o(.data)
    BeAttacked_Speed                         0x2000025c   Data           4  chassis.o(.data)
    Serach_Speed                             0x20000260   Data           4  chassis.o(.data)
    Run_Speed                                0x20000264   Data           4  chassis.o(.data)
    Swag_Speed                               0x20000268   Data           4  chassis.o(.data)
    SWING_WIGHT                              0x2000026c   Data           4  chassis.o(.data)
    Swing_Flag                               0x20000270   Data           1  chassis.o(.data)
    OUT_Speed_Add                            0x20000271   Data           1  chassis.o(.data)
    BeHurt_10s                               0x20000272   Data           1  chassis.o(.data)
    HP_Speed_Roit                            0x20000273   Data           1  chassis.o(.data)
    Current_Power                            0x20000274   Data           4  chassis.o(.data)
    Swing_i                                  0x20000278   Data           4  chassis.o(.data)
    Swing_Position                           0x2000027c   Data           1  chassis.o(.data)
    Danger_Coefficient                       0x2000027d   Data           1  chassis.o(.data)
    First_Start_Flag                         0x2000027e   Data           1  chassis.o(.data)
    Start_Time                               0x20000280   Data           4  chassis.o(.data)
    Danger_Time                              0x200002b0   Data           4  tim7.o(.data)
    Mode_Time                                0x200002b4   Data           4  tim7.o(.data)
    Position_Collet_Time                     0x200002b8   Data           4  tim7.o(.data)
    Data_Return_Times                        0x200002bc   Data           4  tim7.o(.data)
    TimeTick1ms                              0x200002c0   Data           4  tim7.o(.data)
    Last_Bullet_Speed                        0x200002c4   Data           4  tim7.o(.data)
    Shoot_Num                                0x200002c8   Data           1  tim7.o(.data)
    Shoot_Limit_Num                          0x200002ca   Data           2  tim7.o(.data)
    Current_Heat                             0x200002cc   Data           2  tim7.o(.data)
    Max_Heat                                 0x200002ce   Data           2  tim7.o(.data)
    Heat_Allow_Flag                          0x200002d0   Data           1  tim7.o(.data)
    UP_Heat_Allow_Flag                       0x200002d1   Data           1  tim7.o(.data)
    Update_Flag                              0x200002d2   Data           1  tim7.o(.data)
    Last_Update_Flag                         0x200002d3   Data           1  tim7.o(.data)
    Bullet_Speed_Limit                       0x200002d4   Data           4  tim7.o(.data)
    Bullet_Average_Speed                     0x200002d8   Data           4  tim7.o(.data)
    Chassis_Accel                            0x200002e4   Data           2  imu.o(.data)
    PTZ_MPU_Ignore                           0x200002e8   Data           4  imu.o(.data)
    Up_NUC_Data_TypeStruct                   0x200095d0   Data          20  usart.o(.bss)
    Up_To_Down_TypeStruct                    0x200095e4   Data          20  usart.o(.bss)
    Up_To_DOWN_Tx                            0x200095f8   Data          17  usart.o(.bss)
    Down_To_Up_Rx                            0x20009609   Data          10  usart.o(.bss)
    USART6Rx_Info                            0x20009613   Data          10  usart.o(.bss)
    Send_NUC                                 0x2000961d   Data          23  usart.o(.bss)
    DBUS                                     0x20009634   Data          22  dr16.o(.bss)
    Chassis_Motor_201                        0x20009692   Data          10  can.o(.bss)
    Friction_Wheel_203                       0x2000969c   Data          10  can.o(.bss)
    Friction_Wheel_204                       0x200096a6   Data          10  can.o(.bss)
    Pitch_Motor_206                          0x200096b0   Data          10  can.o(.bss)
    Yaw_Motor_205                            0x200096ba   Data          10  can.o(.bss)
    Shoot_Motor_207                          0x200096c4   Data          10  can.o(.bss)
    Shoot_Motor_208                          0x200096ce   Data          10  can.o(.bss)
    PID_Yaw_205_Mechanical                   0x200096d8   Data         104  pid.o(.bss)
    PID_Yaw_205_Speed                        0x20009740   Data         104  pid.o(.bss)
    PID_Pitch_206_Mechanical                 0x200097a8   Data         104  pid.o(.bss)
    PID_Pitch_206_Speed                      0x20009810   Data         104  pid.o(.bss)
    PID_Pitch_206_Mechanical_1               0x20009878   Data         104  pid.o(.bss)
    PID_Pitch_206_Speed_1                    0x200098e0   Data         104  pid.o(.bss)
    PID_Yaw_205_Mechanical_1                 0x20009948   Data         104  pid.o(.bss)
    PID_Yaw_205_Speed_1                      0x200099b0   Data         104  pid.o(.bss)
    PID_Armor_Yaw_205_Mechanical             0x20009a18   Data         104  pid.o(.bss)
    PID_Armor_Yaw_205_Speed                  0x20009a80   Data         104  pid.o(.bss)
    PID_Armor_Pitch_206_Mechanical           0x20009ae8   Data         104  pid.o(.bss)
    PID_Armor_Pitch_206_Speed                0x20009b50   Data         104  pid.o(.bss)
    PID_Shoot_207                            0x20009bb8   Data         104  pid.o(.bss)
    PID_Shoot_208                            0x20009c20   Data         104  pid.o(.bss)
    PID_Chassis_201                          0x20009c88   Data         104  pid.o(.bss)
    PID_Friction_Wheel_203                   0x20009cf0   Data         104  pid.o(.bss)
    PID_Friction_Wheel_204                   0x20009d58   Data         104  pid.o(.bss)
    PTZ_Init_Value                           0x20009dc0   Data          20  ptz.o(.bss)
    RefereeInfor                             0x20009dd4   Data         110  referee_system.o(.bss)
    Game_State                               0x20009e42   Data          11  referee_system.o(.bss)
    GameRobotState                           0x20009e4d   Data          27  referee_system.o(.bss)
    PowerHeatData                            0x20009e68   Data          16  referee_system.o(.bss)
    GameRobotHP                              0x20009e78   Data          32  referee_system.o(.bss)
    GameRobotPos                             0x20009e98   Data          16  referee_system.o(.bss)
    ShowData                                 0x20009ea8   Data         110  referee_system.o(.bss)
    Small_Map                                0x20009f16   Data          15  referee_system.o(.bss)
    My_Enemy_HP                              0x20009f26   Data          18  referee_system.o(.bss)
    JUDGE_RX_BUFF1                           0x20009f38   Data         200  referee_system.o(.bss)
    JUDGE_RX_BUFF2                           0x2000a000   Data         200  referee_system.o(.bss)
    referee_upload                           0x2000a0c8   Data         200  referee_system.o(.bss)
    dma                                      0x2000a190   Data          60  referee_system.o(.bss)
    IMU_Raw_Data                             0x2000a1d0   Data          20  imu.o(.bss)
    IMU_Real_Data                            0x2000a1e8   Data          56  imu.o(.bss)
    IMU_Offset_Data                          0x2000a220   Data          56  imu.o(.bss)
    __libspace_start                         0x2000a258   Data          96  libspace.o(.bss)
    __temporary_stack_top$libspace           0x2000a2b8   Data           0  libspace.o(.bss)



==============================================================================

Memory Map of the image

  Image Entry point : 0x080001ad

  Load Region LR_IROM1 (Base: 0x08000000, Size: 0x0000abf0, Max: 0x00200000, ABSOLUTE, COMPRESSED[0x0000a9b0])

    Execution Region ER_IROM1 (Exec base: 0x08000000, Load base: 0x08000000, Size: 0x0000a904, Max: 0x00200000, ABSOLUTE)

    Exec Addr    Load Addr    Size         Type   Attr      Idx    E Section Name        Object

    0x08000000   0x08000000   0x000001ac   Data   RO            3    RESET               startup_stm32f427_437xx.o
    0x080001ac   0x080001ac   0x00000008   Code   RO         4495  * !!!main             c_w.l(__main.o)
    0x080001b4   0x080001b4   0x00000034   Code   RO         4818    !!!scatter          c_w.l(__scatter.o)
    0x080001e8   0x080001e8   0x0000005a   Code   RO         4816    !!dczerorl2         c_w.l(__dczerorl2.o)
    0x08000242   0x08000242   0x00000002   PAD
    0x08000244   0x08000244   0x0000001c   Code   RO         4820    !!handler_zi        c_w.l(__scatter_zi.o)
    0x08000260   0x08000260   0x00000000   Code   RO         4482    .ARM.Collect$$_printf_percent$$00000000  c_w.l(_printf_percent.o)
    0x08000260   0x08000260   0x00000006   Code   RO         4481    .ARM.Collect$$_printf_percent$$00000003  c_w.l(_printf_f.o)
    0x08000266   0x08000266   0x00000006   Code   RO         4479    .ARM.Collect$$_printf_percent$$00000009  c_w.l(_printf_d.o)
    0x0800026c   0x0800026c   0x00000006   Code   RO         4478    .ARM.Collect$$_printf_percent$$00000014  c_w.l(_printf_s.o)
    0x08000272   0x08000272   0x00000004   Code   RO         4556    .ARM.Collect$$_printf_percent$$00000017  c_w.l(_printf_percent_end.o)
    0x08000276   0x08000276   0x00000002   Code   RO         4693    .ARM.Collect$$libinit$$00000000  c_w.l(libinit.o)
    0x08000278   0x08000278   0x00000004   Code   RO         4694    .ARM.Collect$$libinit$$00000001  c_w.l(libinit2.o)
    0x0800027c   0x0800027c   0x00000000   Code   RO         4697    .ARM.Collect$$libinit$$00000004  c_w.l(libinit2.o)
    0x0800027c   0x0800027c   0x00000000   Code   RO         4700    .ARM.Collect$$libinit$$0000000A  c_w.l(libinit2.o)
    0x0800027c   0x0800027c   0x00000000   Code   RO         4702    .ARM.Collect$$libinit$$0000000C  c_w.l(libinit2.o)
    0x0800027c   0x0800027c   0x00000000   Code   RO         4704    .ARM.Collect$$libinit$$0000000E  c_w.l(libinit2.o)
    0x0800027c   0x0800027c   0x00000006   Code   RO         4705    .ARM.Collect$$libinit$$0000000F  c_w.l(libinit2.o)
    0x08000282   0x08000282   0x00000000   Code   RO         4707    .ARM.Collect$$libinit$$00000011  c_w.l(libinit2.o)
    0x08000282   0x08000282   0x00000000   Code   RO         4709    .ARM.Collect$$libinit$$00000013  c_w.l(libinit2.o)
    0x08000282   0x08000282   0x00000000   Code   RO         4711    .ARM.Collect$$libinit$$00000015  c_w.l(libinit2.o)
    0x08000282   0x08000282   0x0000000a   Code   RO         4712    .ARM.Collect$$libinit$$00000016  c_w.l(libinit2.o)
    0x0800028c   0x0800028c   0x00000000   Code   RO         4713    .ARM.Collect$$libinit$$00000017  c_w.l(libinit2.o)
    0x0800028c   0x0800028c   0x00000000   Code   RO         4715    .ARM.Collect$$libinit$$00000019  c_w.l(libinit2.o)
    0x0800028c   0x0800028c   0x00000000   Code   RO         4717    .ARM.Collect$$libinit$$0000001B  c_w.l(libinit2.o)
    0x0800028c   0x0800028c   0x00000000   Code   RO         4719    .ARM.Collect$$libinit$$0000001D  c_w.l(libinit2.o)
    0x0800028c   0x0800028c   0x00000000   Code   RO         4721    .ARM.Collect$$libinit$$0000001F  c_w.l(libinit2.o)
    0x0800028c   0x0800028c   0x00000000   Code   RO         4723    .ARM.Collect$$libinit$$00000021  c_w.l(libinit2.o)
    0x0800028c   0x0800028c   0x00000000   Code   RO         4725    .ARM.Collect$$libinit$$00000023  c_w.l(libinit2.o)
    0x0800028c   0x0800028c   0x00000000   Code   RO         4727    .ARM.Collect$$libinit$$00000025  c_w.l(libinit2.o)
    0x0800028c   0x0800028c   0x00000000   Code   RO         4731    .ARM.Collect$$libinit$$0000002C  c_w.l(libinit2.o)
    0x0800028c   0x0800028c   0x00000000   Code   RO         4733    .ARM.Collect$$libinit$$0000002E  c_w.l(libinit2.o)
    0x0800028c   0x0800028c   0x00000000   Code   RO         4735    .ARM.Collect$$libinit$$00000030  c_w.l(libinit2.o)
    0x0800028c   0x0800028c   0x00000000   Code   RO         4737    .ARM.Collect$$libinit$$00000032  c_w.l(libinit2.o)
    0x0800028c   0x0800028c   0x00000002   Code   RO         4738    .ARM.Collect$$libinit$$00000033  c_w.l(libinit2.o)
    0x0800028e   0x0800028e   0x00000002   Code   RO         4766    .ARM.Collect$$libshutdown$$00000000  c_w.l(libshutdown.o)
    0x08000290   0x08000290   0x00000000   Code   RO         4775    .ARM.Collect$$libshutdown$$00000002  c_w.l(libshutdown2.o)
    0x08000290   0x08000290   0x00000000   Code   RO         4777    .ARM.Collect$$libshutdown$$00000004  c_w.l(libshutdown2.o)
    0x08000290   0x08000290   0x00000000   Code   RO         4780    .ARM.Collect$$libshutdown$$00000007  c_w.l(libshutdown2.o)
    0x08000290   0x08000290   0x00000000   Code   RO         4783    .ARM.Collect$$libshutdown$$0000000A  c_w.l(libshutdown2.o)
    0x08000290   0x08000290   0x00000000   Code   RO         4785    .ARM.Collect$$libshutdown$$0000000C  c_w.l(libshutdown2.o)
    0x08000290   0x08000290   0x00000000   Code   RO         4788    .ARM.Collect$$libshutdown$$0000000F  c_w.l(libshutdown2.o)
    0x08000290   0x08000290   0x00000002   Code   RO         4789    .ARM.Collect$$libshutdown$$00000010  c_w.l(libshutdown2.o)
    0x08000292   0x08000292   0x00000000   Code   RO         4541    .ARM.Collect$$rtentry$$00000000  c_w.l(__rtentry.o)
    0x08000292   0x08000292   0x00000000   Code   RO         4599    .ARM.Collect$$rtentry$$00000002  c_w.l(__rtentry2.o)
    0x08000292   0x08000292   0x00000006   Code   RO         4611    .ARM.Collect$$rtentry$$00000004  c_w.l(__rtentry4.o)
    0x08000298   0x08000298   0x00000000   Code   RO         4601    .ARM.Collect$$rtentry$$00000009  c_w.l(__rtentry2.o)
    0x08000298   0x08000298   0x00000004   Code   RO         4602    .ARM.Collect$$rtentry$$0000000A  c_w.l(__rtentry2.o)
    0x0800029c   0x0800029c   0x00000000   Code   RO         4604    .ARM.Collect$$rtentry$$0000000C  c_w.l(__rtentry2.o)
    0x0800029c   0x0800029c   0x00000008   Code   RO         4605    .ARM.Collect$$rtentry$$0000000D  c_w.l(__rtentry2.o)
    0x080002a4   0x080002a4   0x00000002   Code   RO         4739    .ARM.Collect$$rtexit$$00000000  c_w.l(rtexit.o)
    0x080002a6   0x080002a6   0x00000000   Code   RO         4746    .ARM.Collect$$rtexit$$00000002  c_w.l(rtexit2.o)
    0x080002a6   0x080002a6   0x00000004   Code   RO         4747    .ARM.Collect$$rtexit$$00000003  c_w.l(rtexit2.o)
    0x080002aa   0x080002aa   0x00000006   Code   RO         4748    .ARM.Collect$$rtexit$$00000004  c_w.l(rtexit2.o)
    0x080002b0   0x080002b0   0x000000b6   Code   RO         2079    .emb_text           port.o
    0x08000366   0x08000366   0x00000002   PAD
    0x08000368   0x08000368   0x00000040   Code   RO            4    .text               startup_stm32f427_437xx.o
    0x080003a8   0x080003a8   0x00000002   Code   RO         4441    .text               c_w.l(use_no_semi_2.o)
    0x080003aa   0x080003aa   0x00000002   PAD
    0x080003ac   0x080003ac   0x00000018   Code   RO         4447    .text               c_w.l(noretval__2printf.o)
    0x080003c4   0x080003c4   0x00000068   Code   RO         4451    .text               c_w.l(__printf.o)
    0x0800042c   0x0800042c   0x00000052   Code   RO         4453    .text               c_w.l(_printf_str.o)
    0x0800047e   0x0800047e   0x00000002   PAD
    0x08000480   0x08000480   0x00000078   Code   RO         4455    .text               c_w.l(_printf_dec.o)
    0x080004f8   0x080004f8   0x00000064   Code   RO         4489    .text               c_w.l(rt_memcpy_w.o)
    0x0800055c   0x0800055c   0x00000010   Code   RO         4491    .text               c_w.l(aeabi_memset.o)
    0x0800056c   0x0800056c   0x00000006   Code   RO         4493    .text               c_w.l(heapauxi.o)
    0x08000572   0x08000572   0x00000002   Code   RO         4539    .text               c_w.l(use_no_semi.o)
    0x08000574   0x08000574   0x000000b2   Code   RO         4544    .text               c_w.l(_printf_intcommon.o)
    0x08000626   0x08000626   0x0000041e   Code   RO         4546    .text               c_w.l(_printf_fp_dec.o)
    0x08000a44   0x08000a44   0x00000030   Code   RO         4548    .text               c_w.l(_printf_char_common.o)
    0x08000a74   0x08000a74   0x0000002c   Code   RO         4552    .text               c_w.l(_printf_char.o)
    0x08000aa0   0x08000aa0   0x00000024   Code   RO         4554    .text               c_w.l(_printf_char_file.o)
    0x08000ac4   0x08000ac4   0x00000044   Code   RO         4557    .text               c_w.l(rt_memclr.o)
    0x08000b08   0x08000b08   0x00000008   Code   RO         4616    .text               c_w.l(rt_locale_intlibspace.o)
    0x08000b10   0x08000b10   0x0000008a   Code   RO         4623    .text               c_w.l(lludiv10.o)
    0x08000b9a   0x08000b9a   0x00000002   PAD
    0x08000b9c   0x08000b9c   0x00000080   Code   RO         4625    .text               c_w.l(_printf_fp_infnan.o)
    0x08000c1c   0x08000c1c   0x000000e4   Code   RO         4629    .text               c_w.l(bigflt0.o)
    0x08000d00   0x08000d00   0x00000008   Code   RO         4654    .text               c_w.l(ferror.o)
    0x08000d08   0x08000d08   0x0000004e   Code   RO         4661    .text               c_w.l(rt_memclr_w.o)
    0x08000d56   0x08000d56   0x00000002   PAD
    0x08000d58   0x08000d58   0x00000008   Code   RO         4679    .text               c_w.l(libspace.o)
    0x08000d60   0x08000d60   0x0000004a   Code   RO         4682    .text               c_w.l(sys_stackheap_outer.o)
    0x08000daa   0x08000daa   0x00000012   Code   RO         4684    .text               c_w.l(exit.o)
    0x08000dbc   0x08000dbc   0x00000080   Code   RO         4686    .text               c_w.l(strcmpv7m.o)
    0x08000e3c   0x08000e3c   0x0000003e   Code   RO         4632    CL$$btod_d2e        c_w.l(btod.o)
    0x08000e7a   0x08000e7a   0x00000046   Code   RO         4634    CL$$btod_d2e_denorm_low  c_w.l(btod.o)
    0x08000ec0   0x08000ec0   0x00000060   Code   RO         4633    CL$$btod_d2e_norm_op1  c_w.l(btod.o)
    0x08000f20   0x08000f20   0x00000338   Code   RO         4642    CL$$btod_div_common  c_w.l(btod.o)
    0x08001258   0x08001258   0x000000dc   Code   RO         4639    CL$$btod_e2e        c_w.l(btod.o)
    0x08001334   0x08001334   0x0000002a   Code   RO         4636    CL$$btod_ediv       c_w.l(btod.o)
    0x0800135e   0x0800135e   0x0000002a   Code   RO         4635    CL$$btod_emul       c_w.l(btod.o)
    0x08001388   0x08001388   0x00000244   Code   RO         4641    CL$$btod_mult_common  c_w.l(btod.o)
    0x080015cc   0x080015cc   0x00000026   Code   RO         3010    i.BaseHardwork_Init  main.o
    0x080015f2   0x080015f2   0x00000002   PAD
    0x080015f4   0x080015f4   0x000000a4   Code   RO         3269    i.Beep_Init         beep.o
    0x08001698   0x08001698   0x00000010   Code   RO         3270    i.Beep_OFF          beep.o
    0x080016a8   0x080016a8   0x00000010   Code   RO         3271    i.Beep_ON           beep.o
    0x080016b8   0x080016b8   0x00000004   Code   RO         3172    i.BusFault_Handler  stm32f4xx_it.o
    0x080016bc   0x080016bc   0x00000124   Code   RO         3847    i.CAN1_Init         can.o
    0x080017e0   0x080017e0   0x0000017c   Code   RO         3848    i.CAN1_RX0_IRQHandler  can.o
    0x0800195c   0x0800195c   0x00000088   Code   RO         3849    i.CAN1_TX_Chassis   can.o
    0x080019e4   0x080019e4   0x00000024   Code   RO         3850    i.CAN1_TX_IRQHandler  can.o
    0x08001a08   0x08001a08   0x00000098   Code   RO         3851    i.CAN1_TX_PTZ       can.o
    0x08001aa0   0x08001aa0   0x000000a8   Code   RO          169    i.CAN_ClearITPendingBit  stm32f4xx_can.o
    0x08001b48   0x08001b48   0x00000038   Code   RO          171    i.CAN_DeInit        stm32f4xx_can.o
    0x08001b80   0x08001b80   0x00000108   Code   RO          173    i.CAN_FilterInit    stm32f4xx_can.o
    0x08001c88   0x08001c88   0x00000120   Code   RO          175    i.CAN_GetITStatus   stm32f4xx_can.o
    0x08001da8   0x08001da8   0x00000012   Code   RO          179    i.CAN_ITConfig      stm32f4xx_can.o
    0x08001dba   0x08001dba   0x00000114   Code   RO          180    i.CAN_Init          stm32f4xx_can.o
    0x08001ece   0x08001ece   0x000000f0   Code   RO          183    i.CAN_Receive       stm32f4xx_can.o
    0x08001fbe   0x08001fbe   0x00000020   Code   RO          186    i.CAN_StructInit    stm32f4xx_can.o
    0x08001fde   0x08001fde   0x00000126   Code   RO          188    i.CAN_Transmit      stm32f4xx_can.o
    0x08002104   0x08002104   0x00000154   Code   RO         4170    i.Chassis_Control   chassis.o
    0x08002258   0x08002258   0x0000004c   Code   RO         4171    i.Chassis_Control_Task  chassis.o
    0x080022a4   0x080022a4   0x00000040   Code   RO         4179    i.Chassis_Run       chassis.o
    0x080022e4   0x080022e4   0x00000104   Code   RO         4180    i.Chassis_Run_PowerLimit  chassis.o
    0x080023e8   0x080023e8   0x00000048   Code   RO         4181    i.Chassis_Swing     chassis.o
    0x08002430   0x08002430   0x0000023c   Code   RO         4184    i.Chassis_Swing_Short_NumLimit  chassis.o
    0x0800266c   0x0800266c   0x00000214   Code   RO         4186    i.Chassis_Turn_Position  chassis.o
    0x08002880   0x08002880   0x00000012   Code   RO          191    i.CheckITStatus     stm32f4xx_can.o
    0x08002892   0x08002892   0x00000002   PAD
    0x08002894   0x08002894   0x0000003c   Code   RO         3626    i.DMA1_Stream0_IRQHandler  usart.o
    0x080028d0   0x080028d0   0x0000003c   Code   RO         3627    i.DMA2_Stream7_IRQHandler  usart.o
    0x0800290c   0x0800290c   0x00000034   Code   RO          330    i.DMA_ClearFlag     stm32f4xx_dma.o
    0x08002940   0x08002940   0x00000034   Code   RO          331    i.DMA_ClearITPendingBit  stm32f4xx_dma.o
    0x08002974   0x08002974   0x00000016   Code   RO          332    i.DMA_Cmd           stm32f4xx_dma.o
    0x0800298a   0x0800298a   0x00000002   PAD
    0x0800298c   0x0800298c   0x00000158   Code   RO          333    i.DMA_DeInit        stm32f4xx_dma.o
    0x08002ae4   0x08002ae4   0x00000016   Code   RO          334    i.DMA_DoubleBufferModeCmd  stm32f4xx_dma.o
    0x08002afa   0x08002afa   0x00000018   Code   RO          335    i.DMA_DoubleBufferModeConfig  stm32f4xx_dma.o
    0x08002b12   0x08002b12   0x00000008   Code   RO          338    i.DMA_GetCurrDataCounter  stm32f4xx_dma.o
    0x08002b1a   0x08002b1a   0x00000014   Code   RO          339    i.DMA_GetCurrentMemoryTarget  stm32f4xx_dma.o
    0x08002b2e   0x08002b2e   0x00000002   PAD
    0x08002b30   0x08002b30   0x00000064   Code   RO          342    i.DMA_GetITStatus   stm32f4xx_dma.o
    0x08002b94   0x08002b94   0x0000003a   Code   RO          343    i.DMA_ITConfig      stm32f4xx_dma.o
    0x08002bce   0x08002bce   0x00000002   PAD
    0x08002bd0   0x08002bd0   0x00000058   Code   RO          344    i.DMA_Init          stm32f4xx_dma.o
    0x08002c28   0x08002c28   0x00000004   Code   RO          347    i.DMA_SetCurrDataCounter  stm32f4xx_dma.o
    0x08002c2c   0x08002c2c   0x00000022   Code   RO          348    i.DMA_StructInit    stm32f4xx_dma.o
    0x08002c4e   0x08002c4e   0x00000002   PAD
    0x08002c50   0x08002c50   0x00000014   Code   RO         3803    i.DR16_InitConfig   dr16.o
    0x08002c64   0x08002c64   0x00000002   Code   RO         3173    i.DebugMon_Handler  stm32f4xx_it.o
    0x08002c66   0x08002c66   0x00000002   PAD
    0x08002c68   0x08002c68   0x000000d8   Code   RO         3628    i.Down_To_Up_Decode_Task  usart.o
    0x08002d40   0x08002d40   0x00000040   Code   RO         4364    i.EXTI9_5_IRQHandler  imu.o
    0x08002d80   0x08002d80   0x0000000c   Code   RO          459    i.EXTI_ClearITPendingBit  stm32f4xx_exti.o
    0x08002d8c   0x08002d8c   0x00000018   Code   RO          463    i.EXTI_GetITStatus  stm32f4xx_exti.o
    0x08002da4   0x08002da4   0x00000094   Code   RO          464    i.EXTI_Init         stm32f4xx_exti.o
    0x08002e38   0x08002e38   0x00000124   Code   RO         4024    i.Enemy_Alive_Judge  referee_system.o
    0x08002f5c   0x08002f5c   0x000000e0   Code   RO         4025    i.Enemy_Sort        referee_system.o
    0x0800303c   0x0800303c   0x00000090   Code   RO          521    i.GPIO_Init         stm32f4xx_gpio.o
    0x080030cc   0x080030cc   0x00000046   Code   RO          522    i.GPIO_PinAFConfig  stm32f4xx_gpio.o
    0x08003112   0x08003112   0x00000012   Code   RO          525    i.GPIO_ReadInputDataBit  stm32f4xx_gpio.o
    0x08003124   0x08003124   0x00000004   Code   RO          528    i.GPIO_ResetBits    stm32f4xx_gpio.o
    0x08003128   0x08003128   0x00000004   Code   RO          529    i.GPIO_SetBits      stm32f4xx_gpio.o
    0x0800312c   0x0800312c   0x00000008   Code   RO          531    i.GPIO_ToggleBits   stm32f4xx_gpio.o
    0x08003134   0x08003134   0x00000034   Code   RO         3334    i.Get_CRC16_Check_Sum  crc.o
    0x08003168   0x08003168   0x00000004   Code   RO         3174    i.HardFault_Handler  stm32f4xx_it.o
    0x0800316c   0x0800316c   0x00000110   Code   RO         3771    i.Heart_Task        led.o
    0x0800327c   0x0800327c   0x00000088   Code   RO         4320    i.Heat_Control      tim7.o
    0x08003304   0x08003304   0x00000094   Code   RO         4321    i.Heat_Judge        tim7.o
    0x08003398   0x08003398   0x00000160   Code   RO         4365    i.IMU_Get_Data      imu.o
    0x080034f8   0x080034f8   0x00000022   Code   RO         4366    i.IMU_Get_Data_Task  imu.o
    0x0800351a   0x0800351a   0x00000002   PAD
    0x0800351c   0x0800351c   0x00000090   Code   RO         4367    i.IMU_Init          imu.o
    0x080035ac   0x080035ac   0x00000038   Code   RO         3401    i.Infrared_Sensor_Init  sensor.o
    0x080035e4   0x080035e4   0x00000084   Code   RO         4026    i.JudgeSys_DMA_InitConfig  referee_system.o
    0x08003668   0x08003668   0x0000001c   Code   RO         4027    i.JudgeSys_Init     referee_system.o
    0x08003684   0x08003684   0x00000090   Code   RO         4028    i.Judge_Data_Process  referee_system.o
    0x08003714   0x08003714   0x0000007c   Code   RO         3772    i.LED_Init          led.o
    0x08003790   0x08003790   0x00000040   Code   RO         3312    i.Laser_InitConfig  laser.o
    0x080037d0   0x080037d0   0x000000ec   Code   RO         4368    i.MPU6500_Gyro_Cali  imu.o
    0x080038bc   0x080038bc   0x0000002c   Code   RO         4369    i.MPU6500_Read_Reg  imu.o
    0x080038e8   0x080038e8   0x00000036   Code   RO         4370    i.MPU6500_Read_Regs  imu.o
    0x0800391e   0x0800391e   0x00000002   PAD
    0x08003920   0x08003920   0x0000002c   Code   RO         4371    i.MPU6500_Write_Reg  imu.o
    0x0800394c   0x0800394c   0x00000084   Code   RO         4372    i.MPU_6500_Interrupt_InitConfig  imu.o
    0x080039d0   0x080039d0   0x00000004   Code   RO         3175    i.MemManage_Handler  stm32f4xx_it.o
    0x080039d4   0x080039d4   0x0000006c   Code   RO         4123    i.MoCaLun_Close_3508  shoot.o
    0x08003a40   0x08003a40   0x00000078   Code   RO         4124    i.MoCaLun_Open_3508  shoot.o
    0x08003ab8   0x08003ab8   0x00000002   Code   RO         3176    i.NMI_Handler       stm32f4xx_it.o
    0x08003aba   0x08003aba   0x00000002   PAD
    0x08003abc   0x08003abc   0x00000200   Code   RO         3629    i.NUC_Decode_Task   usart.o
    0x08003cbc   0x08003cbc   0x000001e8   Code   RO         3630    i.NUC_Init          usart.o
    0x08003ea4   0x08003ea4   0x00000078   Code   RO           12    i.NVIC_Init         misc.o
    0x08003f1c   0x08003f1c   0x00000014   Code   RO           13    i.NVIC_PriorityGroupConfig  misc.o
    0x08003f30   0x08003f30   0x000000b4   Code   RO         3911    i.PID_Init_CHASSIS  pid.o
    0x08003fe4   0x08003fe4   0x000009a8   Code   RO         3912    i.PID_Init_PTZ      pid.o
    0x0800498c   0x0800498c   0x00000314   Code   RO         3913    i.PID_Init_SHOOT    pid.o
    0x08004ca0   0x08004ca0   0x00000148   Code   RO         3955    i.PTZ_Angle_Init    ptz.o
    0x08004de8   0x08004de8   0x0000001c   Code   RO         3956    i.PTZ_Angle_Value_Init  ptz.o
    0x08004e04   0x08004e04   0x000001c0   Code   RO         3957    i.PTZ_Auto_No_Limit  ptz.o
    0x08004fc4   0x08004fc4   0x00000208   Code   RO         3958    i.PTZ_Control_Hand  ptz.o
    0x080051cc   0x080051cc   0x000000c0   Code   RO         3959    i.PTZ_Control_Task  ptz.o
    0x0800528c   0x0800528c   0x00000018   Code   RO         3960    i.PTZ_Init          ptz.o
    0x080052a4   0x080052a4   0x000000cc   Code   RO         3961    i.P_Swing           ptz.o
    0x08005370   0x08005370   0x00000300   Code   RO         3914    i.Pid_Calc          pid.o
    0x08005670   0x08005670   0x000000a0   Code   RO         3852    i.Position_2_Direction_Judge  can.o
    0x08005710   0x08005710   0x000000ec   Code   RO         3853    i.Position_Direction_Judge  can.o
    0x080057fc   0x080057fc   0x00000020   Code   RO          618    i.RCC_AHB1PeriphClockCmd  stm32f4xx_rcc.o
    0x0800581c   0x0800581c   0x00000020   Code   RO          627    i.RCC_APB1PeriphClockCmd  stm32f4xx_rcc.o
    0x0800583c   0x0800583c   0x00000020   Code   RO          629    i.RCC_APB1PeriphResetCmd  stm32f4xx_rcc.o
    0x0800585c   0x0800585c   0x00000020   Code   RO          630    i.RCC_APB2PeriphClockCmd  stm32f4xx_rcc.o
    0x0800587c   0x0800587c   0x00000020   Code   RO          632    i.RCC_APB2PeriphResetCmd  stm32f4xx_rcc.o
    0x0800589c   0x0800589c   0x000000e8   Code   RO          639    i.RCC_GetClocksFreq  stm32f4xx_rcc.o
    0x08005984   0x08005984   0x0000014c   Code   RO         3804    i.RC_Init           dr16.o
    0x08005ad0   0x08005ad0   0x0000075c   Code   RO         4029    i.RefereeInfo_Decode  referee_system.o
    0x0800622c   0x0800622c   0x000000a0   Code   RO         4030    i.Referee_System_Task  referee_system.o
    0x080062cc   0x080062cc   0x000000c0   Code   RO         3805    i.SBUS_TO_RC        dr16.o
    0x0800638c   0x0800638c   0x00000764   Code   RO         4125    i.SHOOT_Control_Task  shoot.o
    0x08006af0   0x08006af0   0x00000038   Code   RO         3495    i.SPI5_ReadWriteByte  spi.o
    0x08006b28   0x08006b28   0x00000018   Code   RO         1826    i.SPI_Cmd           stm32f4xx_spi.o
    0x08006b40   0x08006b40   0x000000e0   Code   RO         3496    i.SPI_GPIO_InitConfig  spi.o
    0x08006c20   0x08006c20   0x00000012   Code   RO         1834    i.SPI_I2S_GetFlagStatus  stm32f4xx_spi.o
    0x08006c32   0x08006c32   0x00000006   Code   RO         1837    i.SPI_I2S_ReceiveData  stm32f4xx_spi.o
    0x08006c38   0x08006c38   0x00000004   Code   RO         1838    i.SPI_I2S_SendData  stm32f4xx_spi.o
    0x08006c3c   0x08006c3c   0x0000003c   Code   RO         1839    i.SPI_Init          stm32f4xx_spi.o
    0x08006c78   0x08006c78   0x00000040   Code   RO          955    i.SYSCFG_EXTILineConfig  stm32f4xx_syscfg.o
    0x08006cb8   0x08006cb8   0x00000010   Code   RO         3402    i.Sensor_Init       sensor.o
    0x08006cc8   0x08006cc8   0x00000120   Code   RO         3231    i.SetSysClock       system_stm32f4xx.o
    0x08006de8   0x08006de8   0x000000a0   Code   RO         3553    i.Severo_Init       severo.o
    0x08006e88   0x08006e88   0x00000018   Code   RO         3554    i.Shoot_Allow       severo.o
    0x08006ea0   0x08006ea0   0x00000018   Code   RO         3555    i.Shoot_Forbid      severo.o
    0x08006eb8   0x08006eb8   0x0000001c   Code   RO         4126    i.Shoot_Init        shoot.o
    0x08006ed4   0x08006ed4   0x00000184   Code   RO         4188    i.Swing_Now_Section  chassis.o
    0x08007058   0x08007058   0x00000028   Code   RO           16    i.SysTick_CLKSourceConfig  misc.o
    0x08007080   0x08007080   0x00000010   Code   RO         3177    i.SysTick_Handler   stm32f4xx_it.o
    0x08007090   0x08007090   0x00000068   Code   RO         3233    i.SystemInit        system_stm32f4xx.o
    0x080070f8   0x080070f8   0x0000003a   Code   RO         1008    i.TI1_Config        stm32f4xx_tim.o
    0x08007132   0x08007132   0x00000050   Code   RO         1009    i.TI2_Config        stm32f4xx_tim.o
    0x08007182   0x08007182   0x00000048   Code   RO         1010    i.TI3_Config        stm32f4xx_tim.o
    0x080071ca   0x080071ca   0x00000050   Code   RO         1011    i.TI4_Config        stm32f4xx_tim.o
    0x0800721a   0x0800721a   0x00000002   PAD
    0x0800721c   0x0800721c   0x000000bc   Code   RO         3404    i.TIM2_IRQHandler   sensor.o
    0x080072d8   0x080072d8   0x000000c0   Code   RO         3405    i.TIM5_CH4_Cap_Init  sensor.o
    0x08007398   0x08007398   0x000000bc   Code   RO         3406    i.TIM5_IRQHandler   sensor.o
    0x08007454   0x08007454   0x00000028   Code   RO         3521    i.TIM6_DAC_IRQHandler  tim6.o
    0x0800747c   0x0800747c   0x00000188   Code   RO         4322    i.TIM7_IRQHandler   tim7.o
    0x08007604   0x08007604   0x00000018   Code   RO         1012    i.TIM_ARRPreloadConfig  stm32f4xx_tim.o
    0x0800761c   0x0800761c   0x00000006   Code   RO         1019    i.TIM_ClearITPendingBit  stm32f4xx_tim.o
    0x08007622   0x08007622   0x00000018   Code   RO         1024    i.TIM_Cmd           stm32f4xx_tim.o
    0x0800763a   0x0800763a   0x00000006   Code   RO         1042    i.TIM_GetCapture4   stm32f4xx_tim.o
    0x08007640   0x08007640   0x00000022   Code   RO         1045    i.TIM_GetITStatus   stm32f4xx_tim.o
    0x08007662   0x08007662   0x0000006e   Code   RO         1047    i.TIM_ICInit        stm32f4xx_tim.o
    0x080076d0   0x080076d0   0x00000012   Code   RO         1049    i.TIM_ITConfig      stm32f4xx_tim.o
    0x080076e2   0x080076e2   0x00000002   PAD
    0x080076e4   0x080076e4   0x0000007c   Code   RO         1053    i.TIM_OC1Init       stm32f4xx_tim.o
    0x08007760   0x08007760   0x00000012   Code   RO         1056    i.TIM_OC1PreloadConfig  stm32f4xx_tim.o
    0x08007772   0x08007772   0x00000002   PAD
    0x08007774   0x08007774   0x00000078   Code   RO         1068    i.TIM_OC4Init       stm32f4xx_tim.o
    0x080077ec   0x080077ec   0x0000001a   Code   RO         1069    i.TIM_OC4PolarityConfig  stm32f4xx_tim.o
    0x08007806   0x08007806   0x0000001a   Code   RO         1070    i.TIM_OC4PreloadConfig  stm32f4xx_tim.o
    0x08007820   0x08007820   0x00000004   Code   RO         1086    i.TIM_SetCompare1   stm32f4xx_tim.o
    0x08007824   0x08007824   0x00000004   Code   RO         1089    i.TIM_SetCompare4   stm32f4xx_tim.o
    0x08007828   0x08007828   0x00000012   Code   RO         1091    i.TIM_SetIC1Prescaler  stm32f4xx_tim.o
    0x0800783a   0x0800783a   0x0000001a   Code   RO         1092    i.TIM_SetIC2Prescaler  stm32f4xx_tim.o
    0x08007854   0x08007854   0x00000012   Code   RO         1093    i.TIM_SetIC3Prescaler  stm32f4xx_tim.o
    0x08007866   0x08007866   0x0000001a   Code   RO         1094    i.TIM_SetIC4Prescaler  stm32f4xx_tim.o
    0x08007880   0x08007880   0x00000084   Code   RO         1096    i.TIM_TimeBaseInit  stm32f4xx_tim.o
    0x08007904   0x08007904   0x00000060   Code   RO         4323    i.Tick_TIM7_Init    tim7.o
    0x08007964   0x08007964   0x0000002c   Code   RO         3631    i.UART7_IRQHandler  usart.o
    0x08007990   0x08007990   0x000000b4   Code   RO         3632    i.UART7_Init        usart.o
    0x08007a44   0x08007a44   0x00000074   Code   RO         3633    i.UART8_IRQHandler  usart.o
    0x08007ab8   0x08007ab8   0x00000438   Code   RO         3634    i.UP_Send_NUC_Task  usart.o
    0x08007ef0   0x08007ef0   0x000000dc   Code   RO         3806    i.USART1_IRQHandler  dr16.o
    0x08007fcc   0x08007fcc   0x00000058   Code   RO         4032    i.USART3_IRQHandler  referee_system.o
    0x08008024   0x08008024   0x000000b4   Code   RO         4033    i.USART3_InitConfig  referee_system.o
    0x080080d8   0x080080d8   0x0000006c   Code   RO         3635    i.USART6_IRQHandler  usart.o
    0x08008144   0x08008144   0x000001f4   Code   RO         3636    i.USART8_Init       usart.o
    0x08008338   0x08008338   0x00000380   Code   RO         3637    i.USART8_Send_Task  usart.o
    0x080086b8   0x080086b8   0x00000012   Code   RO         1570    i.USART_ClearFlag   stm32f4xx_usart.o
    0x080086ca   0x080086ca   0x00000018   Code   RO         1574    i.USART_Cmd         stm32f4xx_usart.o
    0x080086e2   0x080086e2   0x00000012   Code   RO         1575    i.USART_DMACmd      stm32f4xx_usart.o
    0x080086f4   0x080086f4   0x000000f0   Code   RO         1576    i.USART_DeInit      stm32f4xx_usart.o
    0x080087e4   0x080087e4   0x0000001a   Code   RO         1577    i.USART_GetFlagStatus  stm32f4xx_usart.o
    0x080087fe   0x080087fe   0x00000054   Code   RO         1578    i.USART_GetITStatus  stm32f4xx_usart.o
    0x08008852   0x08008852   0x0000004a   Code   RO         1580    i.USART_ITConfig    stm32f4xx_usart.o
    0x0800889c   0x0800889c   0x000000d4   Code   RO         1581    i.USART_Init        stm32f4xx_usart.o
    0x08008970   0x08008970   0x0000000a   Code   RO         1588    i.USART_ReceiveData  stm32f4xx_usart.o
    0x0800897a   0x0800897a   0x00000008   Code   RO         1591    i.USART_SendData    stm32f4xx_usart.o
    0x08008982   0x08008982   0x00000002   PAD
    0x08008984   0x08008984   0x00000044   Code   RO         3407    i.Ultrasonic_Awake_Init  sensor.o
    0x080089c8   0x080089c8   0x00000004   Code   RO         3178    i.UsageFault_Handler  stm32f4xx_it.o
    0x080089cc   0x080089cc   0x00000040   Code   RO         3336    i.Verify_CRC16_Check_Sum  crc.o
    0x08008a0c   0x08008a0c   0x00000118   Code   RO         3962    i.Y_Swing           ptz.o
    0x08008b24   0x08008b24   0x00000030   Code   RO         4675    i.__ARM_fpclassify  m_wm.l(fpclassify.o)
    0x08008b54   0x08008b54   0x00000014   Code   RO         4521    i.__hardfp_fabs     m_wm.l(fabs.o)
    0x08008b68   0x08008b68   0x00000004   Code   RO         3638    i._sys_exit         usart.o
    0x08008b6c   0x08008b6c   0x0000000c   Code   RO         4034    i.bit32TObit8       referee_system.o
    0x08008b78   0x08008b78   0x00000018   Code   RO         4035    i.bit8TObit16       referee_system.o
    0x08008b90   0x08008b90   0x00000020   Code   RO         4036    i.bit8TObit32       referee_system.o
    0x08008bb0   0x08008bb0   0x00000044   Code   RO         2946    i.delay_init        delay.o
    0x08008bf4   0x08008bf4   0x00000040   Code   RO         2947    i.delay_ms          delay.o
    0x08008c34   0x08008c34   0x00000048   Code   RO         2948    i.delay_us          delay.o
    0x08008c7c   0x08008c7c   0x00000024   Code   RO         3640    i.fputc             usart.o
    0x08008ca0   0x08008ca0   0x00000018   Code   RO         3641    i.int8ToShort       usart.o
    0x08008cb8   0x08008cb8   0x00000020   Code   RO         3011    i.main              main.o
    0x08008cd8   0x08008cd8   0x00000098   Code   RO         2550    i.prvAddCurrentTaskToDelayedList  tasks.o
    0x08008d70   0x08008d70   0x000000b8   Code   RO         2551    i.prvAddNewTaskToReadyList  tasks.o
    0x08008e28   0x08008e28   0x00000048   Code   RO         2552    i.prvCheckTasksWaitingTermination  tasks.o
    0x08008e70   0x08008e70   0x00000012   Code   RO         2553    i.prvDeleteTCB      tasks.o
    0x08008e82   0x08008e82   0x00000002   PAD
    0x08008e84   0x08008e84   0x0000007c   Code   RO         1984    i.prvHeapInit       heap_4.o
    0x08008f00   0x08008f00   0x00000028   Code   RO         2554    i.prvIdleTask       tasks.o
    0x08008f28   0x08008f28   0x000000e4   Code   RO         2555    i.prvInitialiseNewTask  tasks.o
    0x0800900c   0x0800900c   0x00000068   Code   RO         2556    i.prvInitialiseTaskLists  tasks.o
    0x08009074   0x08009074   0x00000068   Code   RO         1985    i.prvInsertBlockIntoFreeList  heap_4.o
    0x080090dc   0x080090dc   0x00000034   Code   RO         2558    i.prvResetNextTaskUnblockTime  tasks.o
    0x08009110   0x08009110   0x00000070   Code   RO         2080    i.prvTaskExitError  port.o
    0x08009180   0x08009180   0x00000150   Code   RO         1986    i.pvPortMalloc      heap_4.o
    0x080092d0   0x080092d0   0x0000002c   Code   RO         2081    i.pxPortInitialiseStack  port.o
    0x080092fc   0x080092fc   0x0000000c   Code   RO         3643    i.shortTou8         usart.o
    0x08009308   0x08009308   0x0000002c   Code   RO         3594    i.startTask         app_task.o
    0x08009334   0x08009334   0x00000204   Code   RO         3595    i.start_task        app_task.o
    0x08009538   0x08009538   0x00000018   Code   RO         3644    i.u8ToShort         usart.o
    0x08009550   0x08009550   0x00000074   Code   RO         2563    i.ulTaskNotifyTake  tasks.o
    0x080095c4   0x080095c4   0x00000028   Code   RO         2297    i.uxListRemove      list.o
    0x080095ec   0x080095ec   0x0000001a   Code   RO         2298    i.vListInitialise   list.o
    0x08009606   0x08009606   0x00000006   Code   RO         2299    i.vListInitialiseItem  list.o
    0x0800960c   0x0800960c   0x00000034   Code   RO         2300    i.vListInsert       list.o
    0x08009640   0x08009640   0x00000018   Code   RO         2301    i.vListInsertEnd    list.o
    0x08009658   0x08009658   0x00000084   Code   RO         2083    i.vPortEnterCritical  port.o
    0x080096dc   0x080096dc   0x0000006c   Code   RO         2084    i.vPortExitCritical  port.o
    0x08009748   0x08009748   0x000000b4   Code   RO         1987    i.vPortFree         heap_4.o
    0x080097fc   0x080097fc   0x00000020   Code   RO         2085    i.vPortSetupTimerInterrupt  port.o
    0x0800981c   0x0800981c   0x0000009c   Code   RO         2086    i.vPortValidateInterruptPriority  port.o
    0x080098b8   0x080098b8   0x00000078   Code   RO         2570    i.vTaskDelay        tasks.o
    0x08009930   0x08009930   0x00000110   Code   RO         2572    i.vTaskDelete       tasks.o
    0x08009a40   0x08009a40   0x00000104   Code   RO         2579    i.vTaskNotifyGiveFromISR  tasks.o
    0x08009b44   0x08009b44   0x000000b0   Code   RO         2588    i.vTaskStartScheduler  tasks.o
    0x08009bf4   0x08009bf4   0x00000010   Code   RO         2590    i.vTaskSuspendAll   tasks.o
    0x08009c04   0x08009c04   0x000000ec   Code   RO         2591    i.vTaskSwitchContext  tasks.o
    0x08009cf0   0x08009cf0   0x00000158   Code   RO         2087    i.xPortStartScheduler  port.o
    0x08009e48   0x08009e48   0x00000034   Code   RO         2088    i.xPortSysTickHandler  port.o
    0x08009e7c   0x08009e7c   0x00000060   Code   RO         2593    i.xTaskCreate       tasks.o
    0x08009edc   0x08009edc   0x00000020   Code   RO         2597    i.xTaskGetSchedulerState  tasks.o
    0x08009efc   0x08009efc   0x00000164   Code   RO         2600    i.xTaskIncrementTick  tasks.o
    0x0800a060   0x0800a060   0x00000124   Code   RO         2606    i.xTaskResumeAll    tasks.o
    0x0800a184   0x0800a184   0x0000002c   Code   RO         4659    locale$$code        c_w.l(lc_numeric_c.o)
    0x0800a1b0   0x0800a1b0   0x00000018   Code   RO         4561    x$fpl$dcmpinf       fz_wm.l(dcmpi.o)
    0x0800a1c8   0x0800a1c8   0x00000078   Code   RO         4503    x$fpl$deqf          fz_wm.l(deqf.o)
    0x0800a240   0x0800a240   0x00000078   Code   RO         4509    x$fpl$dleqf         fz_wm.l(dleqf.o)
    0x0800a2b8   0x0800a2b8   0x0000009c   Code   RO         4563    x$fpl$dnaninf       fz_wm.l(dnaninf.o)
    0x0800a354   0x0800a354   0x0000000c   Code   RO         4565    x$fpl$dretinf       fz_wm.l(dretinf.o)
    0x0800a360   0x0800a360   0x0000006c   Code   RO         4513    x$fpl$drleqf        fz_wm.l(drleqf.o)
    0x0800a3cc   0x0800a3cc   0x00000056   Code   RO         4515    x$fpl$f2d           fz_wm.l(f2d.o)
    0x0800a422   0x0800a422   0x00000060   Code   RO         4517    x$fpl$ffltll        fz_wm.l(ffltll_clz.o)
    0x0800a482   0x0800a482   0x0000008c   Code   RO         4567    x$fpl$fnaninf       fz_wm.l(fnaninf.o)
    0x0800a50e   0x0800a50e   0x0000000a   Code   RO         4743    x$fpl$fpinit        fz_wm.l(fpinit.o)
    0x0800a518   0x0800a518   0x00000004   Code   RO         4519    x$fpl$printf1       fz_wm.l(printf1.o)
    0x0800a51c   0x0800a51c   0x00000000   Code   RO         4569    x$fpl$usenofp       fz_wm.l(usenofp.o)
    0x0800a51c   0x0800a51c   0x00000302   Data   RO         3338    .constdata          crc.o
    0x0800a81e   0x0800a81e   0x00000002   PAD
    0x0800a820   0x0800a820   0x00000014   Data   RO         4374    .constdata          imu.o
    0x0800a834   0x0800a834   0x00000094   Data   RO         4630    .constdata          c_w.l(bigflt0.o)
    0x0800a8c8   0x0800a8c8   0x00000020   Data   RO         4814    Region$$Table       anon$$obj.o
    0x0800a8e8   0x0800a8e8   0x0000001c   Data   RO         4658    locale$$data        c_w.l(lc_numeric_c.o)


    Execution Region RW_IRAM1 (Exec base: 0x20000000, Load base: 0x0800a904, Size: 0x0000a8b8, Max: 0x00030000, ABSOLUTE, COMPRESSED[0x000000ac])

    Exec Addr    Load Addr    Size         Type   Attr      Idx    E Section Name        Object

    0x20000000   COMPRESSED   0x00000010   Data   RW          671    .data               stm32f4xx_rcc.o
    0x20000010   COMPRESSED   0x00000018   Data   RW         1992    .data               heap_4.o
    0x20000028   COMPRESSED   0x0000000c   Data   RW         2089    .data               port.o
    0x20000034   COMPRESSED   0x00000044   Data   RW         2609    .data               tasks.o
    0x20000078   COMPRESSED   0x00000004   Data   RW         2950    .data               delay.o
    0x2000007c   COMPRESSED   0x00000014   Data   RW         3234    .data               system_stm32f4xx.o
    0x20000090   COMPRESSED   0x0000000a   Data   RW         3339    .data               crc.o
    0x2000009a   COMPRESSED   0x00000002   PAD
    0x2000009c   COMPRESSED   0x0000001c   Data   RW         3408    .data               sensor.o
    0x200000b8   COMPRESSED   0x00000004   Data   RW         3523    .data               tim6.o
    0x200000bc   COMPRESSED   0x0000000c   Data   RW         3557    .data               severo.o
    0x200000c8   COMPRESSED   0x0000002c   Data   RW         3596    .data               app_task.o
    0x200000f4   COMPRESSED   0x00000044   Data   RW         3646    .data               usart.o
    0x20000138   COMPRESSED   0x00000001   Data   RW         3773    .data               led.o
    0x20000139   COMPRESSED   0x00000001   PAD
    0x2000013a   COMPRESSED   0x00000004   Data   RW         3808    .data               dr16.o
    0x2000013e   COMPRESSED   0x00000002   PAD
    0x20000140   COMPRESSED   0x00000040   Data   RW         3855    .data               can.o
    0x20000180   COMPRESSED   0x0000002c   Data   RW         3964    .data               ptz.o
    0x200001ac   COMPRESSED   0x00000050   Data   RW         4038    .data               referee_system.o
    0x200001fc   COMPRESSED   0x00000024   Data   RW         4127    .data               shoot.o
    0x20000220   COMPRESSED   0x0000008e   Data   RW         4190    .data               chassis.o
    0x200002ae   COMPRESSED   0x00000002   PAD
    0x200002b0   COMPRESSED   0x00000034   Data   RW         4324    .data               tim7.o
    0x200002e4   COMPRESSED   0x00000008   Data   RW         4375    .data               imu.o
    0x200002ec        -       0x00009000   Zero   RW         1991    .bss                heap_4.o
    0x200092ec        -       0x000002e4   Zero   RW         2608    .bss                tasks.o
    0x200095d0        -       0x00000064   Zero   RW         3645    .bss                usart.o
    0x20009634        -       0x0000005e   Zero   RW         3807    .bss                dr16.o
    0x20009692        -       0x00000046   Zero   RW         3854    .bss                can.o
    0x200096d8        -       0x000006e8   Zero   RW         3915    .bss                pid.o
    0x20009dc0        -       0x00000014   Zero   RW         3963    .bss                ptz.o
    0x20009dd4        -       0x000003f8   Zero   RW         4037    .bss                referee_system.o
    0x2000a1cc   COMPRESSED   0x00000004   PAD
    0x2000a1d0        -       0x00000088   Zero   RW         4373    .bss                imu.o
    0x2000a258        -       0x00000060   Zero   RW         4680    .bss                c_w.l(libspace.o)
    0x2000a2b8        -       0x00000200   Zero   RW            2    HEAP                startup_stm32f427_437xx.o
    0x2000a4b8        -       0x00000400   Zero   RW            1    STACK               startup_stm32f427_437xx.o


==============================================================================

Image component sizes


      Code (inc. data)   RO Data    RW Data    ZI Data      Debug   Object Name

       560        302          0         44          0       2086   app_task.o
       196         18          0          0          0       1673   beep.o
      1392        168          0         64         70       6590   can.o
      2304        218          0        142          0      11493   chassis.o
       116         10        770         10          0       2332   crc.o
       204         18          0          4          0       2067   delay.o
       764         50          0          4         94       4174   dr16.o
       744        168          0         24      36864      15735   heap_4.o
      1104        102         20          8        136      11113   imu.o
        64          4          0          0          0        563   laser.o
       396        168          0          1          0       1462   led.o
       148          0          0          0          0       3410   list.o
        70          4          0          0          0       1599   main.o
       180         24          0          0          0     321885   misc.o
      4208        292          0          0       1768       6248   pid.o
      1162        376          0         12          0      11033   port.o
      2024        274          0         44         20       6553   ptz.o
      3200        266          0         80       1016      14896   referee_system.o
       708         80          0         28          0       4203   sensor.o
       208         28          0         12          0       2064   severo.o
      2148        174          0         36          0       3913   shoot.o
       280         14          0          0          0       1331   spi.o
        64         26        428          0       1536        892   startup_stm32f427_437xx.o
      1654         22          0          0          0       7764   stm32f4xx_can.o
       828         72          0          0          0       9638   stm32f4xx_dma.o
       184         16          0          0          0       2168   stm32f4xx_exti.o
       248          0          0          0          0       4221   stm32f4xx_gpio.o
        36          0          0          0          0       3355   stm32f4xx_it.o
       392         48          0         16          0       5969   stm32f4xx_rcc.o
       112          0          0          0          0       3618   stm32f4xx_spi.o
        64          4          0          0          0        676   stm32f4xx_syscfg.o
      1054         46          0          0          0      15614   stm32f4xx_tim.o
       714         42          0          0          0       7561   stm32f4xx_usart.o
       392         32          0         20          0       1861   system_stm32f4xx.o
      2822        686          0         68        740      25844   tasks.o
        40          8          0          4          0       1052   tim6.o
       772        118          0         52          0       3500   tim7.o
      4360        444          0         68        100      16013   usart.o

    ----------------------------------------------------------------------
     35948       4322       1252        748      42348     546169   Object Totals
         0          0         32          0          0          0   (incl. Generated)
        32          0          2          7          4          0   (incl. Padding)

    ----------------------------------------------------------------------

      Code (inc. data)   RO Data    RW Data    ZI Data      Debug   Library Member Name

        90          0          0          0          0          0   __dczerorl2.o
         8          0          0          0          0         68   __main.o
       104          0          0          0          0         84   __printf.o
         0          0          0          0          0          0   __rtentry.o
        12          0          0          0          0          0   __rtentry2.o
         6          0          0          0          0          0   __rtentry4.o
        52          8          0          0          0          0   __scatter.o
        28          0          0          0          0          0   __scatter_zi.o
        44          0          0          0          0        108   _printf_char.o
        48          6          0          0          0         96   _printf_char_common.o
        36          4          0          0          0         80   _printf_char_file.o
         6          0          0          0          0          0   _printf_d.o
       120         16          0          0          0         92   _printf_dec.o
         6          0          0          0          0          0   _printf_f.o
      1054          0          0          0          0        216   _printf_fp_dec.o
       128         16          0          0          0         84   _printf_fp_infnan.o
       178          0          0          0          0         88   _printf_intcommon.o
         0          0          0          0          0          0   _printf_percent.o
         4          0          0          0          0          0   _printf_percent_end.o
         6          0          0          0          0          0   _printf_s.o
        82          0          0          0          0         80   _printf_str.o
        16          0          0          0          0         68   aeabi_memset.o
       228          4        148          0          0         96   bigflt0.o
      1936        128          0          0          0        672   btod.o
        18          0          0          0          0         80   exit.o
         8          0          0          0          0         68   ferror.o
         6          0          0          0          0        152   heapauxi.o
        44         10         28          0          0         76   lc_numeric_c.o
         2          0          0          0          0          0   libinit.o
        22          0          0          0          0          0   libinit2.o
         2          0          0          0          0          0   libshutdown.o
         2          0          0          0          0          0   libshutdown2.o
         8          4          0          0         96         68   libspace.o
       138          0          0          0          0         80   lludiv10.o
        24          4          0          0          0         84   noretval__2printf.o
         8          4          0          0          0         68   rt_locale_intlibspace.o
        68          0          0          0          0         68   rt_memclr.o
        78          0          0          0          0         80   rt_memclr_w.o
       100          0          0          0          0         80   rt_memcpy_w.o
         2          0          0          0          0          0   rtexit.o
        10          0          0          0          0          0   rtexit2.o
       128          0          0          0          0         68   strcmpv7m.o
        74          0          0          0          0         80   sys_stackheap_outer.o
         2          0          0          0          0         68   use_no_semi.o
         2          0          0          0          0         68   use_no_semi_2.o
        24          0          0          0          0        116   dcmpi.o
       120          4          0          0          0        140   deqf.o
       120          4          0          0          0        140   dleqf.o
       156          4          0          0          0        140   dnaninf.o
        12          0          0          0          0        116   dretinf.o
       108          0          0          0          0        128   drleqf.o
        86          4          0          0          0        132   f2d.o
        96          0          0          0          0        132   ffltll_clz.o
       140          4          0          0          0        132   fnaninf.o
        10          0          0          0          0        116   fpinit.o
         4          0          0          0          0        116   printf1.o
         0          0          0          0          0          0   usenofp.o
        20          0          0          0          0        124   fabs.o
        48          0          0          0          0        124   fpclassify.o

    ----------------------------------------------------------------------
      5892        224        176          0         96       4676   Library Totals
        10          0          0          0          0          0   (incl. Padding)

    ----------------------------------------------------------------------

      Code (inc. data)   RO Data    RW Data    ZI Data      Debug   Library Name

      4938        204        176          0         96       3020   c_w.l
       876         20          0          0          0       1408   fz_wm.l
        68          0          0          0          0        248   m_wm.l

    ----------------------------------------------------------------------
      5892        224        176          0         96       4676   Library Totals

    ----------------------------------------------------------------------

==============================================================================


      Code (inc. data)   RO Data    RW Data    ZI Data      Debug   

     41840       4546       1428        748      42444     526181   Grand Totals
     41840       4546       1428        172      42444     526181   ELF Image Totals (compressed)
     41840       4546       1428        172          0          0   ROM Totals

==============================================================================

    Total RO  Size (Code + RO Data)                43268 (  42.25kB)
    Total RW  Size (RW Data + ZI Data)             43192 (  42.18kB)
    Total ROM Size (Code + RO Data + RW Data)      43440 (  42.42kB)

==============================================================================

