<html>
<body>
<pre>
<h1>µVision Build Log</h1>
<h2>Tool Versions:</h2>
IDE-Version: ¦ÌVision V5.27.1.0
Copyright (C) 2019 ARM Ltd and ARM Germany GmbH. All rights reserved.
License Information: HAOJIE TANG, NJUST, LIC=TA3Y8-30YLZ-FZ6WU-SPZJA-ULX2I-EUC5I
 
Tool Versions:
Toolchain:       MDK-ARM Professional  Version: 5.27.1.0
Toolchain Path:  D:\Profession Software\MDK5\ARM\ARMCC\Bin
C Compiler:      Armcc.exe V5.06 update 6 (build 750)
Assembler:       Armasm.exe V5.06 update 6 (build 750)
Linker/Locator:  ArmLink.exe V5.06 update 6 (build 750)
Library Manager: ArmAr.exe V5.06 update 6 (build 750)
Hex Converter:   FromElf.exe V5.06 update 6 (build 750)
CPU DLL:         SARMCM3.DLL V5.27.1.0
Dialog DLL:      DCM.DLL V1.17.2.0
Target DLL:      Segger\JL2CM3.dll V2.99.35.0
Dialog DLL:      TCM.DLL V1.36.1.0
 
<h2>Project:</h2>
D:\PROJECT\RM-STM32f427\2021Sentry-2021\2021ÉÚ±øÏÂÖ÷°å³ÌÐòD(21)-\USER\Sentry2021_THJ.uvprojx
Project File Date:  05/18/2021

<h2>Output:</h2>
*** Using Compiler 'V5.06 update 6 (build 750)', folder: 'D:\Profession Software\MDK5\ARM\ARMCC\Bin'
Build target 'Sentry2021_THJ'
assembling startup_stm32f427_437xx.s...
compiling misc.c...
compiling stm32f4xx_syscfg.c...
compiling stm32f4xx_exti.c...
compiling stm32f4xx_gpio.c...
compiling stm32f4xx_spi.c...
compiling stm32f4xx_tim.c...
compiling stm32f4xx_usart.c...
compiling stm32f4xx_dma.c...
compiling stm32f4xx_can.c...
compiling heap_4.c...
compiling stm32f4xx_rcc.c...
compiling port.c...
compiling sys.c...
compiling list.c...
compiling croutine.c...
compiling delay.c...
compiling timers.c...
compiling system_stm32f4xx.c...
compiling event_groups.c...
compiling queue.c...
compiling stm32f4xx_it.c...
compiling LED.c...
compiling main.c...
compiling tasks.c...
compiling BEEP.c...
compiling SPI.c...
compiling Laser.c...
compiling APP_task.c...
compiling tim2.c...
compiling CAN.c...
compiling PTZ.c...
compiling SHOOT.c...
compiling IMU.c...
compiling DR16.c...
compiling PID.c...
compiling USART.c...
..\HARDWORK\USART.c(754): warning:  #177-D: variable "NUC_Start_Time"  was declared but never referenced
    static	uint16_t NUC_Start_Time=0;
..\HARDWORK\USART.c: 1 warning, 0 errors
compiling GENERAL.c...
compiling Severo.c...
linking...
Program Size: Code=27852 RO-data=480 RW-data=360 ZI-data=77944  
".\Objects\Sentry2021_THJ.axf" - 0 Error(s), 1 Warning(s).

<h2>Software Packages used:</h2>

Package Vendor: Keil
                http://www.keil.com/pack/Keil.STM32F4xx_DFP.2.13.0.pack
                Keil.STM32F4xx_DFP.2.13.0
                STMicroelectronics STM32F4 Series Device Support, Drivers and Examples

<h2>Collection of Component include folders:</h2>
  .\RTE\_Sentry2021_THJ
  D:\Profession Software\MDK5\PACK\Keil\STM32F4xx_DFP\2.13.0\Drivers\CMSIS\Device\ST\STM32F4xx\Include

<h2>Collection of Component Files used:</h2>
Build Time Elapsed:  00:00:07
</pre>
</body>
</html>
